Archive member included because of file (symbol)

C:/MATLAB/SupportPackages/R2015b/arduino-1.6.1/hardware/arduino/sam/variants/arduino_due_x/libsam_sam3x8e_gcc_rel.a(startup_sam3xa.o)
                              (Reset_Handler)
C:/MATLAB/SupportPackages/R2015b/arduino-1.6.1/hardware/arduino/sam/variants/arduino_due_x/libsam_sam3x8e_gcc_rel.a(uotghs.o)
                              C:/MATLAB/SupportPackages/R2015b/arduino-1.6.1/hardware/arduino/sam/variants/arduino_due_x/libsam_sam3x8e_gcc_rel.a(startup_sam3xa.o) (UOTGHS_Handler)
C:/MATLAB/SupportPackages/R2015b/arduino-1.6.1/hardware/arduino/sam/variants/arduino_due_x/libsam_sam3x8e_gcc_rel.a(pio.o)
                              wiring_digital.o (PIO_PullUp)
C:/MATLAB/SupportPackages/R2015b/arduino-1.6.1/hardware/arduino/sam/variants/arduino_due_x/libsam_sam3x8e_gcc_rel.a(pmc.o)
                              WInterrupts.o (pmc_enable_periph_clk)
C:/MATLAB/SupportPackages/R2015b/arduino-1.6.1/hardware/arduino/sam/variants/arduino_due_x/libsam_sam3x8e_gcc_rel.a(pwmc.o)
                              wiring_analog.o (PWMC_ConfigureChannel)
C:/MATLAB/SupportPackages/R2015b/arduino-1.6.1/hardware/arduino/sam/variants/arduino_due_x/libsam_sam3x8e_gcc_rel.a(tc.o)
                              wiring_analog.o (TC_Configure)
C:/MATLAB/SupportPackages/R2015b/arduino-1.6.1/hardware/arduino/sam/variants/arduino_due_x/libsam_sam3x8e_gcc_rel.a(timetick.o)
                              cortex_handlers.o (TimeTick_Increment)
C:/MATLAB/SupportPackages/R2015b/arduino-1.6.1/hardware/arduino/sam/variants/arduino_due_x/libsam_sam3x8e_gcc_rel.a(wdt.o)
                              variant.o (WDT_Disable)
C:/MATLAB/SupportPackages/R2015b/arduino-1.6.1/hardware/arduino/sam/variants/arduino_due_x/libsam_sam3x8e_gcc_rel.a(system_sam3xa.o)
                              variant.o (SystemInit)
C:/MATLAB/SupportPackages/R2015b/arduino-1.6.1/hardware/arduino/sam/variants/arduino_due_x/libsam_sam3x8e_gcc_rel.a(adc.o)
                              variant.o (adc_init)
C:/MATLAB/SupportPackages/R2015b/arduino-1.6.1/hardware/arduino/sam/variants/arduino_due_x/libsam_sam3x8e_gcc_rel.a(interrupt_sam_nvic.o)
                              USBCore.o (g_interrupt_enabled)
C:/MATLAB/SupportPackages/R2015b/arduino-1.6.1/hardware/arduino/sam/variants/arduino_due_x/libsam_sam3x8e_gcc_rel.a(uotghs_device.o)
                              USBCore.o (UDD_SetStack)
C:/MATLAB/SupportPackages/R2015b/arduino-1.6.1/hardware/arduino/sam/variants/arduino_due_x/libsam_sam3x8e_gcc_rel.a(dacc.o)
                              wiring_analog.o (dacc_reset)
c:/matlab/supportpackages/r2015b/arduino-1.6.1/hardware/tools/gcc-arm-none-eabi-4.8.3-2014q1/bin/../lib/gcc/arm-none-eabi/4.8.3/../../../../arm-none-eabi/lib/armv7-m\libm.a(lib_a-s_fpclassify.o)
                              Print.o (__fpclassifyd)
c:/matlab/supportpackages/r2015b/arduino-1.6.1/hardware/tools/gcc-arm-none-eabi-4.8.3-2014q1/bin/../lib/gcc/arm-none-eabi/4.8.3/../../../../arm-none-eabi/lib/armv7-m\libm.a(lib_a-s_sin.o)
                              MotorTest.o (sin)
c:/matlab/supportpackages/r2015b/arduino-1.6.1/hardware/tools/gcc-arm-none-eabi-4.8.3-2014q1/bin/../lib/gcc/arm-none-eabi/4.8.3/../../../../arm-none-eabi/lib/armv7-m\libm.a(lib_a-e_rem_pio2.o)
                              c:/matlab/supportpackages/r2015b/arduino-1.6.1/hardware/tools/gcc-arm-none-eabi-4.8.3-2014q1/bin/../lib/gcc/arm-none-eabi/4.8.3/../../../../arm-none-eabi/lib/armv7-m\libm.a(lib_a-s_sin.o) (__ieee754_rem_pio2)
c:/matlab/supportpackages/r2015b/arduino-1.6.1/hardware/tools/gcc-arm-none-eabi-4.8.3-2014q1/bin/../lib/gcc/arm-none-eabi/4.8.3/../../../../arm-none-eabi/lib/armv7-m\libm.a(lib_a-k_cos.o)
                              c:/matlab/supportpackages/r2015b/arduino-1.6.1/hardware/tools/gcc-arm-none-eabi-4.8.3-2014q1/bin/../lib/gcc/arm-none-eabi/4.8.3/../../../../arm-none-eabi/lib/armv7-m\libm.a(lib_a-s_sin.o) (__kernel_cos)
c:/matlab/supportpackages/r2015b/arduino-1.6.1/hardware/tools/gcc-arm-none-eabi-4.8.3-2014q1/bin/../lib/gcc/arm-none-eabi/4.8.3/../../../../arm-none-eabi/lib/armv7-m\libm.a(lib_a-k_rem_pio2.o)
                              c:/matlab/supportpackages/r2015b/arduino-1.6.1/hardware/tools/gcc-arm-none-eabi-4.8.3-2014q1/bin/../lib/gcc/arm-none-eabi/4.8.3/../../../../arm-none-eabi/lib/armv7-m\libm.a(lib_a-e_rem_pio2.o) (__kernel_rem_pio2)
c:/matlab/supportpackages/r2015b/arduino-1.6.1/hardware/tools/gcc-arm-none-eabi-4.8.3-2014q1/bin/../lib/gcc/arm-none-eabi/4.8.3/../../../../arm-none-eabi/lib/armv7-m\libm.a(lib_a-k_sin.o)
                              c:/matlab/supportpackages/r2015b/arduino-1.6.1/hardware/tools/gcc-arm-none-eabi-4.8.3-2014q1/bin/../lib/gcc/arm-none-eabi/4.8.3/../../../../arm-none-eabi/lib/armv7-m\libm.a(lib_a-s_sin.o) (__kernel_sin)
c:/matlab/supportpackages/r2015b/arduino-1.6.1/hardware/tools/gcc-arm-none-eabi-4.8.3-2014q1/bin/../lib/gcc/arm-none-eabi/4.8.3/../../../../arm-none-eabi/lib/armv7-m\libm.a(lib_a-s_fabs.o)
[...]
Memory Configuration

Name             Origin             Length             Attributes
rom              0x00080000         0x00080000         xr
sram0            0x20000000         0x00010000         xrw
sram1            0x20080000         0x00008000         xrw
ram              0x20070000         0x00018000         xrw
*default*        0x00000000         0xffffffff

Linker script and memory map

LOAD c:/matlab/supportpackages/r2015b/arduino-1.6.1/hardware/tools/gcc-arm-none-eabi-4.8.3-2014q1/bin/../lib/gcc/arm-none-eabi/4.8.3/armv7-m/crti.o
LOAD c:/matlab/supportpackages/r2015b/arduino-1.6.1/hardware/tools/gcc-arm-none-eabi-4.8.3-2014q1/bin/../lib/gcc/arm-none-eabi/4.8.3/armv7-m/crtbegin.o
LOAD c:/matlab/supportpackages/r2015b/arduino-1.6.1/hardware/tools/gcc-arm-none-eabi-4.8.3-2014q1/bin/../lib/gcc/arm-none-eabi/4.8.3/../../../../arm-none-eabi/lib/armv7-m/crt0.o
START GROUP
LOAD C:/MATLAB/SupportPackages/R2015b/arduino-1.6.1/hardware/arduino/sam/variants/arduino_due_x/libsam_sam3x8e_gcc_rel.a
LOAD MotorTest.o
LOAD MotorTest_data.o
LOAD signals_wrapper.o
LOAD sfcn_motor_new_wrapper.o
LOAD sfcn_encoder_wrapper.o
LOAD SerialTx_wrapper.o
LOAD data_struct_init_wrapper.o
LOAD dtostrf.o
LOAD cortex_handlers.o
LOAD hooks.o
LOAD iar_calls_sam3.o
LOAD itoa.o
LOAD syscalls_sam3.o
LOAD WInterrupts.o
LOAD wiring.o
LOAD wiring_analog.o
LOAD wiring_digital.o
LOAD wiring_shift.o
LOAD abi.o
LOAD IPAddress.o
LOAD new.o
LOAD Print.o
LOAD Reset.o
LOAD RingBuffer.o
LOAD Stream.o
LOAD UARTClass.o
LOAD USARTClass.o
LOAD CDC.o
LOAD HID.o
LOAD USBCore.o
LOAD wiring_pulse.o
LOAD WMath.o
LOAD WString.o
LOAD variant.o
LOAD MW_ArduinoHWInit.o
LOAD io_wrappers.o
LOAD arduinoARMScheduler.o
LOAD arm_cortex_m_multitasking.o
LOAD ert_main.o
END GROUP
LOAD c:/matlab/supportpackages/r2015b/arduino-1.6.1/hardware/tools/gcc-arm-none-eabi-4.8.3-2014q1/bin/../lib/gcc/arm-none-eabi/4.8.3/../../../../arm-none-eabi/lib/armv7-m\libm.a
START GROUP
LOAD c:/matlab/supportpackages/r2015b/arduino-1.6.1/hardware/tools/gcc-arm-none-eabi-4.8.3-2014q1/bin/../lib/gcc/arm-none-eabi/4.8.3/armv7-m\libgcc.a
LOAD c:/matlab/supportpackages/r2015b/arduino-1.6.1/hardware/tools/gcc-arm-none-eabi-4.8.3-2014q1/bin/../lib/gcc/arm-none-eabi/4.8.3/../../../../arm-none-eabi/lib/armv7-m\libg.a
LOAD c:/matlab/supportpackages/r2015b/arduino-1.6.1/hardware/tools/gcc-arm-none-eabi-4.8.3-2014q1/bin/../lib/gcc/arm-none-eabi/4.8.3/../../../../arm-none-eabi/lib/armv7-m\libc.a
END GROUP
LOAD c:/matlab/supportpackages/r2015b/arduino-1.6.1/hardware/tools/gcc-arm-none-eabi-4.8.3-2014q1/bin/../lib/gcc/arm-none-eabi/4.8.3/armv7-m/crtend.o
LOAD c:/matlab/supportpackages/r2015b/arduino-1.6.1/hardware/tools/gcc-arm-none-eabi-4.8.3-2014q1/bin/../lib/gcc/arm-none-eabi/4.8.3/armv7-m/crtn.o

.text           0x00080000     0x92f8
                0x00080000                . = ALIGN (0x4)
                0x00080000                _sfixed = .
 *(.vectors .vectors.*)
 .vectors       0x00080000       0xf4 C:/MATLAB/SupportPackages/R2015b/arduino-1.6.1/hardware/arduino/sam/variants/arduino_due_x/libsam_sam3x8e_gcc_rel.a(startup_sam3xa.o)
                0x00080000                exception_table
 *(.text .text.* .gnu.linkonce.t.*)
 .text          0x000800f4       0x54 c:/matlab/supportpackages/r2015b/arduino-1.6.1/hardware/tools/gcc-arm-none-eabi-4.8.3-2014q1/bin/../lib/gcc/arm-none-eabi/4.8.3/armv7-m/crtbegin.o
 .text.Reset_Handler
                0x00080148       0x70 C:/MATLAB/SupportPackages/R2015b/arduino-1.6.1/hardware/arduino/sam/variants/arduino_due_x/libsam_sam3x8e_gcc_rel.a(startup_sam3xa.o)
                0x00080148                Reset_Handler
 .text.UOTGHS_Handler
                0x000801b8       0x10 C:/MATLAB/SupportPackages/R2015b/arduino-1.6.1/hardware/arduino/sam/variants/arduino_due_x/libsam_sam3x8e_gcc_rel.a(uotghs.o)
                0x000801b8                UOTGHS_Handler
 .text.MotorTest_step
                0x000801c8      0x298 MotorTest.o
                0x000801c8                MotorTest_step
 .text.MotorTest_initialize
                0x00080460       0xc0 MotorTest.o
                0x00080460                MotorTest_initialize
 .text.MotorTest_terminate
                0x00080520        0x2 MotorTest.o
                0x00080520                MotorTest_terminate
 *fill*         0x00080522        0x2 
 .text.signals_Outputs_wrapper
                0x00080524       0x60 signals_wrapper.o
                0x00080524                signals_Outputs_wrapper
 .text.signals_Update_wrapper
                0x00080584       0x20 signals_wrapper.o
                0x00080584                signals_Update_wrapper
 *fill*         0x000805a4        0x4 
 .text.sfcn_motor_new_Outputs_wrapper
                0x000805a8      0x300 sfcn_motor_new_wrapper.o
                0x000805a8                sfcn_motor_new_Outputs_wrapper
 .text.sfcn_motor_new_Update_wrapper
                0x000808a8       0x4c sfcn_motor_new_wrapper.o
                0x000808a8                sfcn_motor_new_Update_wrapper
 .text.sfcn_encoder_Outputs_wrapper
                0x000808f4       0x40 sfcn_encoder_wrapper.o
                0x000808f4                sfcn_encoder_Outputs_wrapper
 .text.sfcn_encoder_Update_wrapper
                0x00080934       0x20 sfcn_encoder_wrapper.o
                0x00080934                sfcn_encoder_Update_wrapper
 .text.SerialTx_Outputs_wrapper
                0x00080954       0xb4 SerialTx_wrapper.o
                0x00080954                SerialTx_Outputs_wrapper
 .text.SerialTx_Update_wrapper
                0x00080a08       0x2c SerialTx_wrapper.o
                0x00080a08                SerialTx_Update_wrapper
 .text.isrPinAEn2
                0x00080a34       0x48 data_struct_init_wrapper.o
                0x00080a34                isrPinAEn2
 .text.isrPinAEn3
                0x00080a7c       0x44 data_struct_init_wrapper.o
                0x00080a7c                isrPinAEn3
 .text.isrPinAEn0
                0x00080ac0       0x44 data_struct_init_wrapper.o
                0x00080ac0                isrPinAEn0
 .text.isrPinAEn1
                0x00080b04       0x44 data_struct_init_wrapper.o
                0x00080b04                isrPinAEn1
 .text.data_struct_init_Outputs_wrapper
                0x00080b48        0x2 data_struct_init_wrapper.o
                0x00080b48                data_struct_init_Outputs_wrapper
 *fill*         0x00080b4a        0x2 
 .text.data_struct_init_Update_wrapper
                0x00080b4c      0x1a4 data_struct_init_wrapper.o
                0x00080b4c                data_struct_init_Update_wrapper
 .text.__halt   0x00080cf0        0x2 cortex_handlers.o
                0x00080cf0                DACC_Handler
                0x00080cf0                DebugMon_Handler
                0x00080cf0                DMAC_Handler
                0x00080cf0                TRNG_Handler
                0x00080cf0                HardFault_Handler
                0x00080cf0                TC2_Handler
                0x00080cf0                TWI1_Handler
                0x00080cf0                NMI_Handler
                0x00080cf0                TC7_Handler
                0x00080cf0                ADC_Handler
                0x00080cf0                SMC_Handler
                0x00080cf0                RTT_Handler
                0x00080cf0                EFC1_Handler
                0x00080cf0                RTC_Handler
                0x00080cf0                UsageFault_Handler
                0x00080cf0                TC6_Handler
                0x00080cf0                WDT_Handler
                0x00080cf0                CAN0_Handler
                0x00080cf0                TC4_Handler
                0x00080cf0                TC1_Handler
                0x00080cf0                HSMCI_Handler
                0x00080cf0                TC3_Handler
                0x00080cf0                TWI0_Handler
                0x00080cf0                SSC_Handler
                0x00080cf0                EFC0_Handler
                0x00080cf0                PMC_Handler
                0x00080cf0                PWM_Handler
                0x00080cf0                CAN1_Handler
                0x00080cf0                MemManage_Handler
                0x00080cf0                SUPC_Handler
                0x00080cf0                USART2_Handler
                0x00080cf0                EMAC_Handler
                0x00080cf0                BusFault_Handler
                0x00080cf0                RSTC_Handler
                0x00080cf0                TC0_Handler
                0x00080cf0                TC5_Handler
                0x00080cf0                SPI0_Handler
 .text.SVC_Handler
                0x00080cf2        0x4 cortex_handlers.o
                0x00080cf2                SVC_Handler
 .text.PendSV_Handler
                0x00080cf6        0x4 cortex_handlers.o
                0x00080cf6                PendSV_Handler
 .text.SysTick_Handler
                0x00080cfa       0x16 cortex_handlers.o
                0x00080cfa                SysTick_Handler
 .text.__false  0x00080d10        0x4 hooks.o
                0x00080d10                sysTickHook
 .text.__halt   0x00080d14        0x2 hooks.o
                0x00080d14                pendSVHook
 *fill*         0x00080d16        0x2 
 .text._sbrk    0x00080d18       0x1c syscalls_sam3.o
                0x00080d18                _sbrk
 .text._close   0x00080d34        0x6 syscalls_sam3.o
                0x00080d34                _close
 .text._fstat   0x00080d3a        0xa syscalls_sam3.o
                0x00080d3a                _fstat
 .text._isatty  0x00080d44        0x4 syscalls_sam3.o
                0x00080d44                _isatty
 .text._lseek   0x00080d48        0x4 syscalls_sam3.o
                0x00080d48                _lseek
 .text._read    0x00080d4c        0x4 syscalls_sam3.o
                0x00080d4c                _read
 .text._write   0x00080d50       0x24 syscalls_sam3.o
                0x00080d50                _write
 .text._exit    0x00080d74       0x10 syscalls_sam3.o
                0x00080d74                _exit
 .text._kill    0x00080d84        0x2 syscalls_sam3.o
                0x00080d84                _kill
 .text._getpid  0x00080d86        0x6 syscalls_sam3.o
                0x00080d86                _getpid
 .text.attachInterrupt
                0x00080d8c      0x148 WInterrupts.o
                0x00080d8c                attachInterrupt
 .text.PIOA_Handler
                0x00080ed4       0x28 WInterrupts.o
                0x00080ed4                PIOA_Handler
 .text.PIOB_Handler
                0x00080efc       0x28 WInterrupts.o
                0x00080efc                PIOB_Handler
 .text.PIOC_Handler
                0x00080f24       0x28 WInterrupts.o
                0x00080f24                PIOC_Handler
 .text.PIOD_Handler
                0x00080f4c       0x28 WInterrupts.o
                0x00080f4c                PIOD_Handler
 .text.mapResolution
                0x00080f74       0x12 wiring_analog.o
 *fill*         0x00080f86        0x2 
 .text.analogReadResolution
                0x00080f88        0xc wiring_analog.o
                0x00080f88                analogReadResolution
 .text.analogWriteResolution
                0x00080f94        0xc wiring_analog.o
                0x00080f94                analogWriteResolution
 .text.analogRead
                0x00080fa0       0x74 wiring_analog.o
                0x00080fa0                analogRead
 .text.analogOutputInit
                0x00081014       0x14 wiring_analog.o
                0x00081014                analogOutputInit
 .text.analogWrite
                0x00081028      0x2a8 wiring_analog.o
                0x00081028                analogWrite
 .text.pinMode  0x000812d0       0x64 wiring_digital.o
                0x000812d0                pinMode
 .text.digitalWrite
                0x00081334       0x48 wiring_digital.o
                0x00081334                digitalWrite
 .text.digitalRead
                0x0008137c       0x24 wiring_digital.o
                0x0008137c                digitalRead
 .text._ZNK9IPAddress7printToER5Print
                0x000813a0       0x3c IPAddress.o
                0x000813a0                IPAddress::printTo(Print&) const
 .text.startup._GLOBAL__sub_I__ZN9IPAddressC2Ev
                0x000813dc       0x1c IPAddress.o
 .text._ZN5Print5writeEPKhj
                0x000813f8       0x22 Print.o
                0x000813f8                Print::write(unsigned char const*, unsigned int)
 .text._ZN5Print5writeEPKc
                0x0008141a       0x1e Print.o
                0x0008141a                Print::write(char const*)
 .text._ZN5Print5printEc
                0x00081438        0xa Print.o
                0x00081438                Print::print(char)
 .text._ZN5Print11printNumberEmh
                0x00081442       0x3c Print.o
                0x00081442                Print::printNumber(unsigned long, unsigned char)
 .text._ZN5Print5printEmi
                0x0008147e       0x18 Print.o
                0x0008147e                Print::print(unsigned long, int)
 .text._ZN5Print5printEhi
                0x00081496        0x4 Print.o
                0x00081496                Print::print(unsigned char, int)
 *fill*         0x0008149a        0x2 
 .text.initiateReset
                0x0008149c        0xc Reset.o
                0x0008149c                initiateReset
 .text.cancelReset
                0x000814a8       0x10 Reset.o
                0x000814a8                cancelReset
 .text.tickReset
                0x000814b8       0x20 Reset.o
                0x000814b8                tickReset
 .text._ZN10RingBufferC2Ev
                0x000814d8       0x1a RingBuffer.o
                0x000814d8                RingBuffer::RingBuffer()
                0x000814d8                RingBuffer::RingBuffer()
 .text._ZN10RingBuffer10store_charEh
                0x000814f2       0x1e RingBuffer.o
                0x000814f2                RingBuffer::store_char(unsigned char)
 .text._ZN9UARTClasscvbEv
                0x00081510        0x4 UARTClass.o
                0x00081510                UARTClass::operator bool()
 .text._ZN9UARTClass9availableEv
                0x00081514       0x12 UARTClass.o
                0x00081514                UARTClass::available()
 .text._ZN9UARTClass4peekEv
                0x00081526       0x1c UARTClass.o
                0x00081526                UARTClass::peek()
 .text._ZN9UARTClass4readEv
                0x00081542       0x2a UARTClass.o
                0x00081542                UARTClass::read()
 .text._ZN9UARTClass5flushEv
                0x0008156c       0x18 UARTClass.o
                0x0008156c                UARTClass::flush()
 .text._ZN9UARTClass5writeEh
                0x00081584       0x54 UARTClass.o
                0x00081584                UARTClass::write(unsigned char)
 .text._ZN9UARTClass3endEv
                0x000815d8       0x3c UARTClass.o
                0x000815d8                UARTClass::end()
 .text._ZN9UARTClassC2EP4Uart4IRQnmP10RingBufferS4_
                0x00081614       0x24 UARTClass.o
                0x00081614                UARTClass::UARTClass(Uart*, IRQn, unsigned long, RingBuffer*, RingBuffer*)
                0x00081614                UARTClass::UARTClass(Uart*, IRQn, unsigned long, RingBuffer*, RingBuffer*)
 .text._ZN9UARTClass4initEmm
                0x00081638       0x70 UARTClass.o
                0x00081638                UARTClass::init(unsigned long, unsigned long)
 .text._ZN9UARTClass5beginEm
                0x000816a8        0x8 UARTClass.o
                0x000816a8                UARTClass::begin(unsigned long)
 .text._ZN9UARTClass10IrqHandlerEv
                0x000816b0       0x5a UARTClass.o
                0x000816b0                UARTClass::IrqHandler()
 .text._ZN10USARTClass5beginEm
                0x0008170a        0x8 USARTClass.o
                0x0008170a                USARTClass::begin(unsigned long)
 *fill*         0x00081712        0x2 
 .text._ZN10USARTClassC2EP5Usart4IRQnmP10RingBufferS4_
                0x00081714       0x24 USARTClass.o
                0x00081714                USARTClass::USARTClass(Usart*, IRQn, unsigned long, RingBuffer*, RingBuffer*)
                0x00081714                USARTClass::USARTClass(Usart*, IRQn, unsigned long, RingBuffer*, RingBuffer*)
 .text._ZN7Serial_9availableEv
                0x00081738       0x18 CDC.o
                0x00081738                Serial_::available()
 .text._ZN7Serial_4peekEv
                0x00081750       0x20 CDC.o
                0x00081750                Serial_::peek()
 .text._ZN7Serial_5writeEh
                0x00081770       0x16 CDC.o
                0x00081770                Serial_::write(unsigned char)
 *fill*         0x00081786        0x2 
 .text._ZN7Serial_4readEv
                0x00081788       0x44 CDC.o
                0x00081788                Serial_::read()
 .text._ZN7Serial_5flushEv
                0x000817cc        0x6 CDC.o
                0x000817cc                Serial_::flush()
 *fill*         0x000817d2        0x2 
 .text._ZN7Serial_6acceptEv
                0x000817d4       0x70 CDC.o
                0x000817d4                Serial_::accept()
 .text._ZN7Serial_5writeEPKhj
                0x00081844       0x2c CDC.o
                0x00081844                Serial_::write(unsigned char const*, unsigned int)
 .text._Z16CDC_GetInterfacePh
                0x00081870       0x14 CDC.o
                0x00081870                CDC_GetInterface(unsigned char*)
 .text._Z21CDC_GetOtherInterfacePh
                0x00081884       0x14 CDC.o
                0x00081884                CDC_GetOtherInterface(unsigned char*)
 .text._Z9CDC_SetupR5Setup
                0x00081898       0x64 CDC.o
                0x00081898                CDC_Setup(Setup&)
 .text.startup._GLOBAL__sub_I_cdc_rx_buffer
                0x000818fc       0x1c CDC.o
 .text._ZN9Keyboard_5writeEh
                0x00081918       0x1c HID.o
                0x00081918                Keyboard_::write(unsigned char)
 .text._Z16HID_GetInterfacePh
                0x00081934       0x14 HID.o
                0x00081934                HID_GetInterface(unsigned char*)
 .text._Z17HID_GetDescriptori
                0x00081948       0x10 HID.o
                0x00081948                HID_GetDescriptor(int)
 .text._Z14HID_SendReporthPKvm
                0x00081958       0x2e HID.o
                0x00081958                HID_SendReport(unsigned char, void const*, unsigned long)
 *fill*         0x00081986        0x2 
 .text._Z9HID_SetupR5Setup
                0x00081988       0x40 HID.o
                0x00081988                HID_Setup(Setup&)
 .text._ZN9Keyboard_10sendReportEP9KeyReport
                0x000819c8        0xc HID.o
                0x000819c8                Keyboard_::sendReport(KeyReport*)
 .text._ZN9Keyboard_5pressEh
                0x000819d4       0x88 HID.o
                0x000819d4                Keyboard_::press(unsigned char)
 .text._ZN9Keyboard_7releaseEh
                0x00081a5c       0x64 HID.o
                0x00081a5c                Keyboard_::release(unsigned char)
 .text._ZN9Keyboard_10releaseAllEv
                0x00081ac0       0x18 HID.o
                0x00081ac0                Keyboard_::releaseAll()
 .text.startup._GLOBAL__sub_I_Mouse
                0x00081ad8       0x1c HID.o
 .text.unlikely._ZL11USB_SendZlpv
                0x00081af4       0x20 USBCore.o
 .text._Z14USBD_Availablem
                0x00081b14       0x2c USBCore.o
                0x00081b14                USBD_Available(unsigned long)
 .text._Z9USBD_RecvmPvm
                0x00081b40       0x7c USBCore.o
                0x00081b40                USBD_Recv(unsigned long, void*, unsigned long)
 .text._Z9USBD_Recvm
                0x00081bbc       0x22 USBCore.o
                0x00081bbc                USBD_Recv(unsigned long)
 *fill*         0x00081bde        0x2 
 .text._Z9USBD_SendmPKvm
                0x00081be0       0x4c USBCore.o
                0x00081be0                USBD_Send(unsigned long, void const*, unsigned long)
 .text._Z16USBD_SendControlhPKvm
                0x00081c2c       0x40 USBCore.o
                0x00081c2c                USBD_SendControl(unsigned char, void const*, unsigned long)
 .text.unlikely._ZL24USB_SendStringDescriptorPKhi
                0x00081c6c       0x38 USBCore.o
 .text._Z16USBD_RecvControlPvm
                0x00081ca4       0x1c USBCore.o
                0x00081ca4                USBD_RecvControl(void*, unsigned long)
 .text._Z26USBD_ClassInterfaceRequestR5Setup
                0x00081cc0       0x14 USBCore.o
                0x00081cc0                USBD_ClassInterfaceRequest(Setup&)
 .text._Z19USBD_SendInterfacesv
                0x00081cd4       0x1e USBCore.o
                0x00081cd4                USBD_SendInterfaces()
 .text._Z24USBD_SendOtherInterfacesv
                0x00081cf2       0x1e USBCore.o
                0x00081cf2                USBD_SendOtherInterfaces()
 .text._Z10USBD_Flushm
                0x00081d10       0x16 USBCore.o
                0x00081d10                USBD_Flush(unsigned long)
 *fill*         0x00081d26        0x2 
 .text._ZN10USBDevice_C2Ev
                0x00081d28       0x24 USBCore.o
                0x00081d28                USBDevice_::USBDevice_()
                0x00081d28                USBDevice_::USBDevice_()
 .text.startup._GLOBAL__sub_I_TxLEDPulse
                0x00081d4c        0xc USBCore.o
 .text._ZL7USB_ISRv
                0x00081d58      0x424 USBCore.o
 .text.UART_Handler
                0x0008217c        0xc variant.o
                0x0008217c                UART_Handler
 .text.USART0_Handler
                0x00082188        0xc variant.o
                0x00082188                USART0_Handler
 .text.USART1_Handler
                0x00082194        0xc variant.o
                0x00082194                USART1_Handler
 .text.USART3_Handler
                0x000821a0        0xc variant.o
                0x000821a0                USART3_Handler
 .text.init     0x000821ac      0x130 variant.o
                0x000821ac                init
 .text.startup._GLOBAL__sub_I_g_APinDescription
                0x000822dc       0xd4 variant.o
 .text.MW_Arduino_Init
                0x000823b0       0x16 MW_ArduinoHWInit.o
                0x000823b0                MW_Arduino_Init
 .text.MW_pinModeAnalogInput
                0x000823c6        0xc io_wrappers.o
                0x000823c6                MW_pinModeAnalogInput
 *fill*         0x000823d2        0x2 
 .text.Serial_begin
                0x000823d4       0x34 io_wrappers.o
                0x000823d4                Serial_begin
 .text._ZL13Scheduler_Isrv
                0x00082408       0x28 arduinoARMScheduler.o
 .text.TC8_Handler
                0x00082430       0x1c arduinoARMScheduler.o
                0x00082430                TC8_Handler
 .text.Setup_SchedulerTimer
                0x0008244c       0x84 arduinoARMScheduler.o
                0x0008244c                Setup_SchedulerTimer
 .text.configureArduinoARMTimer
                0x000824d0       0x20 arduinoARMScheduler.o
                0x000824d0                configureArduinoARMTimer
 .text.arm_cortex_m_call_thread_with_context_switch
                0x000824f0       0x34 arm_cortex_m_multitasking.o
                0x000824f0                arm_cortex_m_call_thread_with_context_switch
 .text.svcHook  0x00082524       0x2c arm_cortex_m_multitasking.o
                0x00082524                svcHook
 .text.rt_OneStep
                0x00082550       0x30 ert_main.o
                0x00082550                rt_OneStep
 .text.startup.main
                0x00082580       0x58 ert_main.o
                0x00082580                main
 .text.PIO_DisableInterrupt
                0x000825d8        0x4 C:/MATLAB/SupportPackages/R2015b/arduino-1.6.1/hardware/arduino/sam/variants/arduino_due_x/libsam_sam3x8e_gcc_rel.a(pio.o)
                0x000825d8                PIO_DisableInterrupt
 .text.PIO_PullUp
                0x000825dc        0xa C:/MATLAB/SupportPackages/R2015b/arduino-1.6.1/hardware/arduino/sam/variants/arduino_due_x/libsam_sam3x8e_gcc_rel.a(pio.o)
                0x000825dc                PIO_PullUp
 .text.PIO_Get  0x000825e6       0x16 C:/MATLAB/SupportPackages/R2015b/arduino-1.6.1/hardware/arduino/sam/variants/arduino_due_x/libsam_sam3x8e_gcc_rel.a(pio.o)
                0x000825e6                PIO_Get
 .text.PIO_SetPeripheral
                0x000825fc       0x2a C:/MATLAB/SupportPackages/R2015b/arduino-1.6.1/hardware/arduino/sam/variants/arduino_due_x/libsam_sam3x8e_gcc_rel.a(pio.o)
                0x000825fc                PIO_SetPeripheral
 *fill*         0x00082626        0x2 
 .text.PIO_SetInput
                0x00082628       0x40 C:/MATLAB/SupportPackages/R2015b/arduino-1.6.1/hardware/arduino/sam/variants/arduino_due_x/libsam_sam3x8e_gcc_rel.a(pio.o)
                0x00082628                PIO_SetInput
 .text.PIO_SetOutput
                0x00082668       0x38 C:/MATLAB/SupportPackages/R2015b/arduino-1.6.1/hardware/arduino/sam/variants/arduino_due_x/libsam_sam3x8e_gcc_rel.a(pio.o)
                0x00082668                PIO_SetOutput
 .text.PIO_Configure
                0x000826a0       0x74 C:/MATLAB/SupportPackages/R2015b/arduino-1.6.1/hardware/arduino/sam/variants/arduino_due_x/libsam_sam3x8e_gcc_rel.a(pio.o)
                0x000826a0                PIO_Configure
 .text.PIO_GetOutputDataStatus
                0x00082714       0x16 C:/MATLAB/SupportPackages/R2015b/arduino-1.6.1/hardware/arduino/sam/variants/arduino_due_x/libsam_sam3x8e_gcc_rel.a(pio.o)
                0x00082714                PIO_GetOutputDataStatus
 *fill*         0x0008272a        0x2 
 .text.pmc_enable_upll_clock
                0x0008272c       0x18 C:/MATLAB/SupportPackages/R2015b/arduino-1.6.1/hardware/arduino/sam/variants/arduino_due_x/libsam_sam3x8e_gcc_rel.a(pmc.o)
                0x0008272c                pmc_enable_upll_clock
 .text.pmc_enable_periph_clk
                0x00082744       0x48 C:/MATLAB/SupportPackages/R2015b/arduino-1.6.1/hardware/arduino/sam/variants/arduino_due_x/libsam_sam3x8e_gcc_rel.a(pmc.o)
                0x00082744                pmc_enable_periph_clk
 .text.pmc_disable_periph_clk
                0x0008278c       0x48 C:/MATLAB/SupportPackages/R2015b/arduino-1.6.1/hardware/arduino/sam/variants/arduino_due_x/libsam_sam3x8e_gcc_rel.a(pmc.o)
                0x0008278c                pmc_disable_periph_clk
 .text.pmc_switch_udpck_to_upllck
                0x000827d4       0x14 C:/MATLAB/SupportPackages/R2015b/arduino-1.6.1/hardware/arduino/sam/variants/arduino_due_x/libsam_sam3x8e_gcc_rel.a(pmc.o)
                0x000827d4                pmc_switch_udpck_to_upllck
 .text.pmc_enable_udpck
                0x000827e8        0xc C:/MATLAB/SupportPackages/R2015b/arduino-1.6.1/hardware/arduino/sam/variants/arduino_due_x/libsam_sam3x8e_gcc_rel.a(pmc.o)
                0x000827e8                pmc_enable_udpck
 .text.pmc_set_writeprotect
                0x000827f4       0x1c C:/MATLAB/SupportPackages/R2015b/arduino-1.6.1/hardware/arduino/sam/variants/arduino_due_x/libsam_sam3x8e_gcc_rel.a(pmc.o)
                0x000827f4                pmc_set_writeprotect
 .text.FindClockConfiguration
                0x00082810       0x7c C:/MATLAB/SupportPackages/R2015b/arduino-1.6.1/hardware/arduino/sam/variants/arduino_due_x/libsam_sam3x8e_gcc_rel.a(pwmc.o)
 .text.PWMC_ConfigureChannel
                0x0008288c       0x60 C:/MATLAB/SupportPackages/R2015b/arduino-1.6.1/hardware/arduino/sam/variants/arduino_due_x/libsam_sam3x8e_gcc_rel.a(pwmc.o)
                0x0008288c                PWMC_ConfigureChannel
 .text.PWMC_ConfigureClocks
                0x000828ec       0x54 C:/MATLAB/SupportPackages/R2015b/arduino-1.6.1/hardware/arduino/sam/variants/arduino_due_x/libsam_sam3x8e_gcc_rel.a(pwmc.o)
                0x000828ec                PWMC_ConfigureClocks
 .text.PWMC_SetPeriod
                0x00082940       0x1a C:/MATLAB/SupportPackages/R2015b/arduino-1.6.1/hardware/arduino/sam/variants/arduino_due_x/libsam_sam3x8e_gcc_rel.a(pwmc.o)
                0x00082940                PWMC_SetPeriod
 *fill*         0x0008295a        0x2 
 .text.PWMC_SetDutyCycle
                0x0008295c       0x48 C:/MATLAB/SupportPackages/R2015b/arduino-1.6.1/hardware/arduino/sam/variants/arduino_due_x/libsam_sam3x8e_gcc_rel.a(pwmc.o)
                0x0008295c                PWMC_SetDutyCycle
 .text.PWMC_EnableChannel
                0x000829a4        0x8 C:/MATLAB/SupportPackages/R2015b/arduino-1.6.1/hardware/arduino/sam/variants/arduino_due_x/libsam_sam3x8e_gcc_rel.a(pwmc.o)
                0x000829a4                PWMC_EnableChannel
 .text.TC_Configure
                0x000829ac       0x38 C:/MATLAB/SupportPackages/R2015b/arduino-1.6.1/hardware/arduino/sam/variants/arduino_due_x/libsam_sam3x8e_gcc_rel.a(tc.o)
                0x000829ac                TC_Configure
 .text.TC_Start
                0x000829e4       0x2c C:/MATLAB/SupportPackages/R2015b/arduino-1.6.1/hardware/arduino/sam/variants/arduino_due_x/libsam_sam3x8e_gcc_rel.a(tc.o)
                0x000829e4                TC_Start
 .text.TC_GetStatus
                0x00082a10        0x8 C:/MATLAB/SupportPackages/R2015b/arduino-1.6.1/hardware/arduino/sam/variants/arduino_due_x/libsam_sam3x8e_gcc_rel.a(tc.o)
                0x00082a10                TC_GetStatus
 .text.TC_SetRA
                0x00082a18        0x8 C:/MATLAB/SupportPackages/R2015b/arduino-1.6.1/hardware/arduino/sam/variants/arduino_due_x/libsam_sam3x8e_gcc_rel.a(tc.o)
                0x00082a18                TC_SetRA
 .text.TC_SetRB
                0x00082a20        0x8 C:/MATLAB/SupportPackages/R2015b/arduino-1.6.1/hardware/arduino/sam/variants/arduino_due_x/libsam_sam3x8e_gcc_rel.a(tc.o)
                0x00082a20                TC_SetRB
 .text.TC_SetRC
                0x00082a28        0x8 C:/MATLAB/SupportPackages/R2015b/arduino-1.6.1/hardware/arduino/sam/variants/arduino_due_x/libsam_sam3x8e_gcc_rel.a(tc.o)
                0x00082a28                TC_SetRC
 .text.TimeTick_Increment
                0x00082a30       0x10 C:/MATLAB/SupportPackages/R2015b/arduino-1.6.1/hardware/arduino/sam/variants/arduino_due_x/libsam_sam3x8e_gcc_rel.a(timetick.o)
                0x00082a30                TimeTick_Increment
 .text.WDT_Disable
                0x00082a40        0x8 C:/MATLAB/SupportPackages/R2015b/arduino-1.6.1/hardware/arduino/sam/variants/arduino_due_x/libsam_sam3x8e_gcc_rel.a(wdt.o)
                0x00082a40                WDT_Disable
 .text.SystemInit
                0x00082a48       0x9c C:/MATLAB/SupportPackages/R2015b/arduino-1.6.1/hardware/arduino/sam/variants/arduino_due_x/libsam_sam3x8e_gcc_rel.a(system_sam3xa.o)
                0x00082a48                SystemInit
 .text.adc_init
                0x00082ae4       0xa0 C:/MATLAB/SupportPackages/R2015b/arduino-1.6.1/hardware/arduino/sam/variants/arduino_due_x/libsam_sam3x8e_gcc_rel.a(adc.o)
                0x00082ae4                adc_init
 .text.adc_configure_trigger
                0x00082b84       0x10 C:/MATLAB/SupportPackages/R2015b/arduino-1.6.1/hardware/arduino/sam/variants/arduino_due_x/libsam_sam3x8e_gcc_rel.a(adc.o)
                0x00082b84                adc_configure_trigger
 .text.adc_configure_timing
                0x00082b94       0x1a C:/MATLAB/SupportPackages/R2015b/arduino-1.6.1/hardware/arduino/sam/variants/arduino_due_x/libsam_sam3x8e_gcc_rel.a(adc.o)
                0x00082b94                adc_configure_timing
 .text.adc_start
                0x00082bae        0x6 C:/MATLAB/SupportPackages/R2015b/arduino-1.6.1/hardware/arduino/sam/variants/arduino_due_x/libsam_sam3x8e_gcc_rel.a(adc.o)
                0x00082bae                adc_start
 .text.adc_enable_channel
                0x00082bb4        0x8 C:/MATLAB/SupportPackages/R2015b/arduino-1.6.1/hardware/arduino/sam/variants/arduino_due_x/libsam_sam3x8e_gcc_rel.a(adc.o)
                0x00082bb4                adc_enable_channel
 .text.adc_disable_channel
                0x00082bbc        0x8 C:/MATLAB/SupportPackages/R2015b/arduino-1.6.1/hardware/arduino/sam/variants/arduino_due_x/libsam_sam3x8e_gcc_rel.a(adc.o)
                0x00082bbc                adc_disable_channel
 .text.adc_disable_all_channel
                0x00082bc4        0x8 C:/MATLAB/SupportPackages/R2015b/arduino-1.6.1/hardware/arduino/sam/variants/arduino_due_x/libsam_sam3x8e_gcc_rel.a(adc.o)
                0x00082bc4                adc_disable_all_channel
 .text.adc_get_latest_value
                0x00082bcc        0x4 C:/MATLAB/SupportPackages/R2015b/arduino-1.6.1/hardware/arduino/sam/variants/arduino_due_x/libsam_sam3x8e_gcc_rel.a(adc.o)
                0x00082bcc                adc_get_latest_value
 .text.adc_disable_interrupt
                0x00082bd0        0x4 C:/MATLAB/SupportPackages/R2015b/arduino-1.6.1/hardware/arduino/sam/variants/arduino_due_x/libsam_sam3x8e_gcc_rel.a(adc.o)
                0x00082bd0                adc_disable_interrupt
 .text.adc_get_status
                0x00082bd4        0x4 C:/MATLAB/SupportPackages/R2015b/arduino-1.6.1/hardware/arduino/sam/variants/arduino_due_x/libsam_sam3x8e_gcc_rel.a(adc.o)
                0x00082bd4                adc_get_status
 .text.UDD_SetStack
                0x00082bd8        0xc C:/MATLAB/SupportPackages/R2015b/arduino-1.6.1/hardware/arduino/sam/variants/arduino_due_x/libsam_sam3x8e_gcc_rel.a(uotghs_device.o)
                0x00082bd8                UDD_SetStack
 .text.UDD_Init
                0x00082be4       0xd0 C:/MATLAB/SupportPackages/R2015b/arduino-1.6.1/hardware/arduino/sam/variants/arduino_due_x/libsam_sam3x8e_gcc_rel.a(uotghs_device.o)
                0x00082be4                UDD_Init
 .text.UDD_InitEP
                0x00082cb4       0x30 C:/MATLAB/SupportPackages/R2015b/arduino-1.6.1/hardware/arduino/sam/variants/arduino_due_x/libsam_sam3x8e_gcc_rel.a(uotghs_device.o)
                0x00082cb4                UDD_InitEP
 .text.UDD_InitEndpoints
                0x00082ce4       0x3c C:/MATLAB/SupportPackages/R2015b/arduino-1.6.1/hardware/arduino/sam/variants/arduino_due_x/libsam_sam3x8e_gcc_rel.a(uotghs_device.o)
                0x00082ce4                UDD_InitEndpoints
 .text.UDD_WaitIN
                0x00082d20       0x14 C:/MATLAB/SupportPackages/R2015b/arduino-1.6.1/hardware/arduino/sam/variants/arduino_due_x/libsam_sam3x8e_gcc_rel.a(uotghs_device.o)
                0x00082d20                UDD_WaitIN
 .text.UDD_WaitOUT
                0x00082d34       0x14 C:/MATLAB/SupportPackages/R2015b/arduino-1.6.1/hardware/arduino/sam/variants/arduino_due_x/libsam_sam3x8e_gcc_rel.a(uotghs_device.o)
                0x00082d34                UDD_WaitOUT
 .text.UDD_ClearIN
                0x00082d48       0x18 C:/MATLAB/SupportPackages/R2015b/arduino-1.6.1/hardware/arduino/sam/variants/arduino_due_x/libsam_sam3x8e_gcc_rel.a(uotghs_device.o)
                0x00082d48                UDD_ClearIN
 .text.UDD_ClearOUT
                0x00082d60       0x18 C:/MATLAB/SupportPackages/R2015b/arduino-1.6.1/hardware/arduino/sam/variants/arduino_due_x/libsam_sam3x8e_gcc_rel.a(uotghs_device.o)
                0x00082d60                UDD_ClearOUT
 .text.UDD_ReceivedSetupInt
                0x00082d78       0x10 C:/MATLAB/SupportPackages/R2015b/arduino-1.6.1/hardware/arduino/sam/variants/arduino_due_x/libsam_sam3x8e_gcc_rel.a(uotghs_device.o)
                0x00082d78                UDD_ReceivedSetupInt
 .text.UDD_ClearSetupInt
                0x00082d88       0x10 C:/MATLAB/SupportPackages/R2015b/arduino-1.6.1/hardware/arduino/sam/variants/arduino_due_x/libsam_sam3x8e_gcc_rel.a(uotghs_device.o)
                0x00082d88                UDD_ClearSetupInt
 .text.UDD_Send
                0x00082d98       0x90 C:/MATLAB/SupportPackages/R2015b/arduino-1.6.1/hardware/arduino/sam/variants/arduino_due_x/libsam_sam3x8e_gcc_rel.a(uotghs_device.o)
                0x00082d98                UDD_Send
 .text.UDD_Send8
                0x00082e28       0x28 C:/MATLAB/SupportPackages/R2015b/arduino-1.6.1/hardware/arduino/sam/variants/arduino_due_x/libsam_sam3x8e_gcc_rel.a(uotghs_device.o)
                0x00082e28                UDD_Send8
 .text.UDD_Recv8
                0x00082e50       0x28 C:/MATLAB/SupportPackages/R2015b/arduino-1.6.1/hardware/arduino/sam/variants/arduino_due_x/libsam_sam3x8e_gcc_rel.a(uotghs_device.o)
                0x00082e50                UDD_Recv8
 .text.UDD_Recv
                0x00082e78       0x34 C:/MATLAB/SupportPackages/R2015b/arduino-1.6.1/hardware/arduino/sam/variants/arduino_due_x/libsam_sam3x8e_gcc_rel.a(uotghs_device.o)
                0x00082e78                UDD_Recv
 .text.UDD_Stall
                0x00082eac       0x14 C:/MATLAB/SupportPackages/R2015b/arduino-1.6.1/hardware/arduino/sam/variants/arduino_due_x/libsam_sam3x8e_gcc_rel.a(uotghs_device.o)
                0x00082eac                UDD_Stall
 .text.UDD_FifoByteCount
                0x00082ec0       0x1c C:/MATLAB/SupportPackages/R2015b/arduino-1.6.1/hardware/arduino/sam/variants/arduino_due_x/libsam_sam3x8e_gcc_rel.a(uotghs_device.o)
                0x00082ec0                UDD_FifoByteCount
 .text.UDD_ReleaseRX
                0x00082edc       0x2c C:/MATLAB/SupportPackages/R2015b/arduino-1.6.1/hardware/arduino/sam/variants/arduino_due_x/libsam_sam3x8e_gcc_rel.a(uotghs_device.o)
                0x00082edc                UDD_ReleaseRX
 .text.UDD_ReleaseTX
                0x00082f08       0x2c C:/MATLAB/SupportPackages/R2015b/arduino-1.6.1/hardware/arduino/sam/variants/arduino_due_x/libsam_sam3x8e_gcc_rel.a(uotghs_device.o)
                0x00082f08                UDD_ReleaseTX
 .text.UDD_SetAddress
                0x00082f34       0x20 C:/MATLAB/SupportPackages/R2015b/arduino-1.6.1/hardware/arduino/sam/variants/arduino_due_x/libsam_sam3x8e_gcc_rel.a(uotghs_device.o)
                0x00082f34                UDD_SetAddress
 .text.dacc_reset
                0x00082f54        0x6 C:/MATLAB/SupportPackages/R2015b/arduino-1.6.1/hardware/arduino/sam/variants/arduino_due_x/libsam_sam3x8e_gcc_rel.a(dacc.o)
                0x00082f54                dacc_reset
 .text.dacc_set_transfer_mode
                0x00082f5a       0x16 C:/MATLAB/SupportPackages/R2015b/arduino-1.6.1/hardware/arduino/sam/variants/arduino_due_x/libsam_sam3x8e_gcc_rel.a(dacc.o)
                0x00082f5a                dacc_set_transfer_mode
 .text.dacc_get_interrupt_status
                0x00082f70        0x4 C:/MATLAB/SupportPackages/R2015b/arduino-1.6.1/hardware/arduino/sam/variants/arduino_due_x/libsam_sam3x8e_gcc_rel.a(dacc.o)
                0x00082f70                dacc_get_interrupt_status
 .text.dacc_write_conversion_data
                0x00082f74        0x4 C:/MATLAB/SupportPackages/R2015b/arduino-1.6.1/hardware/arduino/sam/variants/arduino_due_x/libsam_sam3x8e_gcc_rel.a(dacc.o)
                0x00082f74                dacc_write_conversion_data
 .text.dacc_set_channel_selection
                0x00082f78       0x18 C:/MATLAB/SupportPackages/R2015b/arduino-1.6.1/hardware/arduino/sam/variants/arduino_due_x/libsam_sam3x8e_gcc_rel.a(dacc.o)
                0x00082f78                dacc_set_channel_selection
 .text.dacc_set_power_save
                0x00082f90       0x28 C:/MATLAB/SupportPackages/R2015b/arduino-1.6.1/hardware/arduino/sam/variants/arduino_due_x/libsam_sam3x8e_gcc_rel.a(dacc.o)
                0x00082f90                dacc_set_power_save
 .text.dacc_set_timing
                0x00082fb8       0x30 C:/MATLAB/SupportPackages/R2015b/arduino-1.6.1/hardware/arduino/sam/variants/arduino_due_x/libsam_sam3x8e_gcc_rel.a(dacc.o)
                0x00082fb8                dacc_set_timing
 .text.dacc_enable_channel
                0x00082fe8       0x14 C:/MATLAB/SupportPackages/R2015b/arduino-1.6.1/hardware/arduino/sam/variants/arduino_due_x/libsam_sam3x8e_gcc_rel.a(dacc.o)
                0x00082fe8                dacc_enable_channel
 .text.dacc_get_channel_status
                0x00082ffc        0x4 C:/MATLAB/SupportPackages/R2015b/arduino-1.6.1/hardware/arduino/sam/variants/arduino_due_x/libsam_sam3x8e_gcc_rel.a(dacc.o)
                0x00082ffc                dacc_get_channel_status
 .text.dacc_set_analog_control
                0x00083000        0x8 C:/MATLAB/SupportPackages/R2015b/arduino-1.6.1/hardware/arduino/sam/variants/arduino_due_x/libsam_sam3x8e_gcc_rel.a(dacc.o)
                0x00083000                dacc_set_analog_control
 .text.sin      0x00083008       0x94 c:/matlab/supportpackages/r2015b/arduino-1.6.1/hardware/tools/gcc-arm-none-eabi-4.8.3-2014q1/bin/../lib/gcc/arm-none-eabi/4.8.3/../../../../arm-none-eabi/lib/armv7-m\libm.a(lib_a-s_sin.o)
                0x00083008                sin
 *fill*         0x0008309c        0x4 
 .text.__ieee754_rem_pio2
                0x000830a0      0x440 c:/matlab/supportpackages/r2015b/arduino-1.6.1/hardware/tools/gcc-arm-none-eabi-4.8.3-2014q1/bin/../lib/gcc/arm-none-eabi/4.8.3/../../../../arm-none-eabi/lib/armv7-m\libm.a(lib_a-e_rem_pio2.o)
                0x000830a0                __ieee754_rem_pio2
 .text.__kernel_cos
                0x000834e0      0x248 c:/matlab/supportpackages/r2015b/arduino-1.6.1/hardware/tools/gcc-arm-none-eabi-4.8.3-2014q1/bin/../lib/gcc/arm-none-eabi/4.8.3/../../../../arm-none-eabi/lib/armv7-m\libm.a(lib_a-k_cos.o)
                0x000834e0                __kernel_cos
 .text.__kernel_rem_pio2
                0x00083728      0x7bc c:/matlab/supportpackages/r2015b/arduino-1.6.1/hardware/tools/gcc-arm-none-eabi-4.8.3-2014q1/bin/../lib/gcc/arm-none-eabi/4.8.3/../../../../arm-none-eabi/lib/armv7-m\libm.a(lib_a-k_rem_pio2.o)
                0x00083728                __kernel_rem_pio2
 *fill*         0x00083ee4        0x4 
 .text.__kernel_sin
                0x00083ee8      0x170 c:/matlab/supportpackages/r2015b/arduino-1.6.1/hardware/tools/gcc-arm-none-eabi-4.8.3-2014q1/bin/../lib/gcc/arm-none-eabi/4.8.3/../../../../arm-none-eabi/lib/armv7-m\libm.a(lib_a-k_sin.o)
                0x00083ee8                __kernel_sin
 .text.fabs     0x00084058        0x8 c:/matlab/supportpackages/r2015b/arduino-1.6.1/hardware/tools/gcc-arm-none-eabi-4.8.3-2014q1/bin/../lib/gcc/arm-none-eabi/4.8.3/../../../../arm-none-eabi/lib/armv7-m\libm.a(lib_a-s_fabs.o)
                0x00084058                fabs
 .text.floor    0x00084060      0x120 c:/matlab/supportpackages/r2015b/arduino-1.6.1/hardware/tools/gcc-arm-none-eabi-4.8.3-2014q1/bin/../lib/gcc/arm-none-eabi/4.8.3/../../../../arm-none-eabi/lib/armv7-m\libm.a(lib_a-s_floor.o)
                0x00084060                floor
 .text.scalbn   0x00084180      0x100 c:/matlab/supportpackages/r2015b/arduino-1.6.1/hardware/tools/gcc-arm-none-eabi-4.8.3-2014q1/bin/../lib/gcc/arm-none-eabi/4.8.3/../../../../arm-none-eabi/lib/armv7-m\libm.a(lib_a-s_scalbn.o)
                0x00084180                scalbn
 .text.copysign
                0x00084280       0x14 c:/matlab/supportpackages/r2015b/arduino-1.6.1/hardware/tools/gcc-arm-none-eabi-4.8.3-2014q1/bin/../lib/gcc/arm-none-eabi/4.8.3/../../../../arm-none-eabi/lib/armv7-m\libm.a(lib_a-s_copysign.o)
                0x00084280                copysign
 .text          0x00084294      0x370 c:/matlab/supportpackages/r2015b/arduino-1.6.1/hardware/tools/gcc-arm-none-eabi-4.8.3-2014q1/bin/../lib/gcc/arm-none-eabi/4.8.3/armv7-m\libgcc.a(_arm_addsubdf3.o)
                0x00084294                __aeabi_drsub
                0x0008429c                __aeabi_dsub
                0x0008429c                __subdf3
                0x000842a0                __aeabi_dadd
                0x000842a0                __adddf3
                0x00084518                __floatunsidf
                0x00084518                __aeabi_ui2d
                0x00084538                __floatsidf
                0x00084538                __aeabi_i2d
                0x0008455c                __aeabi_f2d
                0x0008455c                __extendsfdf2
                0x00084598                __floatundidf
                0x00084598                __aeabi_ul2d
                0x000845a8                __floatdidf
                0x000845a8                __aeabi_l2d
 .text          0x00084604      0x424 c:/matlab/supportpackages/r2015b/arduino-1.6.1/hardware/tools/gcc-arm-none-eabi-4.8.3-2014q1/bin/../lib/gcc/arm-none-eabi/4.8.3/armv7-m\libgcc.a(_arm_muldivdf3.o)
                0x00084604                __aeabi_dmul
                0x00084604                __muldf3
                0x00084858                __divdf3
                0x00084858                __aeabi_ddiv
 .text          0x00084a28      0x110 c:/matlab/supportpackages/r2015b/arduino-1.6.1/hardware/tools/gcc-arm-none-eabi-4.8.3-2014q1/bin/../lib/gcc/arm-none-eabi/4.8.3/armv7-m\libgcc.a(_arm_cmpdf2.o)
                0x00084a28                __gtdf2
                0x00084a28                __gedf2
                0x00084a30                __ltdf2
                0x00084a30                __ledf2
                0x00084a38                __nedf2
                0x00084a38                __eqdf2
                0x00084a38                __cmpdf2
                0x00084ab4                __aeabi_cdrcmple
                0x00084ac4                __aeabi_cdcmpeq
                0x00084ac4                __aeabi_cdcmple
                0x00084ad4                __aeabi_dcmpeq
                0x00084ae8                __aeabi_dcmplt
                0x00084afc                __aeabi_dcmple
                0x00084b10                __aeabi_dcmpge
                0x00084b24                __aeabi_dcmpgt
 .text          0x00084b38       0x50 c:/matlab/supportpackages/r2015b/arduino-1.6.1/hardware/tools/gcc-arm-none-eabi-4.8.3-2014q1/bin/../lib/gcc/arm-none-eabi/4.8.3/armv7-m\libgcc.a(_arm_fixdfsi.o)
                0x00084b38                __aeabi_d2iz
                0x00084b38                __fixdfsi
 .text          0x00084b88       0xa0 c:/matlab/supportpackages/r2015b/arduino-1.6.1/hardware/tools/gcc-arm-none-eabi-4.8.3-2014q1/bin/../lib/gcc/arm-none-eabi/4.8.3/armv7-m\libgcc.a(_arm_truncdfsf2.o)
                0x00084b88                __truncdfsf2
                0x00084b88                __aeabi_d2f
 .text          0x00084c28      0x21c c:/matlab/supportpackages/r2015b/arduino-1.6.1/hardware/tools/gcc-arm-none-eabi-4.8.3-2014q1/bin/../lib/gcc/arm-none-eabi/4.8.3/armv7-m\libgcc.a(_arm_addsubsf3.o)
                0x00084c28                __aeabi_frsub
                0x00084c30                __subsf3
                0x00084c30                __aeabi_fsub
                0x00084c34                __aeabi_fadd
                0x00084c34                __addsf3
                0x00084d94                __aeabi_ui2f
                0x00084d94                __floatunsisf
                0x00084d9c                __aeabi_i2f
                0x00084d9c                __floatsisf
                0x00084db8                __aeabi_ul2f
                0x00084db8                __floatundisf
                0x00084dc8                __aeabi_l2f
                0x00084dc8                __floatdisf
 .text          0x00084e44       0xec c:/matlab/supportpackages/r2015b/arduino-1.6.1/hardware/tools/gcc-arm-none-eabi-4.8.3-2014q1/bin/../lib/gcc/arm-none-eabi/4.8.3/armv7-m\libgcc.a(_arm_cmpsf2.o)
                0x00084e44                __gesf2
                0x00084e44                __gtsf2
                0x00084e4c                __lesf2
                0x00084e4c                __ltsf2
                0x00084e54                __nesf2
                0x00084e54                __eqsf2
                0x00084e54                __cmpsf2
                0x00084eb4                __aeabi_cfrcmple
                0x00084ebc                __aeabi_cfcmpeq
                0x00084ebc                __aeabi_cfcmple
                0x00084ecc                __aeabi_fcmpeq
                0x00084ee0                __aeabi_fcmplt
                0x00084ef4                __aeabi_fcmple
                0x00084f08                __aeabi_fcmpge
                0x00084f1c                __aeabi_fcmpgt
 .text          0x00084f30       0x40 c:/matlab/supportpackages/r2015b/arduino-1.6.1/hardware/tools/gcc-arm-none-eabi-4.8.3-2014q1/bin/../lib/gcc/arm-none-eabi/4.8.3/armv7-m\libgcc.a(_arm_fixunssfsi.o)
                0x00084f30                __fixunssfsi
                0x00084f30                __aeabi_f2uiz
 .text.__assert_func
                0x00084f70       0x3c c:/matlab/supportpackages/r2015b/arduino-1.6.1/hardware/tools/gcc-arm-none-eabi-4.8.3-2014q1/bin/../lib/gcc/arm-none-eabi/4.8.3/../../../../arm-none-eabi/lib/armv7-m\libg.a(lib_a-assert.o)
                0x00084f70                __assert_func
 .text.fiprintf
                0x00084fac       0x28 c:/matlab/supportpackages/r2015b/arduino-1.6.1/hardware/tools/gcc-arm-none-eabi-4.8.3-2014q1/bin/../lib/gcc/arm-none-eabi/4.8.3/../../../../arm-none-eabi/lib/armv7-m\libg.a(lib_a-fiprintf.o)
                0x00084fac                fiprintf
 .text.__libc_init_array
                0x00084fd4       0x50 c:/matlab/supportpackages/r2015b/arduino-1.6.1/hardware/tools/gcc-arm-none-eabi-4.8.3-2014q1/bin/../lib/gcc/arm-none-eabi/4.8.3/../../../../arm-none-eabi/lib/armv7-m\libg.a(lib_a-init.o)
                0x00084fd4                __libc_init_array
 .text.iprintf  0x00085024       0x28 c:/matlab/supportpackages/r2015b/arduino-1.6.1/hardware/tools/gcc-arm-none-eabi-4.8.3-2014q1/bin/../lib/gcc/arm-none-eabi/4.8.3/../../../../arm-none-eabi/lib/armv7-m\libg.a(lib_a-iprintf.o)
                0x00085024                iprintf
 .text.malloc   0x0008504c       0x10 c:/matlab/supportpackages/r2015b/arduino-1.6.1/hardware/tools/gcc-arm-none-eabi-4.8.3-2014q1/bin/../lib/gcc/arm-none-eabi/4.8.3/../../../../arm-none-eabi/lib/armv7-m\libg.a(lib_a-malloc.o)
                0x0008504c                malloc
 .text._malloc_r
                0x0008505c      0x538 c:/matlab/supportpackages/r2015b/arduino-1.6.1/hardware/tools/gcc-arm-none-eabi-4.8.3-2014q1/bin/../lib/gcc/arm-none-eabi/4.8.3/../../../../arm-none-eabi/lib/armv7-m\libg.a(lib_a-mallocr.o)
                0x0008505c                _malloc_r
 .text          0x00085594       0xec c:/matlab/supportpackages/r2015b/arduino-1.6.1/hardware/tools/gcc-arm-none-eabi-4.8.3-2014q1/bin/../lib/gcc/arm-none-eabi/4.8.3/../../../../arm-none-eabi/lib/armv7-m\libg.a(lib_a-memcpy.o)
                0x00085594                memcpy
 .text.memmove  0x00085680       0xcc c:/matlab/supportpackages/r2015b/arduino-1.6.1/hardware/tools/gcc-arm-none-eabi-4.8.3-2014q1/bin/../lib/gcc/arm-none-eabi/4.8.3/../../../../arm-none-eabi/lib/armv7-m\libg.a(lib_a-memmove.o)
                0x00085680                memmove
 .text.memset   0x0008574c       0x94 c:/matlab/supportpackages/r2015b/arduino-1.6.1/hardware/tools/gcc-arm-none-eabi-4.8.3-2014q1/bin/../lib/gcc/arm-none-eabi/4.8.3/../../../../arm-none-eabi/lib/armv7-m\libg.a(lib_a-memset.o)
                0x0008574c                memset
 .text.__malloc_lock
                0x000857e0        0x4 c:/matlab/supportpackages/r2015b/arduino-1.6.1/hardware/tools/gcc-arm-none-eabi-4.8.3-2014q1/bin/../lib/gcc/arm-none-eabi/4.8.3/../../../../arm-none-eabi/lib/armv7-m\libg.a(lib_a-mlock.o)
                0x000857e0                __malloc_lock
 .text.__malloc_unlock
                0x000857e4        0x4 c:/matlab/supportpackages/r2015b/arduino-1.6.1/hardware/tools/gcc-arm-none-eabi-4.8.3-2014q1/bin/../lib/gcc/arm-none-eabi/4.8.3/../../../../arm-none-eabi/lib/armv7-m\libg.a(lib_a-mlock.o)
                0x000857e4                __malloc_unlock
 .text._realloc_r
                0x000857e8      0x3c0 c:/matlab/supportpackages/r2015b/arduino-1.6.1/hardware/tools/gcc-arm-none-eabi-4.8.3-2014q1/bin/../lib/gcc/arm-none-eabi/4.8.3/../../../../arm-none-eabi/lib/armv7-m\libg.a(lib_a-reallocr.o)
                0x000857e8                _realloc_r
 .text._sbrk_r  0x00085ba8       0x24 c:/matlab/supportpackages/r2015b/arduino-1.6.1/hardware/tools/gcc-arm-none-eabi-4.8.3-2014q1/bin/../lib/gcc/arm-none-eabi/4.8.3/../../../../arm-none-eabi/lib/armv7-m\libg.a(lib_a-sbrkr.o)
                0x00085ba8                _sbrk_r
 .text.strlen   0x00085bcc       0x60 c:/matlab/supportpackages/r2015b/arduino-1.6.1/hardware/tools/gcc-arm-none-eabi-4.8.3-2014q1/bin/../lib/gcc/arm-none-eabi/4.8.3/../../../../arm-none-eabi/lib/armv7-m\libg.a(lib_a-strlen.o)
                0x00085bcc                strlen
 .text.__sprint_r.part.0
                0x00085c2c       0x78 c:/matlab/supportpackages/r2015b/arduino-1.6.1/hardware/tools/gcc-arm-none-eabi-4.8.3-2014q1/bin/../lib/gcc/arm-none-eabi/4.8.3/../../../../arm-none-eabi/lib/armv7-m\libg.a(lib_a-vfiprintf.o)
 .text._vfiprintf_r
                0x00085ca4      0xc54 c:/matlab/supportpackages/r2015b/arduino-1.6.1/hardware/tools/gcc-arm-none-eabi-4.8.3-2014q1/bin/../lib/gcc/arm-none-eabi/4.8.3/../../../../arm-none-eabi/lib/armv7-m\libg.a(lib_a-vfiprintf.o)
                0x00085ca4                _vfiprintf_r
 .text.__sbprintf
                0x000868f8       0x7c c:/matlab/supportpackages/r2015b/arduino-1.6.1/hardware/tools/gcc-arm-none-eabi-4.8.3-2014q1/bin/../lib/gcc/arm-none-eabi/4.8.3/../../../../arm-none-eabi/lib/armv7-m\libg.a(lib_a-vfiprintf.o)
 .text.__swsetup_r
                0x00086974       0xc4 c:/matlab/supportpackages/r2015b/arduino-1.6.1/hardware/tools/gcc-arm-none-eabi-4.8.3-2014q1/bin/../lib/gcc/arm-none-eabi/4.8.3/../../../../arm-none-eabi/lib/armv7-m\libg.a(lib_a-wsetup.o)
                0x00086974                __swsetup_r
 .text.startup.register_fini
                0x00086a38       0x14 c:/matlab/supportpackages/r2015b/arduino-1.6.1/hardware/tools/gcc-arm-none-eabi-4.8.3-2014q1/bin/../lib/gcc/arm-none-eabi/4.8.3/../../../../arm-none-eabi/lib/armv7-m\libg.a(lib_a-__call_atexit.o)
 .text.abort    0x00086a4c       0x10 c:/matlab/supportpackages/r2015b/arduino-1.6.1/hardware/tools/gcc-arm-none-eabi-4.8.3-2014q1/bin/../lib/gcc/arm-none-eabi/4.8.3/../../../../arm-none-eabi/lib/armv7-m\libg.a(lib_a-abort.o)
                0x00086a4c                abort
 .text.atexit   0x00086a5c        0xc c:/matlab/supportpackages/r2015b/arduino-1.6.1/hardware/tools/gcc-arm-none-eabi-4.8.3-2014q1/bin/../lib/gcc/arm-none-eabi/4.8.3/../../../../arm-none-eabi/lib/armv7-m\libg.a(lib_a-atexit.o)
                0x00086a5c                atexit
 .text.__sflush_r
                0x00086a68      0x148 c:/matlab/supportpackages/r2015b/arduino-1.6.1/hardware/tools/gcc-arm-none-eabi-4.8.3-2014q1/bin/../lib/gcc/arm-none-eabi/4.8.3/../../../../arm-none-eabi/lib/armv7-m\libg.a(lib_a-fflush.o)
                0x00086a68                __sflush_r
 .text._fflush_r
                0x00086bb0       0x2c c:/matlab/supportpackages/r2015b/arduino-1.6.1/hardware/tools/gcc-arm-none-eabi-4.8.3-2014q1/bin/../lib/gcc/arm-none-eabi/4.8.3/../../../../arm-none-eabi/lib/armv7-m\libg.a(lib_a-fflush.o)
                0x00086bb0                _fflush_r
 .text._cleanup_r
                0x00086bdc        0xc c:/matlab/supportpackages/r2015b/arduino-1.6.1/hardware/tools/gcc-arm-none-eabi-4.8.3-2014q1/bin/../lib/gcc/arm-none-eabi/4.8.3/../../../../arm-none-eabi/lib/armv7-m\libg.a(lib_a-findfp.o)
                0x00086bdc                _cleanup_r
 .text.__sinit  0x00086be8       0xf4 c:/matlab/supportpackages/r2015b/arduino-1.6.1/hardware/tools/gcc-arm-none-eabi-4.8.3-2014q1/bin/../lib/gcc/arm-none-eabi/4.8.3/../../../../arm-none-eabi/lib/armv7-m\libg.a(lib_a-findfp.o)
                0x00086be8                __sinit
 .text.__sfp_lock_acquire
                0x00086cdc        0x4 c:/matlab/supportpackages/r2015b/arduino-1.6.1/hardware/tools/gcc-arm-none-eabi-4.8.3-2014q1/bin/../lib/gcc/arm-none-eabi/4.8.3/../../../../arm-none-eabi/lib/armv7-m\libg.a(lib_a-findfp.o)
                0x00086cdc                __sfp_lock_acquire
 .text.__sfp_lock_release
                0x00086ce0        0x4 c:/matlab/supportpackages/r2015b/arduino-1.6.1/hardware/tools/gcc-arm-none-eabi-4.8.3-2014q1/bin/../lib/gcc/arm-none-eabi/4.8.3/../../../../arm-none-eabi/lib/armv7-m\libg.a(lib_a-findfp.o)
                0x00086ce0                __sfp_lock_release
 .text.__libc_fini_array
                0x00086ce4       0x30 c:/matlab/supportpackages/r2015b/arduino-1.6.1/hardware/tools/gcc-arm-none-eabi-4.8.3-2014q1/bin/../lib/gcc/arm-none-eabi/4.8.3/../../../../arm-none-eabi/lib/armv7-m\libg.a(lib_a-fini.o)
                0x00086ce4                __libc_fini_array
 .text._fputwc_r
                0x00086d14       0xc0 c:/matlab/supportpackages/r2015b/arduino-1.6.1/hardware/tools/gcc-arm-none-eabi-4.8.3-2014q1/bin/../lib/gcc/arm-none-eabi/4.8.3/../../../../arm-none-eabi/lib/armv7-m\libg.a(lib_a-fputwc.o)
                0x00086d14                _fputwc_r
 .text._malloc_trim_r
                0x00086dd4       0x9c c:/matlab/supportpackages/r2015b/arduino-1.6.1/hardware/tools/gcc-arm-none-eabi-4.8.3-2014q1/bin/../lib/gcc/arm-none-eabi/4.8.3/../../../../arm-none-eabi/lib/armv7-m\libg.a(lib_a-freer.o)
                0x00086dd4                _malloc_trim_r
 .text._free_r  0x00086e70      0x198 c:/matlab/supportpackages/r2015b/arduino-1.6.1/hardware/tools/gcc-arm-none-eabi-4.8.3-2014q1/bin/../lib/gcc/arm-none-eabi/4.8.3/../../../../arm-none-eabi/lib/armv7-m\libg.a(lib_a-freer.o)
                0x00086e70                _free_r
 .text.__sfvwrite_r
                0x00087008      0x314 c:/matlab/supportpackages/r2015b/arduino-1.6.1/hardware/tools/gcc-arm-none-eabi-4.8.3-2014q1/bin/../lib/gcc/arm-none-eabi/4.8.3/../../../../arm-none-eabi/lib/armv7-m\libg.a(lib_a-fvwrite.o)
                0x00087008                __sfvwrite_r
 .text._fwalk   0x0008731c       0x48 c:/matlab/supportpackages/r2015b/arduino-1.6.1/hardware/tools/gcc-arm-none-eabi-4.8.3-2014q1/bin/../lib/gcc/arm-none-eabi/4.8.3/../../../../arm-none-eabi/lib/armv7-m\libg.a(lib_a-fwalk.o)
                0x0008731c                _fwalk
 .text.__locale_charset
                0x00087364        0x8 c:/matlab/supportpackages/r2015b/arduino-1.6.1/hardware/tools/gcc-arm-none-eabi-4.8.3-2014q1/bin/../lib/gcc/arm-none-eabi/4.8.3/../../../../arm-none-eabi/lib/armv7-m\libg.a(lib_a-locale.o)
                0x00087364                __locale_charset
 .text.__locale_mb_cur_max
                0x0008736c        0xc c:/matlab/supportpackages/r2015b/arduino-1.6.1/hardware/tools/gcc-arm-none-eabi-4.8.3-2014q1/bin/../lib/gcc/arm-none-eabi/4.8.3/../../../../arm-none-eabi/lib/armv7-m\libg.a(lib_a-locale.o)
                0x0008736c                __locale_mb_cur_max
 .text.__smakebuf_r
                0x00087378       0xe0 c:/matlab/supportpackages/r2015b/arduino-1.6.1/hardware/tools/gcc-arm-none-eabi-4.8.3-2014q1/bin/../lib/gcc/arm-none-eabi/4.8.3/../../../../arm-none-eabi/lib/armv7-m\libg.a(lib_a-makebuf.o)
                0x00087378                __smakebuf_r
 .text.memchr   0x00087458       0x94 c:/matlab/supportpackages/r2015b/arduino-1.6.1/hardware/tools/gcc-arm-none-eabi-4.8.3-2014q1/bin/../lib/gcc/arm-none-eabi/4.8.3/../../../../arm-none-eabi/lib/armv7-m\libg.a(lib_a-memchr-stub.o)
                0x00087458                memchr
 .text._raise_r
                0x000874ec       0x58 c:/matlab/supportpackages/r2015b/arduino-1.6.1/hardware/tools/gcc-arm-none-eabi-4.8.3-2014q1/bin/../lib/gcc/arm-none-eabi/4.8.3/../../../../arm-none-eabi/lib/armv7-m\libg.a(lib_a-signal.o)
                0x000874ec                _raise_r
 .text.raise    0x00087544       0x10 c:/matlab/supportpackages/r2015b/arduino-1.6.1/hardware/tools/gcc-arm-none-eabi-4.8.3-2014q1/bin/../lib/gcc/arm-none-eabi/4.8.3/../../../../arm-none-eabi/lib/armv7-m\libg.a(lib_a-signal.o)
                0x00087544                raise
 .text._kill_r  0x00087554       0x28 c:/matlab/supportpackages/r2015b/arduino-1.6.1/hardware/tools/gcc-arm-none-eabi-4.8.3-2014q1/bin/../lib/gcc/arm-none-eabi/4.8.3/../../../../arm-none-eabi/lib/armv7-m\libg.a(lib_a-signalr.o)
                0x00087554                _kill_r
 .text._getpid_r
                0x0008757c        0x4 c:/matlab/supportpackages/r2015b/arduino-1.6.1/hardware/tools/gcc-arm-none-eabi-4.8.3-2014q1/bin/../lib/gcc/arm-none-eabi/4.8.3/../../../../arm-none-eabi/lib/armv7-m\libg.a(lib_a-signalr.o)
                0x0008757c                _getpid_r
 .text.__sread  0x00087580       0x24 c:/matlab/supportpackages/r2015b/arduino-1.6.1/hardware/tools/gcc-arm-none-eabi-4.8.3-2014q1/bin/../lib/gcc/arm-none-eabi/4.8.3/../../../../arm-none-eabi/lib/armv7-m\libg.a(lib_a-stdio.o)
                0x00087580                __sread
 .text.__swrite
                0x000875a4       0x38 c:/matlab/supportpackages/r2015b/arduino-1.6.1/hardware/tools/gcc-arm-none-eabi-4.8.3-2014q1/bin/../lib/gcc/arm-none-eabi/4.8.3/../../../../arm-none-eabi/lib/armv7-m\libg.a(lib_a-stdio.o)
                0x000875a4                __swrite
 .text.__sseek  0x000875dc       0x20 c:/matlab/supportpackages/r2015b/arduino-1.6.1/hardware/tools/gcc-arm-none-eabi-4.8.3-2014q1/bin/../lib/gcc/arm-none-eabi/4.8.3/../../../../arm-none-eabi/lib/armv7-m\libg.a(lib_a-stdio.o)
                0x000875dc                __sseek
 .text.__sclose
                0x000875fc        0x8 c:/matlab/supportpackages/r2015b/arduino-1.6.1/hardware/tools/gcc-arm-none-eabi-4.8.3-2014q1/bin/../lib/gcc/arm-none-eabi/4.8.3/../../../../arm-none-eabi/lib/armv7-m\libg.a(lib_a-stdio.o)
                0x000875fc                __sclose
 .text.__swbuf_r
                0x00087604       0xa8 c:/matlab/supportpackages/r2015b/arduino-1.6.1/hardware/tools/gcc-arm-none-eabi-4.8.3-2014q1/bin/../lib/gcc/arm-none-eabi/4.8.3/../../../../arm-none-eabi/lib/armv7-m\libg.a(lib_a-wbuf.o)
                0x00087604                __swbuf_r
 .text._wcrtomb_r
                0x000876ac       0x50 c:/matlab/supportpackages/r2015b/arduino-1.6.1/hardware/tools/gcc-arm-none-eabi-4.8.3-2014q1/bin/../lib/gcc/arm-none-eabi/4.8.3/../../../../arm-none-eabi/lib/armv7-m\libg.a(lib_a-wcrtomb.o)
                0x000876ac                _wcrtomb_r
 .text.__ascii_wctomb
                0x000876fc       0x1c c:/matlab/supportpackages/r2015b/arduino-1.6.1/hardware/tools/gcc-arm-none-eabi-4.8.3-2014q1/bin/../lib/gcc/arm-none-eabi/4.8.3/../../../../arm-none-eabi/lib/armv7-m\libg.a(lib_a-wctomb_r.o)
                0x000876fc                __ascii_wctomb
 .text._write_r
                0x00087718       0x28 c:/matlab/supportpackages/r2015b/arduino-1.6.1/hardware/tools/gcc-arm-none-eabi-4.8.3-2014q1/bin/../lib/gcc/arm-none-eabi/4.8.3/../../../../arm-none-eabi/lib/armv7-m\libg.a(lib_a-writer.o)
                0x00087718                _write_r
 .text.__register_exitproc
                0x00087740       0xa8 c:/matlab/supportpackages/r2015b/arduino-1.6.1/hardware/tools/gcc-arm-none-eabi-4.8.3-2014q1/bin/../lib/gcc/arm-none-eabi/4.8.3/../../../../arm-none-eabi/lib/armv7-m\libg.a(lib_a-__atexit.o)
                0x00087740                __register_exitproc
 .text._close_r
                0x000877e8       0x24 c:/matlab/supportpackages/r2015b/arduino-1.6.1/hardware/tools/gcc-arm-none-eabi-4.8.3-2014q1/bin/../lib/gcc/arm-none-eabi/4.8.3/../../../../arm-none-eabi/lib/armv7-m\libg.a(lib_a-closer.o)
                0x000877e8                _close_r
 .text._fclose_r
                0x0008780c       0x80 c:/matlab/supportpackages/r2015b/arduino-1.6.1/hardware/tools/gcc-arm-none-eabi-4.8.3-2014q1/bin/../lib/gcc/arm-none-eabi/4.8.3/../../../../arm-none-eabi/lib/armv7-m\libg.a(lib_a-fclose.o)
                0x0008780c                _fclose_r
 .text.fclose   0x0008788c       0x10 c:/matlab/supportpackages/r2015b/arduino-1.6.1/hardware/tools/gcc-arm-none-eabi-4.8.3-2014q1/bin/../lib/gcc/arm-none-eabi/4.8.3/../../../../arm-none-eabi/lib/armv7-m\libg.a(lib_a-fclose.o)
                0x0008788c                fclose
 .text._fstat_r
                0x0008789c       0x28 c:/matlab/supportpackages/r2015b/arduino-1.6.1/hardware/tools/gcc-arm-none-eabi-4.8.3-2014q1/bin/../lib/gcc/arm-none-eabi/4.8.3/../../../../arm-none-eabi/lib/armv7-m\libg.a(lib_a-fstatr.o)
                0x0008789c                _fstat_r
 .text._isatty_r
                0x000878c4       0x24 c:/matlab/supportpackages/r2015b/arduino-1.6.1/hardware/tools/gcc-arm-none-eabi-4.8.3-2014q1/bin/../lib/gcc/arm-none-eabi/4.8.3/../../../../arm-none-eabi/lib/armv7-m\libg.a(lib_a-isattyr.o)
                0x000878c4                _isatty_r
 .text._lseek_r
                0x000878e8       0x28 c:/matlab/supportpackages/r2015b/arduino-1.6.1/hardware/tools/gcc-arm-none-eabi-4.8.3-2014q1/bin/../lib/gcc/arm-none-eabi/4.8.3/../../../../arm-none-eabi/lib/armv7-m\libg.a(lib_a-lseekr.o)
                0x000878e8                _lseek_r
 .text._read_r  0x00087910       0x28 c:/matlab/supportpackages/r2015b/arduino-1.6.1/hardware/tools/gcc-arm-none-eabi-4.8.3-2014q1/bin/../lib/gcc/arm-none-eabi/4.8.3/../../../../arm-none-eabi/lib/armv7-m\libg.a(lib_a-readr.o)
                0x00087910                _read_r
 .text          0x00087938       0x2c c:/matlab/supportpackages/r2015b/arduino-1.6.1/hardware/tools/gcc-arm-none-eabi-4.8.3-2014q1/bin/../lib/gcc/arm-none-eabi/4.8.3/armv7-m\libgcc.a(_aeabi_uldivmod.o)
                0x00087938                __aeabi_uldivmod
 .text          0x00087964       0x60 c:/matlab/supportpackages/r2015b/arduino-1.6.1/hardware/tools/gcc-arm-none-eabi-4.8.3-2014q1/bin/../lib/gcc/arm-none-eabi/4.8.3/armv7-m\libgcc.a(bpabi.o)
                0x00087964                __gnu_ldivmod_helper
                0x00087994                __gnu_uldivmod_helper
 .text          0x000879c4        0x4 c:/matlab/supportpackages/r2015b/arduino-1.6.1/hardware/tools/gcc-arm-none-eabi-4.8.3-2014q1/bin/../lib/gcc/arm-none-eabi/4.8.3/armv7-m\libgcc.a(_dvmd_tls.o)
                0x000879c4                __aeabi_idiv0
                0x000879c4                __aeabi_ldiv0
 .text          0x000879c8      0x2a0 c:/matlab/supportpackages/r2015b/arduino-1.6.1/hardware/tools/gcc-arm-none-eabi-4.8.3-2014q1/bin/../lib/gcc/arm-none-eabi/4.8.3/armv7-m\libgcc.a(_divdi3.o)
                0x000879c8                __divdi3
 .text          0x00087c68      0x290 c:/matlab/supportpackages/r2015b/arduino-1.6.1/hardware/tools/gcc-arm-none-eabi-4.8.3-2014q1/bin/../lib/gcc/arm-none-eabi/4.8.3/armv7-m\libgcc.a(_udivdi3.o)
                0x00087c68                __udivdi3
 *(.glue_7t)
 .glue_7t       0x00000000        0x0 linker stubs
 *(.glue_7)
 .glue_7        0x00000000        0x0 linker stubs
 *(.rodata .rodata* .gnu.linkonce.r.*)
 .rodata.str1.1
                0x00087ef8       0x12 MotorTest.o
 *fill*         0x00087f0a        0x2 
 .rodata.MotorTest_M
                0x00087f0c        0x4 MotorTest.o
                0x00087f0c                MotorTest_M
 .rodata.MotorTest_BGND
                0x00087f10        0x1 MotorTest.o
                0x00087f10                MotorTest_BGND
 .rodata.str1.1
                0x00087f11       0x19 syscalls_sam3.o
 *fill*         0x00087f2a        0x2 
 .rodata.channelToId.9421
                0x00087f2c       0x48 wiring_analog.o
 .rodata.channelToTC.9420
                0x00087f74       0x48 wiring_analog.o
 .rodata.channelToChNo.9418
                0x00087fbc       0x48 wiring_analog.o
 .rodata.channelToAB.9419
                0x00088004       0x48 wiring_analog.o
 *fill*         0x0008804c        0x4 
 .rodata._ZTV9IPAddress
                0x00088050       0x10 IPAddress.o
                0x00088050                vtable for IPAddress
 .rodata._ZTV9UARTClass
                0x00088060       0x30 UARTClass.o
                0x00088060                vtable for UARTClass
 .rodata._ZTV10USARTClass
                0x00088090       0x30 USARTClass.o
                0x00088090                vtable for USARTClass
 .rodata._ZTV7Serial_
                0x000880c0       0x28 CDC.o
                0x000880c0                vtable for Serial_
 .rodata._ZL18_cdcOtherInterface
                0x000880e8       0x42 CDC.o
 .rodata._ZL13_cdcInterface
                0x0008812a       0x42 CDC.o
 *fill*         0x0008816c        0x4 
 .rodata._ZTV9Keyboard_
                0x00088170       0x20 HID.o
                0x00088170                vtable for Keyboard_
 .rodata._asciimap
                0x00088190       0x80 HID.o
                0x00088190                _asciimap
 .rodata._hidInterface
                0x00088210       0x19 HID.o
                0x00088210                _hidInterface
 .rodata._hidReportDescriptor
                0x00088229       0x65 HID.o
                0x00088229                _hidReportDescriptor
 .rodata.STRING_PRODUCT
                0x0008828e        0xc USBCore.o
                0x0008828e                STRING_PRODUCT
 .rodata.USB_DeviceDescriptor
                0x0008829a       0x12 USBCore.o
                0x0008829a                USB_DeviceDescriptor
 .rodata._ZL9EndPoints
                0x000882ac       0x14 USBCore.o
 .rodata.STRING_LANGUAGE
                0x000882c0        0x4 USBCore.o
                0x000882c0                STRING_LANGUAGE
 .rodata._ZL18test_packet_buffer
                0x000882c4       0x35 USBCore.o
 .rodata.STRING_MANUFACTURER
                0x000882f9        0xc USBCore.o
                0x000882f9                STRING_MANUFACTURER
 .rodata.USB_DeviceDescriptorA
                0x00088305       0x12 USBCore.o
                0x00088305                USB_DeviceDescriptorA
 .rodata._ZL19USB_DeviceQualifier
                0x00088317       0x12 USBCore.o
 *fill*         0x00088329        0x3 
 .rodata.g_APinDescription
                0x0008832c      0xa2c variant.o
                0x0008832c                g_APinDescription
 .rodata.__func__.6672
                0x00088d58       0x15 C:/MATLAB/SupportPackages/R2015b/arduino-1.6.1/hardware/arduino/sam/variants/arduino_due_x/libsam_sam3x8e_gcc_rel.a(pwmc.o)
 .rodata.str1.1
                0x00088d6d      0x1cc C:/MATLAB/SupportPackages/R2015b/arduino-1.6.1/hardware/arduino/sam/variants/arduino_due_x/libsam_sam3x8e_gcc_rel.a(pwmc.o)
 .rodata.__func__.6683
                0x00088f39       0x12 C:/MATLAB/SupportPackages/R2015b/arduino-1.6.1/hardware/arduino/sam/variants/arduino_due_x/libsam_sam3x8e_gcc_rel.a(pwmc.o)
 *fill*         0x00088f4b        0x1 
 .rodata.C.9.8054
                0x00088f4c       0x2c C:/MATLAB/SupportPackages/R2015b/arduino-1.6.1/hardware/arduino/sam/variants/arduino_due_x/libsam_sam3x8e_gcc_rel.a(pwmc.o)
 .rodata.__func__.6635
                0x00088f78       0x17 C:/MATLAB/SupportPackages/R2015b/arduino-1.6.1/hardware/arduino/sam/variants/arduino_due_x/libsam_sam3x8e_gcc_rel.a(pwmc.o)
 .rodata.__func__.6646
                0x00088f8f       0x16 C:/MATLAB/SupportPackages/R2015b/arduino-1.6.1/hardware/arduino/sam/variants/arduino_due_x/libsam_sam3x8e_gcc_rel.a(pwmc.o)
 .rodata.str1.1
                0x00088fa5       0x54 C:/MATLAB/SupportPackages/R2015b/arduino-1.6.1/hardware/arduino/sam/variants/arduino_due_x/libsam_sam3x8e_gcc_rel.a(tc.o)
 .rodata.__func__.6634
                0x00088ff9        0xd C:/MATLAB/SupportPackages/R2015b/arduino-1.6.1/hardware/arduino/sam/variants/arduino_due_x/libsam_sam3x8e_gcc_rel.a(tc.o)
 .rodata.__func__.6640
                0x00089006        0x9 C:/MATLAB/SupportPackages/R2015b/arduino-1.6.1/hardware/arduino/sam/variants/arduino_due_x/libsam_sam3x8e_gcc_rel.a(tc.o)
 *fill*         0x0008900f        0x1 
 .rodata.C.0.8146
                0x00089010       0x40 C:/MATLAB/SupportPackages/R2015b/arduino-1.6.1/hardware/arduino/sam/variants/arduino_due_x/libsam_sam3x8e_gcc_rel.a(adc.o)
 .rodata.npio2_hw
                0x00089050       0x80 c:/matlab/supportpackages/r2015b/arduino-1.6.1/hardware/tools/gcc-arm-none-eabi-4.8.3-2014q1/bin/../lib/gcc/arm-none-eabi/4.8.3/../../../../arm-none-eabi/lib/armv7-m\libm.a(lib_a-e_rem_pio2.o)
 .rodata.two_over_pi
                0x000890d0      0x108 c:/matlab/supportpackages/r2015b/arduino-1.6.1/hardware/tools/gcc-arm-none-eabi-4.8.3-2014q1/bin/../lib/gcc/arm-none-eabi/4.8.3/../../../../arm-none-eabi/lib/armv7-m\libm.a(lib_a-e_rem_pio2.o)
 .rodata.init_jk
                0x000891d8       0x10 c:/matlab/supportpackages/r2015b/arduino-1.6.1/hardware/tools/gcc-arm-none-eabi-4.8.3-2014q1/bin/../lib/gcc/arm-none-eabi/4.8.3/../../../../arm-none-eabi/lib/armv7-m\libm.a(lib_a-k_rem_pio2.o)
 .rodata.PIo2   0x000891e8       0x40 c:/matlab/supportpackages/r2015b/arduino-1.6.1/hardware/tools/gcc-arm-none-eabi-4.8.3-2014q1/bin/../lib/gcc/arm-none-eabi/4.8.3/../../../../arm-none-eabi/lib/armv7-m\libm.a(lib_a-k_rem_pio2.o)
 .rodata.str1.4
                0x00089228       0x3f c:/matlab/supportpackages/r2015b/arduino-1.6.1/hardware/tools/gcc-arm-none-eabi-4.8.3-2014q1/bin/../lib/gcc/arm-none-eabi/4.8.3/../../../../arm-none-eabi/lib/armv7-m\libg.a(lib_a-assert.o)
                                 0x44 (size before relaxing)
 *fill*         0x00089267        0x1 
 .rodata.str1.4
                0x00089268        0x2 c:/matlab/supportpackages/r2015b/arduino-1.6.1/hardware/tools/gcc-arm-none-eabi-4.8.3-2014q1/bin/../lib/gcc/arm-none-eabi/4.8.3/../../../../arm-none-eabi/lib/armv7-m\libg.a(lib_a-impure.o)
                                  0x4 (size before relaxing)
 *fill*         0x0008926a        0x2 
 .rodata._global_impure_ptr
                0x0008926c        0x4 c:/matlab/supportpackages/r2015b/arduino-1.6.1/hardware/tools/gcc-arm-none-eabi-4.8.3-2014q1/bin/../lib/gcc/arm-none-eabi/4.8.3/../../../../arm-none-eabi/lib/armv7-m\libg.a(lib_a-impure.o)
                0x0008926c                _global_impure_ptr
 .rodata.blanks.6717
                0x00089270       0x10 c:/matlab/supportpackages/r2015b/arduino-1.6.1/hardware/tools/gcc-arm-none-eabi-4.8.3-2014q1/bin/../lib/gcc/arm-none-eabi/4.8.3/../../../../arm-none-eabi/lib/armv7-m\libg.a(lib_a-vfiprintf.o)
 .rodata.str1.4
                0x00089280       0x30 c:/matlab/supportpackages/r2015b/arduino-1.6.1/hardware/tools/gcc-arm-none-eabi-4.8.3-2014q1/bin/../lib/gcc/arm-none-eabi/4.8.3/../../../../arm-none-eabi/lib/armv7-m\libg.a(lib_a-vfiprintf.o)
 .rodata.zeroes.6718
                0x000892b0       0x10 c:/matlab/supportpackages/r2015b/arduino-1.6.1/hardware/tools/gcc-arm-none-eabi-4.8.3-2014q1/bin/../lib/gcc/arm-none-eabi/4.8.3/../../../../arm-none-eabi/lib/armv7-m\libg.a(lib_a-vfiprintf.o)
 *(.ARM.extab* .gnu.linkonce.armextab.*)
                0x000892c0                . = ALIGN (0x4)
 *(.init)
 .init          0x000892c0        0x4 c:/matlab/supportpackages/r2015b/arduino-1.6.1/hardware/tools/gcc-arm-none-eabi-4.8.3-2014q1/bin/../lib/gcc/arm-none-eabi/4.8.3/armv7-m/crti.o
                0x000892c0                _init
 .init          0x000892c4        0x8 c:/matlab/supportpackages/r2015b/arduino-1.6.1/hardware/tools/gcc-arm-none-eabi-4.8.3-2014q1/bin/../lib/gcc/arm-none-eabi/4.8.3/armv7-m/crtn.o
                0x000892cc                . = ALIGN (0x4)
                0x000892cc                __preinit_array_start = .
 *(.preinit_array)
                0x000892cc                __preinit_array_end = .
                0x000892cc                . = ALIGN (0x4)
                0x000892cc                __init_array_start = .
 *(SORT(.init_array.*))
 .init_array.00000
                0x000892cc        0x4 c:/matlab/supportpackages/r2015b/arduino-1.6.1/hardware/tools/gcc-arm-none-eabi-4.8.3-2014q1/bin/../lib/gcc/arm-none-eabi/4.8.3/../../../../arm-none-eabi/lib/armv7-m\libg.a(lib_a-__call_atexit.o)
 *(.init_array)
 .init_array    0x000892d0        0x4 c:/matlab/supportpackages/r2015b/arduino-1.6.1/hardware/tools/gcc-arm-none-eabi-4.8.3-2014q1/bin/../lib/gcc/arm-none-eabi/4.8.3/armv7-m/crtbegin.o
 .init_array    0x000892d4        0x4 IPAddress.o
 .init_array    0x000892d8        0x4 CDC.o
 .init_array    0x000892dc        0x4 HID.o
 .init_array    0x000892e0        0x4 USBCore.o
 .init_array    0x000892e4        0x4 variant.o
                0x000892e8                __init_array_end = .
                0x000892e8                . = ALIGN (0x4)
 *crtbegin.o(.ctors)
 *(EXCLUDE_FILE(*crtend.o) .ctors)
 *(SORT(.ctors.*))
 *crtend.o(.ctors)
                0x000892e8                . = ALIGN (0x4)
 *(.fini)
 .fini          0x000892e8        0x4 c:/matlab/supportpackages/r2015b/arduino-1.6.1/hardware/tools/gcc-arm-none-eabi-4.8.3-2014q1/bin/../lib/gcc/arm-none-eabi/4.8.3/armv7-m/crti.o
                0x000892e8                _fini
 .fini          0x000892ec        0x8 c:/matlab/supportpackages/r2015b/arduino-1.6.1/hardware/tools/gcc-arm-none-eabi-4.8.3-2014q1/bin/../lib/gcc/arm-none-eabi/4.8.3/armv7-m/crtn.o
                0x000892f4                . = ALIGN (0x4)
                0x000892f4                __fini_array_start = .
 *(.fini_array)
 .fini_array    0x000892f4        0x4 c:/matlab/supportpackages/r2015b/arduino-1.6.1/hardware/tools/gcc-arm-none-eabi-4.8.3-2014q1/bin/../lib/gcc/arm-none-eabi/4.8.3/armv7-m/crtbegin.o
 *(SORT(.fini_array.*))
                0x000892f8                __fini_array_end = .
 *crtbegin.o(.dtors)
 *(EXCLUDE_FILE(*crtend.o) .dtors)
 *(SORT(.dtors.*))
 *crtend.o(.dtors)
                0x000892f8                . = ALIGN (0x4)
                0x000892f8                _efixed = .
                0x000892f8                PROVIDE (__exidx_start, .)

.vfp11_veneer   0x000892f8        0x0
 .vfp11_veneer  0x00000000        0x0 linker stubs

.v4_bx          0x000892f8        0x0
 .v4_bx         0x00000000        0x0 linker stubs

.iplt           0x000892f8        0x0
 .iplt          0x00000000        0x0 c:/matlab/supportpackages/r2015b/arduino-1.6.1/hardware/tools/gcc-arm-none-eabi-4.8.3-2014q1/bin/../lib/gcc/arm-none-eabi/4.8.3/armv7-m/crtbegin.o

.ARM.exidx      0x000892f8        0x8
 *(.ARM.exidx* .gnu.linkonce.armexidx.*)
 .ARM.exidx     0x000892f8        0x8 c:/matlab/supportpackages/r2015b/arduino-1.6.1/hardware/tools/gcc-arm-none-eabi-4.8.3-2014q1/bin/../lib/gcc/arm-none-eabi/4.8.3/armv7-m\libgcc.a(_divdi3.o)
 .ARM.exidx     0x00089300        0x0 c:/matlab/supportpackages/r2015b/arduino-1.6.1/hardware/tools/gcc-arm-none-eabi-4.8.3-2014q1/bin/../lib/gcc/arm-none-eabi/4.8.3/armv7-m\libgcc.a(_udivdi3.o)
                                  0x8 (size before relaxing)
                0x00089300                PROVIDE (__exidx_end, .)

.eh_frame       0x00089300        0x0
 .eh_frame      0x00089300        0x0 c:/matlab/supportpackages/r2015b/arduino-1.6.1/hardware/tools/gcc-arm-none-eabi-4.8.3-2014q1/bin/../lib/gcc/arm-none-eabi/4.8.3/armv7-m/crtbegin.o

.rel.dyn        0x00089300        0x0
 .rel.iplt      0x00000000        0x0 c:/matlab/supportpackages/r2015b/arduino-1.6.1/hardware/tools/gcc-arm-none-eabi-4.8.3-2014q1/bin/../lib/gcc/arm-none-eabi/4.8.3/armv7-m/crtbegin.o

.jcr            0x00089300        0x0
 .jcr           0x00089300        0x0 c:/matlab/supportpackages/r2015b/arduino-1.6.1/hardware/tools/gcc-arm-none-eabi-4.8.3-2014q1/bin/../lib/gcc/arm-none-eabi/4.8.3/armv7-m/crtbegin.o

.igot.plt       0x00089300        0x0
 .igot.plt      0x00000000        0x0 c:/matlab/supportpackages/r2015b/arduino-1.6.1/hardware/tools/gcc-arm-none-eabi-4.8.3-2014q1/bin/../lib/gcc/arm-none-eabi/4.8.3/armv7-m/crtbegin.o
                0x00089300                . = ALIGN (0x4)
                0x00089300                _etext = .

.relocate       0x20070000      0x964 load address 0x00089300
                0x20070000                . = ALIGN (0x4)
                0x20070000                _srelocate = .
 *(.ramfunc .ramfunc.*)
 .ramfunc       0x20070000       0x2c Reset.o
                0x20070000                banzai
 *(.data .data.*)
 *fill*         0x2007002c        0x4 
 .data.MotorTest_P
                0x20070030       0x58 MotorTest_data.o
                0x20070030                MotorTest_P
 .data.m12v     0x20070088        0x1 sfcn_motor_new_wrapper.o
                0x20070088                m12v
 .data.m24v     0x20070089        0x1 sfcn_motor_new_wrapper.o
                0x20070089                m24v
 .data.m6v      0x2007008a        0x1 sfcn_motor_new_wrapper.o
                0x2007008a                m6v
 .data.Motor    0x2007008b        0xe data_struct_init_wrapper.o
                0x2007008b                Motor
 *fill*         0x20070099        0x3 
 .data.Enc      0x2007009c       0x40 data_struct_init_wrapper.o
                0x2007009c                Enc
 .data._writeResolution
                0x200700dc        0x4 wiring_analog.o
 .data.latestSelectedChannel.9367
                0x200700e0        0x4 wiring_analog.o
 .data._readResolution
                0x200700e4        0x4 wiring_analog.o
 .data._ZL5ticks
                0x200700e8        0x4 Reset.o
 .data._ZL12_usbLineInfo
                0x200700ec        0x8 CDC.o
 .data._hid_protocol
                0x200700f4        0x1 HID.o
                0x200700f4                _hid_protocol
 .data._hid_idle
                0x200700f5        0x1 HID.o
                0x200700f5                _hid_idle
 *fill*         0x200700f6        0x2 
 .data.SystemCoreClock
                0x200700f8        0x4 C:/MATLAB/SupportPackages/R2015b/arduino-1.6.1/hardware/arduino/sam/variants/arduino_due_x/libsam_sam3x8e_gcc_rel.a(system_sam3xa.o)
                0x200700f8                SystemCoreClock
 .data.g_interrupt_enabled
                0x200700fc        0x4 C:/MATLAB/SupportPackages/R2015b/arduino-1.6.1/hardware/arduino/sam/variants/arduino_due_x/libsam_sam3x8e_gcc_rel.a(interrupt_sam_nvic.o)
                0x200700fc                g_interrupt_enabled
 .data.impure_data
                0x20070100      0x428 c:/matlab/supportpackages/r2015b/arduino-1.6.1/hardware/tools/gcc-arm-none-eabi-4.8.3-2014q1/bin/../lib/gcc/arm-none-eabi/4.8.3/../../../../arm-none-eabi/lib/armv7-m\libg.a(lib_a-impure.o)
 .data._impure_ptr
                0x20070528        0x4 c:/matlab/supportpackages/r2015b/arduino-1.6.1/hardware/tools/gcc-arm-none-eabi-4.8.3-2014q1/bin/../lib/gcc/arm-none-eabi/4.8.3/../../../../arm-none-eabi/lib/armv7-m\libg.a(lib_a-impure.o)
                0x20070528                _impure_ptr
 .data.__malloc_av_
                0x2007052c      0x408 c:/matlab/supportpackages/r2015b/arduino-1.6.1/hardware/tools/gcc-arm-none-eabi-4.8.3-2014q1/bin/../lib/gcc/arm-none-eabi/4.8.3/../../../../arm-none-eabi/lib/armv7-m\libg.a(lib_a-mallocr.o)
                0x2007052c                __malloc_av_
 .data.__malloc_trim_threshold
                0x20070934        0x4 c:/matlab/supportpackages/r2015b/arduino-1.6.1/hardware/tools/gcc-arm-none-eabi-4.8.3-2014q1/bin/../lib/gcc/arm-none-eabi/4.8.3/../../../../arm-none-eabi/lib/armv7-m\libg.a(lib_a-mallocr.o)
                0x20070934                __malloc_trim_threshold
 .data.__malloc_sbrk_base
                0x20070938        0x4 c:/matlab/supportpackages/r2015b/arduino-1.6.1/hardware/tools/gcc-arm-none-eabi-4.8.3-2014q1/bin/../lib/gcc/arm-none-eabi/4.8.3/../../../../arm-none-eabi/lib/armv7-m\libg.a(lib_a-mallocr.o)
                0x20070938                __malloc_sbrk_base
 .data.lc_ctype_charset
                0x2007093c       0x20 c:/matlab/supportpackages/r2015b/arduino-1.6.1/hardware/tools/gcc-arm-none-eabi-4.8.3-2014q1/bin/../lib/gcc/arm-none-eabi/4.8.3/../../../../arm-none-eabi/lib/armv7-m\libg.a(lib_a-locale.o)
 .data.__mb_cur_max
                0x2007095c        0x4 c:/matlab/supportpackages/r2015b/arduino-1.6.1/hardware/tools/gcc-arm-none-eabi-4.8.3-2014q1/bin/../lib/gcc/arm-none-eabi/4.8.3/../../../../arm-none-eabi/lib/armv7-m\libg.a(lib_a-locale.o)
                0x2007095c                __mb_cur_max
 .data.__wctomb
                0x20070960        0x4 c:/matlab/supportpackages/r2015b/arduino-1.6.1/hardware/tools/gcc-arm-none-eabi-4.8.3-2014q1/bin/../lib/gcc/arm-none-eabi/4.8.3/../../../../arm-none-eabi/lib/armv7-m\libg.a(lib_a-wctomb_r.o)
                0x20070960                __wctomb
                0x20070964                . = ALIGN (0x4)
                0x20070964                _erelocate = .

.bss            0x20070964      0xc28 load address 0x00089c64
                0x20070964                . = ALIGN (0x4)
                0x20070964                _sbss = .
                0x20070964                _szero = .
 *(.bss .bss.*)
 .bss           0x20070964       0x1c c:/matlab/supportpackages/r2015b/arduino-1.6.1/hardware/tools/gcc-arm-none-eabi-4.8.3-2014q1/bin/../lib/gcc/arm-none-eabi/4.8.3/armv7-m/crtbegin.o
 .bss.gpf_isr   0x20070980        0x4 C:/MATLAB/SupportPackages/R2015b/arduino-1.6.1/hardware/arduino/sam/variants/arduino_due_x/libsam_sam3x8e_gcc_rel.a(uotghs.o)
                0x20070980                gpf_isr
 *fill*         0x20070984        0x4 
 .bss.Vmot      0x20070988        0x8 sfcn_motor_new_wrapper.o
                0x20070988                Vmot
 .bss.Arrigon   0x20070990        0x4 sfcn_motor_new_wrapper.o
                0x20070990                Arrigon
 .bss.Signals2Send
                0x20070994        0x1 SerialTx_wrapper.o
                0x20070994                Signals2Send
 .bss.SignalAlarm
                0x20070995        0x1 data_struct_init_wrapper.o
                0x20070995                SignalAlarm
 .bss.SignalAlarmStudent
                0x20070996        0x1 data_struct_init_wrapper.o
                0x20070996                SignalAlarmStudent
 *fill*         0x20070997        0x1 
 .bss.heap.6416
                0x20070998        0x4 syscalls_sam3.o
 .bss.callbacksPioA
                0x2007099c       0x80 WInterrupts.o
 .bss.callbacksPioB
                0x20070a1c       0x80 WInterrupts.o
 .bss.callbacksPioC
                0x20070a9c       0x80 WInterrupts.o
 .bss.callbacksPioD
                0x20070b1c       0x80 WInterrupts.o
 .bss.enabled.9363
                0x20070b9c        0x4 WInterrupts.o
 .bss.PWMEnabled
                0x20070ba0        0x1 wiring_analog.o
 .bss.TCChanEnabled
                0x20070ba1        0x9 wiring_analog.o
 .bss.pinEnabled
                0x20070baa       0x4f wiring_analog.o
 *fill*         0x20070bf9        0x3 
 .bss._ZL11INADDR_NONE
                0x20070bfc        0x8 IPAddress.o
 .bss.cdc_rx_buffer
                0x20070c04      0x208 CDC.o
                0x20070c04                cdc_rx_buffer
 .bss._ZZN7Serial_6acceptEvE5guard
                0x20070e0c        0x4 CDC.o
 .bss.SerialUSB
                0x20070e10       0x14 CDC.o
                0x20070e10                SerialUSB
 .bss.Mouse     0x20070e24        0x1 HID.o
                0x20070e24                Mouse
 *fill*         0x20070e25        0x3 
 .bss.Keyboard  0x20070e28       0x10 HID.o
                0x20070e28                Keyboard
 .bss._ZL14isEndpointHalt
                0x20070e38        0x1 USBCore.o
 *fill*         0x20070e39        0x3 
 .bss._cmark    0x20070e3c        0x4 USBCore.o
                0x20070e3c                _cmark
 .bss._cend     0x20070e40        0x4 USBCore.o
                0x20070e40                _cend
 .bss._cdcComposite
                0x20070e44        0x4 USBCore.o
                0x20070e44                _cdcComposite
 .bss._ZL21isRemoteWakeUpEnabled
                0x20070e48        0x1 USBCore.o
 *fill*         0x20070e49        0x3 
 .bss._usbInitialized
                0x20070e4c        0x4 USBCore.o
                0x20070e4c                _usbInitialized
 .bss.USBDevice
                0x20070e50        0x1 USBCore.o
                0x20070e50                USBDevice
 *fill*         0x20070e51        0x3 
 .bss._usbSetInterface
                0x20070e54        0x4 USBCore.o
                0x20070e54                _usbSetInterface
 .bss._usbConfiguration
                0x20070e58        0x4 USBCore.o
                0x20070e58                _usbConfiguration
 .bss.tx_buffer2
                0x20070e5c       0x88 variant.o
                0x20070e5c                tx_buffer2
 .bss.tx_buffer1
                0x20070ee4       0x88 variant.o
                0x20070ee4                tx_buffer1
 .bss.Serial    0x20070f6c       0x24 variant.o
                0x20070f6c                Serial
 .bss.rx_buffer1
                0x20070f90       0x88 variant.o
                0x20070f90                rx_buffer1
 .bss.Serial1   0x20071018       0x28 variant.o
                0x20071018                Serial1
 .bss.Serial2   0x20071040       0x28 variant.o
                0x20071040                Serial2
 .bss.Serial3   0x20071068       0x28 variant.o
                0x20071068                Serial3
 .bss.tx_buffer3
                0x20071090       0x88 variant.o
                0x20071090                tx_buffer3
 .bss.tx_buffer4
                0x20071118       0x88 variant.o
                0x20071118                tx_buffer4
 .bss.rx_buffer2
                0x200711a0       0x88 variant.o
                0x200711a0                rx_buffer2
 .bss.rx_buffer3
                0x20071228       0x88 variant.o
                0x20071228                rx_buffer3
 .bss.rx_buffer4
                0x200712b0       0x88 variant.o
                0x200712b0                rx_buffer4
 .bss.OverrunFlag
                0x20071338        0x1 ert_main.o
 *fill*         0x20071339        0x3 
 .bss.IsrOverrun
                0x2007133c        0x4 ert_main.o
                0x2007133c                IsrOverrun
 .bss._dwTickCount
                0x20071340        0x4 C:/MATLAB/SupportPackages/R2015b/arduino-1.6.1/hardware/arduino/sam/variants/arduino_due_x/libsam_sam3x8e_gcc_rel.a(timetick.o)
 .bss.ul_recv_fifo_ptr
                0x20071344       0x28 C:/MATLAB/SupportPackages/R2015b/arduino-1.6.1/hardware/arduino/sam/variants/arduino_due_x/libsam_sam3x8e_gcc_rel.a(uotghs_device.o)
 .bss.ul_send_fifo_ptr
                0x2007136c       0x28 C:/MATLAB/SupportPackages/R2015b/arduino-1.6.1/hardware/arduino/sam/variants/arduino_due_x/libsam_sam3x8e_gcc_rel.a(uotghs_device.o)
 .bss.__malloc_max_total_mem
                0x20071394        0x4 c:/matlab/supportpackages/r2015b/arduino-1.6.1/hardware/tools/gcc-arm-none-eabi-4.8.3-2014q1/bin/../lib/gcc/arm-none-eabi/4.8.3/../../../../arm-none-eabi/lib/armv7-m\libg.a(lib_a-mallocr.o)
                0x20071394                __malloc_max_total_mem
 .bss.__malloc_max_sbrked_mem
                0x20071398        0x4 c:/matlab/supportpackages/r2015b/arduino-1.6.1/hardware/tools/gcc-arm-none-eabi-4.8.3-2014q1/bin/../lib/gcc/arm-none-eabi/4.8.3/../../../../arm-none-eabi/lib/armv7-m\libg.a(lib_a-mallocr.o)
                0x20071398                __malloc_max_sbrked_mem
 .bss.__malloc_top_pad
                0x2007139c        0x4 c:/matlab/supportpackages/r2015b/arduino-1.6.1/hardware/tools/gcc-arm-none-eabi-4.8.3-2014q1/bin/../lib/gcc/arm-none-eabi/4.8.3/../../../../arm-none-eabi/lib/armv7-m\libg.a(lib_a-mallocr.o)
                0x2007139c                __malloc_top_pad
 .bss.__malloc_current_mallinfo
                0x200713a0       0x28 c:/matlab/supportpackages/r2015b/arduino-1.6.1/hardware/tools/gcc-arm-none-eabi-4.8.3-2014q1/bin/../lib/gcc/arm-none-eabi/4.8.3/../../../../arm-none-eabi/lib/armv7-m\libg.a(lib_a-mallocr.o)
                0x200713a0                __malloc_current_mallinfo
 *(COMMON)
 COMMON         0x200713c8      0x188 MotorTest.o
                0x200713c8                MotorTest_B
                0x20071400                MotorTest_DW
                0x20071428                MotorTest_M_
 COMMON         0x20071550        0x2 signals_wrapper.o
                0x20071550                Alarm
                0x20071551                Switch1
 COMMON         0x20071552        0x8 sfcn_motor_new_wrapper.o
                0x20071552                VoltageSelection
                0x20071554                Analog
                0x20071556                DCbus
                0x20071558                PWM_mot
 COMMON         0x2007155a        0x1 SerialTx_wrapper.o
                0x2007155a                alarm_tx
 *fill*         0x2007155b        0x1 
 COMMON         0x2007155c       0x2a data_struct_init_wrapper.o
                0x2007155c                drB_2
                0x2007155d                drA_3
                0x20071560                Data2Send
                0x2007157c                drA_2
                0x2007157d                drB_1
                0x2007157e                drA_0
                0x2007157f                drA_1
                0x20071580                drB_3
                0x20071581                drB_0
                0x20071582                Config
 *fill*         0x20071586        0x2 
 COMMON         0x20071588        0x4 c:/matlab/supportpackages/r2015b/arduino-1.6.1/hardware/tools/gcc-arm-none-eabi-4.8.3-2014q1/bin/../lib/gcc/arm-none-eabi/4.8.3/../../../../arm-none-eabi/lib/armv7-m\libg.a(lib_a-reent.o)
                0x20071588                errno
                0x2007158c                . = ALIGN (0x4)
                0x2007158c                _ebss = .
                0x2007158c                _ezero = .
                0x2007158c                . = ALIGN (0x4)
                0x2007158c                _end = .

.stack_dummy    0x2007158c        0x0
 *(.stack*)
                0x20088000                __StackTop = (ORIGIN (ram) + 0x18000)
                0x20088000                __StackLimit = (__StackTop - SIZEOF (.stack_dummy))
                0x20088000                PROVIDE (_sstack, __StackLimit)
                0x20088000                PROVIDE (_estack, __StackTop)
OUTPUT(../MotorTest.elf elf32-littlearm)

.ARM.attributes
                0x00000000       0x29
 .ARM.attributes
                0x00000000       0x1d c:/matlab/supportpackages/r2015b/arduino-1.6.1/hardware/tools/gcc-arm-none-eabi-4.8.3-2014q1/bin/../lib/gcc/arm-none-eabi/4.8.3/armv7-m/crti.o
 .ARM.attributes
                0x0000001d       0x2d c:/matlab/supportpackages/r2015b/arduino-1.6.1/hardware/tools/gcc-arm-none-eabi-4.8.3-2014q1/bin/../lib/gcc/arm-none-eabi/4.8.3/armv7-m/crtbegin.o
 .ARM.attributes
                0x0000004a       0x31 C:/MATLAB/SupportPackages/R2015b/arduino-1.6.1/hardware/arduino/sam/variants/arduino_due_x/libsam_sam3x8e_gcc_rel.a(startup_sam3xa.o)
 .ARM.attributes
                0x0000007b       0x31 C:/MATLAB/SupportPackages/R2015b/arduino-1.6.1/hardware/arduino/sam/variants/arduino_due_x/libsam_sam3x8e_gcc_rel.a(uotghs.o)
 .ARM.attributes
                0x000000ac       0x33 MotorTest.o
 .ARM.attributes
                0x000000df       0x33 MotorTest_data.o
 .ARM.attributes
                0x00000112       0x33 signals_wrapper.o
 .ARM.attributes
                0x00000145       0x33 sfcn_motor_new_wrapper.o
 .ARM.attributes
                0x00000178       0x33 sfcn_encoder_wrapper.o
 .ARM.attributes