Archive member included because of file (symbol)

C:/MATLAB/SupportPackages/R2015b/arduino-1.6.1/hardware/arduino/sam/variants/arduino_due_x/libsam_sam3x8e_gcc_rel.a(startup_sam3xa.o)
                              (Reset_Handler)
C:/MATLAB/SupportPackages/R2015b/arduino-1.6.1/hardware/arduino/sam/variants/arduino_due_x/libsam_sam3x8e_gcc_rel.a(uotghs.o)
                              C:/MATLAB/SupportPackages/R2015b/arduino-1.6.1/hardware/arduino/sam/variants/arduino_due_x/libsam_sam3x8e_gcc_rel.a(startup_sam3xa.o) (UOTGHS_Handler)
C:/MATLAB/SupportPackages/R2015b/arduino-1.6.1/hardware/arduino/sam/variants/arduino_due_x/libsam_sam3x8e_gcc_rel.a(pio.o)
                              wiring_digital.o (PIO_PullUp)
C:/MATLAB/SupportPackages/R2015b/arduino-1.6.1/hardware/arduino/sam/variants/arduino_due_x/libsam_sam3x8e_gcc_rel.a(pmc.o)
                              WInterrupts.o (pmc_enable_periph_clk)
C:/MATLAB/SupportPackages/R2015b/arduino-1.6.1/hardware/arduino/sam/variants/arduino_due_x/libsam_sam3x8e_gcc_rel.a(pwmc.o)
                              wiring_analog.o (PWMC_ConfigureChannel)
C:/MATLAB/SupportPackages/R2015b/arduino-1.6.1/hardware/arduino/sam/variants/arduino_due_x/libsam_sam3x8e_gcc_rel.a(tc.o)
                              wiring_analog.o (TC_Configure)
C:/MATLAB/SupportPackages/R2015b/arduino-1.6.1/hardware/arduino/sam/variants/arduino_due_x/libsam_sam3x8e_gcc_rel.a(timetick.o)
                              cortex_handlers.o (TimeTick_Increment)
C:/MATLAB/SupportPackages/R2015b/arduino-1.6.1/hardware/arduino/sam/variants/arduino_due_x/libsam_sam3x8e_gcc_rel.a(wdt.o)
                              variant.o (WDT_Disable)
C:/MATLAB/SupportPackages/R2015b/arduino-1.6.1/hardware/arduino/sam/variants/arduino_due_x/libsam_sam3x8e_gcc_rel.a(system_sam3xa.o)
                              variant.o (SystemInit)
C:/MATLAB/SupportPackages/R2015b/arduino-1.6.1/hardware/arduino/sam/variants/arduino_due_x/libsam_sam3x8e_gcc_rel.a(adc.o)
                              variant.o (adc_init)
C:/MATLAB/SupportPackages/R2015b/arduino-1.6.1/hardware/arduino/sam/variants/arduino_due_x/libsam_sam3x8e_gcc_rel.a(interrupt_sam_nvic.o)
                              USBCore.o (g_interrupt_enabled)
C:/MATLAB/SupportPackages/R2015b/arduino-1.6.1/hardware/arduino/sam/variants/arduino_due_x/libsam_sam3x8e_gcc_rel.a(uotghs_device.o)
                              USBCore.o (UDD_SetStack)
C:/MATLAB/SupportPackages/R2015b/arduino-1.6.1/hardware/arduino/sam/variants/arduino_due_x/libsam_sam3x8e_gcc_rel.a(dacc.o)
                              wiring_analog.o (dacc_reset)
c:/matlab/supportpackages/r2015b/arduino-1.6.1/hardware/tools/gcc-arm-none-eabi-4.8.3-2014q1/bin/../lib/gcc/arm-none-eabi/4.8.3/../../../../arm-none-eabi/lib/armv7-m\libm.a(lib_a-s_fpclassify.o)
                              Print.o (__fpclassifyd)
c:/matlab/supportpackages/r2015b/arduino-1.6.1/hardware/tools/gcc-arm-none-eabi-4.8.3-2014q1/bin/../lib/gcc/arm-none-eabi/4.8.3/armv7-m\libgcc.a(_arm_addsubdf3.o)
                              data_struct_init_wrapper.o (__aeabi_dsub)
c:/matlab/supportpackages/r2015b/arduino-1.6.1/hardware/tools/gcc-arm-none-eabi-4.8.3-2014q1/bin/../lib/gcc/arm-none-eabi/4.8.3/armv7-m\libgcc.a(_arm_muldivdf3.o)
                              Print.o (__aeabi_dmul)
c:/matlab/supportpackages/r2015b/arduino-1.6.1/hardware/tools/gcc-arm-none-eabi-4.8.3-2014q1/bin/../lib/gcc/arm-none-eabi/4.8.3/armv7-m\libgcc.a(_arm_cmpdf2.o)
                              signals_wrapper.o (__aeabi_dcmpeq)
c:/matlab/supportpackages/r2015b/arduino-1.6.1/hardware/tools/gcc-arm-none-eabi-4.8.3-2014q1/bin/../lib/gcc/arm-none-eabi/4.8.3/armv7-m\libgcc.a(_arm_fixdfsi.o)
                              data_struct_init_wrapper.o (__aeabi_d2iz)
c:/matlab/supportpackages/r2015b/arduino-1.6.1/hardware/tools/gcc-arm-none-eabi-4.8.3-2014q1/bin/../lib/gcc/arm-none-eabi/4.8.3/armv7-m\libgcc.a(_arm_fixunsdfsi.o)
                              Print.o (__aeabi_d2uiz)
c:/matlab/supportpackages/r2015b/arduino-1.6.1/hardware/tools/gcc-arm-none-eabi-4.8.3-2014q1/bin/../lib/gcc/arm-none-eabi/4.8.3/armv7-m\libgcc.a(_arm_truncdfsf2.o)
                              Stream.o (__aeabi_d2f)
c:/matlab/supportpackages/r2015b/arduino-1.6.1/hardware/tools/gcc-arm-none-eabi-4.8.3-2014q1/bin/../lib/gcc/arm-none-eabi/4.8.3/armv7-m\libgcc.a(_arm_addsubsf3.o)
                              EncoderTest.o (__aeabi_i2f)
c:/matlab/supportpackages/r2015b/arduino-1.6.1/hardware/tools/gcc-arm-none-eabi-4.8.3-2014q1/bin/../lib/gcc/arm-none-eabi/4.8.3/armv7-m\libgcc.a(_arm_muldivsf3.o)
                              Stream.o (__aeabi_fmul)
c:/matlab/supportpackages/r2015b/arduino-1.6.1/hardware/tools/gcc-arm-none-eabi-4.8.3-2014q1/bin/../lib/gcc/arm-none-eabi/4.8.3/../../../../arm-none-eabi/lib/armv7-m\libg.a(lib_a-assert.o)
                              C:/MATLAB/SupportPackages/R2015b/arduino-1.6.1/hardware/arduino/sam/variants/arduino_due_x/libsam_sam3x8e_gcc_rel.a(pwmc.o) (__assert_func)
[...]
Memory Configuration

Name             Origin             Length             Attributes
rom              0x00080000         0x00080000         xr
sram0            0x20000000         0x00010000         xrw
sram1            0x20080000         0x00008000         xrw
ram              0x20070000         0x00018000         xrw
*default*        0x00000000         0xffffffff

Linker script and memory map

LOAD c:/matlab/supportpackages/r2015b/arduino-1.6.1/hardware/tools/gcc-arm-none-eabi-4.8.3-2014q1/bin/../lib/gcc/arm-none-eabi/4.8.3/armv7-m/crti.o
LOAD c:/matlab/supportpackages/r2015b/arduino-1.6.1/hardware/tools/gcc-arm-none-eabi-4.8.3-2014q1/bin/../lib/gcc/arm-none-eabi/4.8.3/armv7-m/crtbegin.o
LOAD c:/matlab/supportpackages/r2015b/arduino-1.6.1/hardware/tools/gcc-arm-none-eabi-4.8.3-2014q1/bin/../lib/gcc/arm-none-eabi/4.8.3/../../../../arm-none-eabi/lib/armv7-m/crt0.o
START GROUP
LOAD C:/MATLAB/SupportPackages/R2015b/arduino-1.6.1/hardware/arduino/sam/variants/arduino_due_x/libsam_sam3x8e_gcc_rel.a
LOAD EncoderTest.o
LOAD EncoderTest_data.o
LOAD signals_wrapper.o
LOAD sfcn_encoder_wrapper.o
LOAD SerialTx_wrapper.o
LOAD data_struct_init_wrapper.o
LOAD dtostrf.o
LOAD cortex_handlers.o
LOAD hooks.o
LOAD iar_calls_sam3.o
LOAD itoa.o
LOAD syscalls_sam3.o
LOAD WInterrupts.o
LOAD wiring.o
LOAD wiring_analog.o
LOAD wiring_digital.o
LOAD wiring_shift.o
LOAD abi.o
LOAD IPAddress.o
LOAD new.o
LOAD Print.o
LOAD Reset.o
LOAD RingBuffer.o
LOAD Stream.o
LOAD UARTClass.o
LOAD USARTClass.o
LOAD CDC.o
LOAD HID.o
LOAD USBCore.o
LOAD wiring_pulse.o
LOAD WMath.o
LOAD WString.o
LOAD variant.o
LOAD MW_ArduinoHWInit.o
LOAD io_wrappers.o
LOAD arduinoARMScheduler.o
LOAD arm_cortex_m_multitasking.o
LOAD ert_main.o
END GROUP
LOAD c:/matlab/supportpackages/r2015b/arduino-1.6.1/hardware/tools/gcc-arm-none-eabi-4.8.3-2014q1/bin/../lib/gcc/arm-none-eabi/4.8.3/../../../../arm-none-eabi/lib/armv7-m\libm.a
START GROUP
LOAD c:/matlab/supportpackages/r2015b/arduino-1.6.1/hardware/tools/gcc-arm-none-eabi-4.8.3-2014q1/bin/../lib/gcc/arm-none-eabi/4.8.3/armv7-m\libgcc.a
LOAD c:/matlab/supportpackages/r2015b/arduino-1.6.1/hardware/tools/gcc-arm-none-eabi-4.8.3-2014q1/bin/../lib/gcc/arm-none-eabi/4.8.3/../../../../arm-none-eabi/lib/armv7-m\libg.a
LOAD c:/matlab/supportpackages/r2015b/arduino-1.6.1/hardware/tools/gcc-arm-none-eabi-4.8.3-2014q1/bin/../lib/gcc/arm-none-eabi/4.8.3/../../../../arm-none-eabi/lib/armv7-m\libc.a
END GROUP
LOAD c:/matlab/supportpackages/r2015b/arduino-1.6.1/hardware/tools/gcc-arm-none-eabi-4.8.3-2014q1/bin/../lib/gcc/arm-none-eabi/4.8.3/armv7-m/crtend.o
LOAD c:/matlab/supportpackages/r2015b/arduino-1.6.1/hardware/tools/gcc-arm-none-eabi-4.8.3-2014q1/bin/../lib/gcc/arm-none-eabi/4.8.3/armv7-m/crtn.o

.text           0x00080000     0x675c
                0x00080000                . = ALIGN (0x4)
                0x00080000                _sfixed = .
 *(.vectors .vectors.*)
 .vectors       0x00080000       0xf4 C:/MATLAB/SupportPackages/R2015b/arduino-1.6.1/hardware/arduino/sam/variants/arduino_due_x/libsam_sam3x8e_gcc_rel.a(startup_sam3xa.o)
                0x00080000                exception_table
 *(.text .text.* .gnu.linkonce.t.*)
 .text          0x000800f4       0x54 c:/matlab/supportpackages/r2015b/arduino-1.6.1/hardware/tools/gcc-arm-none-eabi-4.8.3-2014q1/bin/../lib/gcc/arm-none-eabi/4.8.3/armv7-m/crtbegin.o
 .text.Reset_Handler
                0x00080148       0x70 C:/MATLAB/SupportPackages/R2015b/arduino-1.6.1/hardware/arduino/sam/variants/arduino_due_x/libsam_sam3x8e_gcc_rel.a(startup_sam3xa.o)
                0x00080148                Reset_Handler
 .text.UOTGHS_Handler
                0x000801b8       0x10 C:/MATLAB/SupportPackages/R2015b/arduino-1.6.1/hardware/arduino/sam/variants/arduino_due_x/libsam_sam3x8e_gcc_rel.a(uotghs.o)
                0x000801b8                UOTGHS_Handler
 .text.EncoderTest_step
                0x000801c8      0x1f4 EncoderTest.o
                0x000801c8                EncoderTest_step
 .text.EncoderTest_initialize
                0x000803bc       0x68 EncoderTest.o
                0x000803bc                EncoderTest_initialize
 .text.EncoderTest_terminate
                0x00080424        0x2 EncoderTest.o
                0x00080424                EncoderTest_terminate
 *fill*         0x00080426        0x2 
 .text.signals_Outputs_wrapper
                0x00080428       0x60 signals_wrapper.o
                0x00080428                signals_Outputs_wrapper
 .text.signals_Update_wrapper
                0x00080488       0x20 signals_wrapper.o
                0x00080488                signals_Update_wrapper
 .text.sfcn_encoder_Outputs_wrapper
                0x000804a8       0x40 sfcn_encoder_wrapper.o
                0x000804a8                sfcn_encoder_Outputs_wrapper
 .text.sfcn_encoder_Update_wrapper
                0x000804e8       0x20 sfcn_encoder_wrapper.o
                0x000804e8                sfcn_encoder_Update_wrapper
 .text.SerialTx_Outputs_wrapper
                0x00080508       0xb4 SerialTx_wrapper.o
                0x00080508                SerialTx_Outputs_wrapper
 .text.SerialTx_Update_wrapper
                0x000805bc       0x2c SerialTx_wrapper.o
                0x000805bc                SerialTx_Update_wrapper
 .text.isrPinAEn2
                0x000805e8       0x48 data_struct_init_wrapper.o
                0x000805e8                isrPinAEn2
 .text.isrPinAEn3
                0x00080630       0x44 data_struct_init_wrapper.o
                0x00080630                isrPinAEn3
 .text.isrPinAEn0
                0x00080674       0x44 data_struct_init_wrapper.o
                0x00080674                isrPinAEn0
 .text.isrPinAEn1
                0x000806b8       0x44 data_struct_init_wrapper.o
                0x000806b8                isrPinAEn1
 .text.data_struct_init_Outputs_wrapper
                0x000806fc        0x2 data_struct_init_wrapper.o
                0x000806fc                data_struct_init_Outputs_wrapper
 *fill*         0x000806fe        0x2 
 .text.data_struct_init_Update_wrapper
                0x00080700      0x1a4 data_struct_init_wrapper.o
                0x00080700                data_struct_init_Update_wrapper
 .text.__halt   0x000808a4        0x2 cortex_handlers.o
                0x000808a4                DACC_Handler
                0x000808a4                DebugMon_Handler
                0x000808a4                DMAC_Handler
                0x000808a4                TRNG_Handler
                0x000808a4                HardFault_Handler
                0x000808a4                TC2_Handler
                0x000808a4                TWI1_Handler
                0x000808a4                NMI_Handler
                0x000808a4                TC7_Handler
                0x000808a4                ADC_Handler
                0x000808a4                SMC_Handler
                0x000808a4                RTT_Handler
                0x000808a4                EFC1_Handler
                0x000808a4                RTC_Handler
                0x000808a4                UsageFault_Handler
                0x000808a4                TC6_Handler
                0x000808a4                WDT_Handler
                0x000808a4                CAN0_Handler
                0x000808a4                TC4_Handler
                0x000808a4                TC1_Handler
                0x000808a4                HSMCI_Handler
                0x000808a4                TC3_Handler
                0x000808a4                TWI0_Handler
                0x000808a4                SSC_Handler
                0x000808a4                EFC0_Handler
                0x000808a4                PMC_Handler
                0x000808a4                PWM_Handler
                0x000808a4                CAN1_Handler
                0x000808a4                MemManage_Handler
                0x000808a4                SUPC_Handler
                0x000808a4                USART2_Handler
                0x000808a4                EMAC_Handler
                0x000808a4                BusFault_Handler
                0x000808a4                RSTC_Handler
                0x000808a4                TC0_Handler
                0x000808a4                TC5_Handler
                0x000808a4                SPI0_Handler
 .text.SVC_Handler
                0x000808a6        0x4 cortex_handlers.o
                0x000808a6                SVC_Handler
 .text.PendSV_Handler
                0x000808aa        0x4 cortex_handlers.o
                0x000808aa                PendSV_Handler
 .text.SysTick_Handler
                0x000808ae       0x16 cortex_handlers.o
                0x000808ae                SysTick_Handler
 .text.__false  0x000808c4        0x4 hooks.o
                0x000808c4                sysTickHook
 .text.__halt   0x000808c8        0x2 hooks.o
                0x000808c8                pendSVHook
 *fill*         0x000808ca        0x2 
 .text._sbrk    0x000808cc       0x1c syscalls_sam3.o
                0x000808cc                _sbrk
 .text._close   0x000808e8        0x6 syscalls_sam3.o
                0x000808e8                _close
 .text._fstat   0x000808ee        0xa syscalls_sam3.o
                0x000808ee                _fstat
 .text._isatty  0x000808f8        0x4 syscalls_sam3.o
                0x000808f8                _isatty
 .text._lseek   0x000808fc        0x4 syscalls_sam3.o
                0x000808fc                _lseek
 .text._read    0x00080900        0x4 syscalls_sam3.o
                0x00080900                _read
 .text._write   0x00080904       0x24 syscalls_sam3.o
                0x00080904                _write
 .text._exit    0x00080928       0x10 syscalls_sam3.o
                0x00080928                _exit
 .text._kill    0x00080938        0x2 syscalls_sam3.o
                0x00080938                _kill
 .text._getpid  0x0008093a        0x6 syscalls_sam3.o
                0x0008093a                _getpid
 .text.attachInterrupt
                0x00080940      0x148 WInterrupts.o
                0x00080940                attachInterrupt
 .text.PIOA_Handler
                0x00080a88       0x28 WInterrupts.o
                0x00080a88                PIOA_Handler
 .text.PIOB_Handler
                0x00080ab0       0x28 WInterrupts.o
                0x00080ab0                PIOB_Handler
 .text.PIOC_Handler
                0x00080ad8       0x28 WInterrupts.o
                0x00080ad8                PIOC_Handler
 .text.PIOD_Handler
                0x00080b00       0x28 WInterrupts.o
                0x00080b00                PIOD_Handler
 .text.analogReadResolution
                0x00080b28        0xc wiring_analog.o
                0x00080b28                analogReadResolution
 .text.analogWriteResolution
                0x00080b34        0xc wiring_analog.o
                0x00080b34                analogWriteResolution
 .text.analogOutputInit
                0x00080b40       0x14 wiring_analog.o
                0x00080b40                analogOutputInit
 .text.pinMode  0x00080b54       0x64 wiring_digital.o
                0x00080b54                pinMode
 .text.digitalWrite
                0x00080bb8       0x48 wiring_digital.o
                0x00080bb8                digitalWrite
 .text.digitalRead
                0x00080c00       0x24 wiring_digital.o
                0x00080c00                digitalRead
 .text._ZNK9IPAddress7printToER5Print
                0x00080c24       0x3c IPAddress.o
                0x00080c24                IPAddress::printTo(Print&) const
 .text.startup._GLOBAL__sub_I__ZN9IPAddressC2Ev
                0x00080c60       0x1c IPAddress.o
 .text._ZN5Print5writeEPKhj
                0x00080c7c       0x22 Print.o
                0x00080c7c                Print::write(unsigned char const*, unsigned int)
 .text._ZN5Print5writeEPKc
                0x00080c9e       0x1e Print.o
                0x00080c9e                Print::write(char const*)
 .text._ZN5Print5printEc
                0x00080cbc        0xa Print.o
                0x00080cbc                Print::print(char)
 .text._ZN5Print11printNumberEmh
                0x00080cc6       0x3c Print.o
                0x00080cc6                Print::printNumber(unsigned long, unsigned char)
 .text._ZN5Print5printEmi
                0x00080d02       0x18 Print.o
                0x00080d02                Print::print(unsigned long, int)
 .text._ZN5Print5printEhi
                0x00080d1a        0x4 Print.o
                0x00080d1a                Print::print(unsigned char, int)
 *fill*         0x00080d1e        0x2 
 .text.initiateReset
                0x00080d20        0xc Reset.o
                0x00080d20                initiateReset
 .text.cancelReset
                0x00080d2c       0x10 Reset.o
                0x00080d2c                cancelReset
 .text.tickReset
                0x00080d3c       0x20 Reset.o
                0x00080d3c                tickReset
 .text._ZN10RingBufferC2Ev
                0x00080d5c       0x1a RingBuffer.o
                0x00080d5c                RingBuffer::RingBuffer()
                0x00080d5c                RingBuffer::RingBuffer()
 .text._ZN10RingBuffer10store_charEh
                0x00080d76       0x1e RingBuffer.o
                0x00080d76                RingBuffer::store_char(unsigned char)
 .text._ZN9UARTClasscvbEv
                0x00080d94        0x4 UARTClass.o
                0x00080d94                UARTClass::operator bool()
 .text._ZN9UARTClass9availableEv
                0x00080d98       0x12 UARTClass.o
                0x00080d98                UARTClass::available()
 .text._ZN9UARTClass4peekEv
                0x00080daa       0x1c UARTClass.o
                0x00080daa                UARTClass::peek()
 .text._ZN9UARTClass4readEv
                0x00080dc6       0x2a UARTClass.o
                0x00080dc6                UARTClass::read()
 .text._ZN9UARTClass5flushEv
                0x00080df0       0x18 UARTClass.o
                0x00080df0                UARTClass::flush()
 .text._ZN9UARTClass5writeEh
                0x00080e08       0x54 UARTClass.o
                0x00080e08                UARTClass::write(unsigned char)
 .text._ZN9UARTClass3endEv
                0x00080e5c       0x3c UARTClass.o
                0x00080e5c                UARTClass::end()
 .text._ZN9UARTClassC2EP4Uart4IRQnmP10RingBufferS4_
                0x00080e98       0x24 UARTClass.o
                0x00080e98                UARTClass::UARTClass(Uart*, IRQn, unsigned long, RingBuffer*, RingBuffer*)
                0x00080e98                UARTClass::UARTClass(Uart*, IRQn, unsigned long, RingBuffer*, RingBuffer*)
 .text._ZN9UARTClass4initEmm
                0x00080ebc       0x70 UARTClass.o
                0x00080ebc                UARTClass::init(unsigned long, unsigned long)
 .text._ZN9UARTClass5beginEm
                0x00080f2c        0x8 UARTClass.o
                0x00080f2c                UARTClass::begin(unsigned long)
 .text._ZN9UARTClass10IrqHandlerEv
                0x00080f34       0x5a UARTClass.o
                0x00080f34                UARTClass::IrqHandler()
 .text._ZN10USARTClass5beginEm
                0x00080f8e        0x8 USARTClass.o
                0x00080f8e                USARTClass::begin(unsigned long)
 *fill*         0x00080f96        0x2 
 .text._ZN10USARTClassC2EP5Usart4IRQnmP10RingBufferS4_
                0x00080f98       0x24 USARTClass.o
                0x00080f98                USARTClass::USARTClass(Usart*, IRQn, unsigned long, RingBuffer*, RingBuffer*)
                0x00080f98                USARTClass::USARTClass(Usart*, IRQn, unsigned long, RingBuffer*, RingBuffer*)
 .text._ZN7Serial_9availableEv
                0x00080fbc       0x18 CDC.o
                0x00080fbc                Serial_::available()
 .text._ZN7Serial_4peekEv
                0x00080fd4       0x20 CDC.o
                0x00080fd4                Serial_::peek()
 .text._ZN7Serial_5writeEh
                0x00080ff4       0x16 CDC.o
                0x00080ff4                Serial_::write(unsigned char)
 *fill*         0x0008100a        0x2 
 .text._ZN7Serial_4readEv
                0x0008100c       0x44 CDC.o
                0x0008100c                Serial_::read()
 .text._ZN7Serial_5flushEv
                0x00081050        0x6 CDC.o
                0x00081050                Serial_::flush()
 *fill*         0x00081056        0x2 
 .text._ZN7Serial_6acceptEv
                0x00081058       0x70 CDC.o
                0x00081058                Serial_::accept()
 .text._ZN7Serial_5writeEPKhj
                0x000810c8       0x2c CDC.o
                0x000810c8                Serial_::write(unsigned char const*, unsigned int)
 .text._Z16CDC_GetInterfacePh
                0x000810f4       0x14 CDC.o
                0x000810f4                CDC_GetInterface(unsigned char*)
 .text._Z21CDC_GetOtherInterfacePh
                0x00081108       0x14 CDC.o
                0x00081108                CDC_GetOtherInterface(unsigned char*)
 .text._Z9CDC_SetupR5Setup
                0x0008111c       0x64 CDC.o
                0x0008111c                CDC_Setup(Setup&)
 .text.startup._GLOBAL__sub_I_cdc_rx_buffer
                0x00081180       0x1c CDC.o
 .text._ZN9Keyboard_5writeEh
                0x0008119c       0x1c HID.o
                0x0008119c                Keyboard_::write(unsigned char)
 .text._Z16HID_GetInterfacePh
                0x000811b8       0x14 HID.o
                0x000811b8                HID_GetInterface(unsigned char*)
 .text._Z17HID_GetDescriptori
                0x000811cc       0x10 HID.o
                0x000811cc                HID_GetDescriptor(int)
 .text._Z14HID_SendReporthPKvm
                0x000811dc       0x2e HID.o
                0x000811dc                HID_SendReport(unsigned char, void const*, unsigned long)
 *fill*         0x0008120a        0x2 
 .text._Z9HID_SetupR5Setup
                0x0008120c       0x40 HID.o
                0x0008120c                HID_Setup(Setup&)
 .text._ZN9Keyboard_10sendReportEP9KeyReport
                0x0008124c        0xc HID.o
                0x0008124c                Keyboard_::sendReport(KeyReport*)
 .text._ZN9Keyboard_5pressEh
                0x00081258       0x88 HID.o
                0x00081258                Keyboard_::press(unsigned char)
 .text._ZN9Keyboard_7releaseEh
                0x000812e0       0x64 HID.o
                0x000812e0                Keyboard_::release(unsigned char)
 .text._ZN9Keyboard_10releaseAllEv
                0x00081344       0x18 HID.o
                0x00081344                Keyboard_::releaseAll()
 .text.startup._GLOBAL__sub_I_Mouse
                0x0008135c       0x1c HID.o
 .text.unlikely._ZL11USB_SendZlpv
                0x00081378       0x20 USBCore.o
 .text._Z14USBD_Availablem
                0x00081398       0x2c USBCore.o
                0x00081398                USBD_Available(unsigned long)
 .text._Z9USBD_RecvmPvm
                0x000813c4       0x7c USBCore.o
                0x000813c4                USBD_Recv(unsigned long, void*, unsigned long)
 .text._Z9USBD_Recvm
                0x00081440       0x22 USBCore.o
                0x00081440                USBD_Recv(unsigned long)
 *fill*         0x00081462        0x2 
 .text._Z9USBD_SendmPKvm
                0x00081464       0x4c USBCore.o
                0x00081464                USBD_Send(unsigned long, void const*, unsigned long)
 .text._Z16USBD_SendControlhPKvm
                0x000814b0       0x40 USBCore.o
                0x000814b0                USBD_SendControl(unsigned char, void const*, unsigned long)
 .text.unlikely._ZL24USB_SendStringDescriptorPKhi
                0x000814f0       0x38 USBCore.o
 .text._Z16USBD_RecvControlPvm
                0x00081528       0x1c USBCore.o
                0x00081528                USBD_RecvControl(void*, unsigned long)
 .text._Z26USBD_ClassInterfaceRequestR5Setup
                0x00081544       0x14 USBCore.o
                0x00081544                USBD_ClassInterfaceRequest(Setup&)
 .text._Z19USBD_SendInterfacesv
                0x00081558       0x1e USBCore.o
                0x00081558                USBD_SendInterfaces()
 .text._Z24USBD_SendOtherInterfacesv
                0x00081576       0x1e USBCore.o
                0x00081576                USBD_SendOtherInterfaces()
 .text._Z10USBD_Flushm
                0x00081594       0x16 USBCore.o
                0x00081594                USBD_Flush(unsigned long)
 *fill*         0x000815aa        0x2 
 .text._ZN10USBDevice_C2Ev
                0x000815ac       0x24 USBCore.o
                0x000815ac                USBDevice_::USBDevice_()
                0x000815ac                USBDevice_::USBDevice_()
 .text.startup._GLOBAL__sub_I_TxLEDPulse
                0x000815d0        0xc USBCore.o
 .text._ZL7USB_ISRv
                0x000815dc      0x424 USBCore.o
 .text.UART_Handler
                0x00081a00        0xc variant.o
                0x00081a00                UART_Handler
 .text.USART0_Handler
                0x00081a0c        0xc variant.o
                0x00081a0c                USART0_Handler
 .text.USART1_Handler
                0x00081a18        0xc variant.o
                0x00081a18                USART1_Handler
 .text.USART3_Handler
                0x00081a24        0xc variant.o
                0x00081a24                USART3_Handler
 .text.init     0x00081a30      0x130 variant.o
                0x00081a30                init
 .text.startup._GLOBAL__sub_I_g_APinDescription
                0x00081b60       0xd4 variant.o
 .text.MW_Arduino_Init
                0x00081c34       0x16 MW_ArduinoHWInit.o
                0x00081c34                MW_Arduino_Init
 *fill*         0x00081c4a        0x2 
 .text.Serial_begin
                0x00081c4c       0x34 io_wrappers.o
                0x00081c4c                Serial_begin
 .text._ZL13Scheduler_Isrv
                0x00081c80       0x28 arduinoARMScheduler.o
 .text.TC8_Handler
                0x00081ca8       0x1c arduinoARMScheduler.o
                0x00081ca8                TC8_Handler
 .text.Setup_SchedulerTimer
                0x00081cc4       0x84 arduinoARMScheduler.o
                0x00081cc4                Setup_SchedulerTimer
 .text.configureArduinoARMTimer
                0x00081d48       0x20 arduinoARMScheduler.o
                0x00081d48                configureArduinoARMTimer
 .text.arm_cortex_m_call_thread_with_context_switch
                0x00081d68       0x34 arm_cortex_m_multitasking.o
                0x00081d68                arm_cortex_m_call_thread_with_context_switch
 .text.svcHook  0x00081d9c       0x2c arm_cortex_m_multitasking.o
                0x00081d9c                svcHook
 .text.rt_OneStep
                0x00081dc8       0x30 ert_main.o
                0x00081dc8                rt_OneStep
 .text.startup.main
                0x00081df8       0x58 ert_main.o
                0x00081df8                main
 .text.PIO_DisableInterrupt
                0x00081e50        0x4 C:/MATLAB/SupportPackages/R2015b/arduino-1.6.1/hardware/arduino/sam/variants/arduino_due_x/libsam_sam3x8e_gcc_rel.a(pio.o)
                0x00081e50                PIO_DisableInterrupt
 .text.PIO_PullUp
                0x00081e54        0xa C:/MATLAB/SupportPackages/R2015b/arduino-1.6.1/hardware/arduino/sam/variants/arduino_due_x/libsam_sam3x8e_gcc_rel.a(pio.o)
                0x00081e54                PIO_PullUp
 .text.PIO_Get  0x00081e5e       0x16 C:/MATLAB/SupportPackages/R2015b/arduino-1.6.1/hardware/arduino/sam/variants/arduino_due_x/libsam_sam3x8e_gcc_rel.a(pio.o)
                0x00081e5e                PIO_Get
 .text.PIO_SetPeripheral
                0x00081e74       0x2a C:/MATLAB/SupportPackages/R2015b/arduino-1.6.1/hardware/arduino/sam/variants/arduino_due_x/libsam_sam3x8e_gcc_rel.a(pio.o)
                0x00081e74                PIO_SetPeripheral
 *fill*         0x00081e9e        0x2 
 .text.PIO_SetInput
                0x00081ea0       0x40 C:/MATLAB/SupportPackages/R2015b/arduino-1.6.1/hardware/arduino/sam/variants/arduino_due_x/libsam_sam3x8e_gcc_rel.a(pio.o)
                0x00081ea0                PIO_SetInput
 .text.PIO_SetOutput
                0x00081ee0       0x38 C:/MATLAB/SupportPackages/R2015b/arduino-1.6.1/hardware/arduino/sam/variants/arduino_due_x/libsam_sam3x8e_gcc_rel.a(pio.o)
                0x00081ee0                PIO_SetOutput
 .text.PIO_Configure
                0x00081f18       0x74 C:/MATLAB/SupportPackages/R2015b/arduino-1.6.1/hardware/arduino/sam/variants/arduino_due_x/libsam_sam3x8e_gcc_rel.a(pio.o)
                0x00081f18                PIO_Configure
 .text.PIO_GetOutputDataStatus
                0x00081f8c       0x16 C:/MATLAB/SupportPackages/R2015b/arduino-1.6.1/hardware/arduino/sam/variants/arduino_due_x/libsam_sam3x8e_gcc_rel.a(pio.o)
                0x00081f8c                PIO_GetOutputDataStatus
 *fill*         0x00081fa2        0x2 
 .text.pmc_enable_upll_clock
                0x00081fa4       0x18 C:/MATLAB/SupportPackages/R2015b/arduino-1.6.1/hardware/arduino/sam/variants/arduino_due_x/libsam_sam3x8e_gcc_rel.a(pmc.o)
                0x00081fa4                pmc_enable_upll_clock
 .text.pmc_enable_periph_clk
                0x00081fbc       0x48 C:/MATLAB/SupportPackages/R2015b/arduino-1.6.1/hardware/arduino/sam/variants/arduino_due_x/libsam_sam3x8e_gcc_rel.a(pmc.o)
                0x00081fbc                pmc_enable_periph_clk
 .text.pmc_disable_periph_clk
                0x00082004       0x48 C:/MATLAB/SupportPackages/R2015b/arduino-1.6.1/hardware/arduino/sam/variants/arduino_due_x/libsam_sam3x8e_gcc_rel.a(pmc.o)
                0x00082004                pmc_disable_periph_clk
 .text.pmc_switch_udpck_to_upllck
                0x0008204c       0x14 C:/MATLAB/SupportPackages/R2015b/arduino-1.6.1/hardware/arduino/sam/variants/arduino_due_x/libsam_sam3x8e_gcc_rel.a(pmc.o)
                0x0008204c                pmc_switch_udpck_to_upllck
 .text.pmc_enable_udpck
                0x00082060        0xc C:/MATLAB/SupportPackages/R2015b/arduino-1.6.1/hardware/arduino/sam/variants/arduino_due_x/libsam_sam3x8e_gcc_rel.a(pmc.o)
                0x00082060                pmc_enable_udpck
 .text.pmc_set_writeprotect
                0x0008206c       0x1c C:/MATLAB/SupportPackages/R2015b/arduino-1.6.1/hardware/arduino/sam/variants/arduino_due_x/libsam_sam3x8e_gcc_rel.a(pmc.o)
                0x0008206c                pmc_set_writeprotect
 .text.TC_Configure
                0x00082088       0x38 C:/MATLAB/SupportPackages/R2015b/arduino-1.6.1/hardware/arduino/sam/variants/arduino_due_x/libsam_sam3x8e_gcc_rel.a(tc.o)
                0x00082088                TC_Configure
 .text.TC_Start
                0x000820c0       0x2c C:/MATLAB/SupportPackages/R2015b/arduino-1.6.1/hardware/arduino/sam/variants/arduino_due_x/libsam_sam3x8e_gcc_rel.a(tc.o)
                0x000820c0                TC_Start
 .text.TC_GetStatus
                0x000820ec        0x8 C:/MATLAB/SupportPackages/R2015b/arduino-1.6.1/hardware/arduino/sam/variants/arduino_due_x/libsam_sam3x8e_gcc_rel.a(tc.o)
                0x000820ec                TC_GetStatus
 .text.TC_SetRC
                0x000820f4        0x8 C:/MATLAB/SupportPackages/R2015b/arduino-1.6.1/hardware/arduino/sam/variants/arduino_due_x/libsam_sam3x8e_gcc_rel.a(tc.o)
                0x000820f4                TC_SetRC
 .text.TimeTick_Increment
                0x000820fc       0x10 C:/MATLAB/SupportPackages/R2015b/arduino-1.6.1/hardware/arduino/sam/variants/arduino_due_x/libsam_sam3x8e_gcc_rel.a(timetick.o)
                0x000820fc                TimeTick_Increment
 .text.WDT_Disable
                0x0008210c        0x8 C:/MATLAB/SupportPackages/R2015b/arduino-1.6.1/hardware/arduino/sam/variants/arduino_due_x/libsam_sam3x8e_gcc_rel.a(wdt.o)
                0x0008210c                WDT_Disable
 .text.SystemInit
                0x00082114       0x9c C:/MATLAB/SupportPackages/R2015b/arduino-1.6.1/hardware/arduino/sam/variants/arduino_due_x/libsam_sam3x8e_gcc_rel.a(system_sam3xa.o)
                0x00082114                SystemInit
 .text.adc_init
                0x000821b0       0xa0 C:/MATLAB/SupportPackages/R2015b/arduino-1.6.1/hardware/arduino/sam/variants/arduino_due_x/libsam_sam3x8e_gcc_rel.a(adc.o)
                0x000821b0                adc_init
 .text.adc_configure_trigger
                0x00082250       0x10 C:/MATLAB/SupportPackages/R2015b/arduino-1.6.1/hardware/arduino/sam/variants/arduino_due_x/libsam_sam3x8e_gcc_rel.a(adc.o)
                0x00082250                adc_configure_trigger
 .text.adc_configure_timing
                0x00082260       0x1a C:/MATLAB/SupportPackages/R2015b/arduino-1.6.1/hardware/arduino/sam/variants/arduino_due_x/libsam_sam3x8e_gcc_rel.a(adc.o)
                0x00082260                adc_configure_timing
 .text.adc_disable_all_channel
                0x0008227a        0x8 C:/MATLAB/SupportPackages/R2015b/arduino-1.6.1/hardware/arduino/sam/variants/arduino_due_x/libsam_sam3x8e_gcc_rel.a(adc.o)
                0x0008227a                adc_disable_all_channel
 .text.adc_disable_interrupt
                0x00082282        0x4 C:/MATLAB/SupportPackages/R2015b/arduino-1.6.1/hardware/arduino/sam/variants/arduino_due_x/libsam_sam3x8e_gcc_rel.a(adc.o)
                0x00082282                adc_disable_interrupt
 *fill*         0x00082286        0x2 
 .text.UDD_SetStack
                0x00082288        0xc C:/MATLAB/SupportPackages/R2015b/arduino-1.6.1/hardware/arduino/sam/variants/arduino_due_x/libsam_sam3x8e_gcc_rel.a(uotghs_device.o)
                0x00082288                UDD_SetStack
 .text.UDD_Init
                0x00082294       0xd0 C:/MATLAB/SupportPackages/R2015b/arduino-1.6.1/hardware/arduino/sam/variants/arduino_due_x/libsam_sam3x8e_gcc_rel.a(uotghs_device.o)
                0x00082294                UDD_Init
 .text.UDD_InitEP
                0x00082364       0x30 C:/MATLAB/SupportPackages/R2015b/arduino-1.6.1/hardware/arduino/sam/variants/arduino_due_x/libsam_sam3x8e_gcc_rel.a(uotghs_device.o)
                0x00082364                UDD_InitEP
 .text.UDD_InitEndpoints
                0x00082394       0x3c C:/MATLAB/SupportPackages/R2015b/arduino-1.6.1/hardware/arduino/sam/variants/arduino_due_x/libsam_sam3x8e_gcc_rel.a(uotghs_device.o)
                0x00082394                UDD_InitEndpoints
 .text.UDD_WaitIN
                0x000823d0       0x14 C:/MATLAB/SupportPackages/R2015b/arduino-1.6.1/hardware/arduino/sam/variants/arduino_due_x/libsam_sam3x8e_gcc_rel.a(uotghs_device.o)
                0x000823d0                UDD_WaitIN
 .text.UDD_WaitOUT
                0x000823e4       0x14 C:/MATLAB/SupportPackages/R2015b/arduino-1.6.1/hardware/arduino/sam/variants/arduino_due_x/libsam_sam3x8e_gcc_rel.a(uotghs_device.o)
                0x000823e4                UDD_WaitOUT
 .text.UDD_ClearIN
                0x000823f8       0x18 C:/MATLAB/SupportPackages/R2015b/arduino-1.6.1/hardware/arduino/sam/variants/arduino_due_x/libsam_sam3x8e_gcc_rel.a(uotghs_device.o)
                0x000823f8                UDD_ClearIN
 .text.UDD_ClearOUT
                0x00082410       0x18 C:/MATLAB/SupportPackages/R2015b/arduino-1.6.1/hardware/arduino/sam/variants/arduino_due_x/libsam_sam3x8e_gcc_rel.a(uotghs_device.o)
                0x00082410                UDD_ClearOUT
 .text.UDD_ReceivedSetupInt
                0x00082428       0x10 C:/MATLAB/SupportPackages/R2015b/arduino-1.6.1/hardware/arduino/sam/variants/arduino_due_x/libsam_sam3x8e_gcc_rel.a(uotghs_device.o)
                0x00082428                UDD_ReceivedSetupInt
 .text.UDD_ClearSetupInt
                0x00082438       0x10 C:/MATLAB/SupportPackages/R2015b/arduino-1.6.1/hardware/arduino/sam/variants/arduino_due_x/libsam_sam3x8e_gcc_rel.a(uotghs_device.o)
                0x00082438                UDD_ClearSetupInt
 .text.UDD_Send
                0x00082448       0x90 C:/MATLAB/SupportPackages/R2015b/arduino-1.6.1/hardware/arduino/sam/variants/arduino_due_x/libsam_sam3x8e_gcc_rel.a(uotghs_device.o)
                0x00082448                UDD_Send
 .text.UDD_Send8
                0x000824d8       0x28 C:/MATLAB/SupportPackages/R2015b/arduino-1.6.1/hardware/arduino/sam/variants/arduino_due_x/libsam_sam3x8e_gcc_rel.a(uotghs_device.o)
                0x000824d8                UDD_Send8
 .text.UDD_Recv8
                0x00082500       0x28 C:/MATLAB/SupportPackages/R2015b/arduino-1.6.1/hardware/arduino/sam/variants/arduino_due_x/libsam_sam3x8e_gcc_rel.a(uotghs_device.o)
                0x00082500                UDD_Recv8
 .text.UDD_Recv
                0x00082528       0x34 C:/MATLAB/SupportPackages/R2015b/arduino-1.6.1/hardware/arduino/sam/variants/arduino_due_x/libsam_sam3x8e_gcc_rel.a(uotghs_device.o)
                0x00082528                UDD_Recv
 .text.UDD_Stall
                0x0008255c       0x14 C:/MATLAB/SupportPackages/R2015b/arduino-1.6.1/hardware/arduino/sam/variants/arduino_due_x/libsam_sam3x8e_gcc_rel.a(uotghs_device.o)
                0x0008255c                UDD_Stall
 .text.UDD_FifoByteCount
                0x00082570       0x1c C:/MATLAB/SupportPackages/R2015b/arduino-1.6.1/hardware/arduino/sam/variants/arduino_due_x/libsam_sam3x8e_gcc_rel.a(uotghs_device.o)
                0x00082570                UDD_FifoByteCount
 .text.UDD_ReleaseRX
                0x0008258c       0x2c C:/MATLAB/SupportPackages/R2015b/arduino-1.6.1/hardware/arduino/sam/variants/arduino_due_x/libsam_sam3x8e_gcc_rel.a(uotghs_device.o)
                0x0008258c                UDD_ReleaseRX
 .text.UDD_ReleaseTX
                0x000825b8       0x2c C:/MATLAB/SupportPackages/R2015b/arduino-1.6.1/hardware/arduino/sam/variants/arduino_due_x/libsam_sam3x8e_gcc_rel.a(uotghs_device.o)
                0x000825b8                UDD_ReleaseTX
 .text.UDD_SetAddress
                0x000825e4       0x20 C:/MATLAB/SupportPackages/R2015b/arduino-1.6.1/hardware/arduino/sam/variants/arduino_due_x/libsam_sam3x8e_gcc_rel.a(uotghs_device.o)
                0x000825e4                UDD_SetAddress
 .text          0x00082604      0x110 c:/matlab/supportpackages/r2015b/arduino-1.6.1/hardware/tools/gcc-arm-none-eabi-4.8.3-2014q1/bin/../lib/gcc/arm-none-eabi/4.8.3/armv7-m\libgcc.a(_arm_cmpdf2.o)
                0x00082604                __gtdf2
                0x00082604                __gedf2
                0x0008260c                __ltdf2
                0x0008260c                __ledf2
                0x00082614                __nedf2
                0x00082614                __eqdf2
                0x00082614                __cmpdf2
                0x00082690                __aeabi_cdrcmple
                0x000826a0                __aeabi_cdcmpeq
                0x000826a0                __aeabi_cdcmple
                0x000826b0                __aeabi_dcmpeq
                0x000826c4                __aeabi_dcmplt
                0x000826d8                __aeabi_dcmple
                0x000826ec                __aeabi_dcmpge
                0x00082700                __aeabi_dcmpgt
 .text          0x00082714      0x21c c:/matlab/supportpackages/r2015b/arduino-1.6.1/hardware/tools/gcc-arm-none-eabi-4.8.3-2014q1/bin/../lib/gcc/arm-none-eabi/4.8.3/armv7-m\libgcc.a(_arm_addsubsf3.o)
                0x00082714                __aeabi_frsub
                0x0008271c                __subsf3
                0x0008271c                __aeabi_fsub
                0x00082720                __aeabi_fadd
                0x00082720                __addsf3
                0x00082880                __aeabi_ui2f
                0x00082880                __floatunsisf
                0x00082888                __aeabi_i2f
                0x00082888                __floatsisf
                0x000828a4                __aeabi_ul2f
                0x000828a4                __floatundisf
                0x000828b4                __aeabi_l2f
                0x000828b4                __floatdisf
 .text.__assert_func
                0x00082930       0x3c c:/matlab/supportpackages/r2015b/arduino-1.6.1/hardware/tools/gcc-arm-none-eabi-4.8.3-2014q1/bin/../lib/gcc/arm-none-eabi/4.8.3/../../../../arm-none-eabi/lib/armv7-m\libg.a(lib_a-assert.o)
                0x00082930                __assert_func
 .text.fiprintf
                0x0008296c       0x28 c:/matlab/supportpackages/r2015b/arduino-1.6.1/hardware/tools/gcc-arm-none-eabi-4.8.3-2014q1/bin/../lib/gcc/arm-none-eabi/4.8.3/../../../../arm-none-eabi/lib/armv7-m\libg.a(lib_a-fiprintf.o)
                0x0008296c                fiprintf
 .text.__libc_init_array
                0x00082994       0x50 c:/matlab/supportpackages/r2015b/arduino-1.6.1/hardware/tools/gcc-arm-none-eabi-4.8.3-2014q1/bin/../lib/gcc/arm-none-eabi/4.8.3/../../../../arm-none-eabi/lib/armv7-m\libg.a(lib_a-init.o)
                0x00082994                __libc_init_array
 .text.iprintf  0x000829e4       0x28 c:/matlab/supportpackages/r2015b/arduino-1.6.1/hardware/tools/gcc-arm-none-eabi-4.8.3-2014q1/bin/../lib/gcc/arm-none-eabi/4.8.3/../../../../arm-none-eabi/lib/armv7-m\libg.a(lib_a-iprintf.o)
                0x000829e4                iprintf
 .text.malloc   0x00082a0c       0x10 c:/matlab/supportpackages/r2015b/arduino-1.6.1/hardware/tools/gcc-arm-none-eabi-4.8.3-2014q1/bin/../lib/gcc/arm-none-eabi/4.8.3/../../../../arm-none-eabi/lib/armv7-m\libg.a(lib_a-malloc.o)
                0x00082a0c                malloc
 .text._malloc_r
                0x00082a1c      0x538 c:/matlab/supportpackages/r2015b/arduino-1.6.1/hardware/tools/gcc-arm-none-eabi-4.8.3-2014q1/bin/../lib/gcc/arm-none-eabi/4.8.3/../../../../arm-none-eabi/lib/armv7-m\libg.a(lib_a-mallocr.o)
                0x00082a1c                _malloc_r
 .text          0x00082f54       0xec c:/matlab/supportpackages/r2015b/arduino-1.6.1/hardware/tools/gcc-arm-none-eabi-4.8.3-2014q1/bin/../lib/gcc/arm-none-eabi/4.8.3/../../../../arm-none-eabi/lib/armv7-m\libg.a(lib_a-memcpy.o)
                0x00082f54                memcpy
 .text.memmove  0x00083040       0xcc c:/matlab/supportpackages/r2015b/arduino-1.6.1/hardware/tools/gcc-arm-none-eabi-4.8.3-2014q1/bin/../lib/gcc/arm-none-eabi/4.8.3/../../../../arm-none-eabi/lib/armv7-m\libg.a(lib_a-memmove.o)
                0x00083040                memmove
 .text.memset   0x0008310c       0x94 c:/matlab/supportpackages/r2015b/arduino-1.6.1/hardware/tools/gcc-arm-none-eabi-4.8.3-2014q1/bin/../lib/gcc/arm-none-eabi/4.8.3/../../../../arm-none-eabi/lib/armv7-m\libg.a(lib_a-memset.o)
                0x0008310c                memset
 .text.__malloc_lock
                0x000831a0        0x4 c:/matlab/supportpackages/r2015b/arduino-1.6.1/hardware/tools/gcc-arm-none-eabi-4.8.3-2014q1/bin/../lib/gcc/arm-none-eabi/4.8.3/../../../../arm-none-eabi/lib/armv7-m\libg.a(lib_a-mlock.o)
                0x000831a0                __malloc_lock
 .text.__malloc_unlock
                0x000831a4        0x4 c:/matlab/supportpackages/r2015b/arduino-1.6.1/hardware/tools/gcc-arm-none-eabi-4.8.3-2014q1/bin/../lib/gcc/arm-none-eabi/4.8.3/../../../../arm-none-eabi/lib/armv7-m\libg.a(lib_a-mlock.o)
                0x000831a4                __malloc_unlock
 .text._realloc_r
                0x000831a8      0x3c0 c:/matlab/supportpackages/r2015b/arduino-1.6.1/hardware/tools/gcc-arm-none-eabi-4.8.3-2014q1/bin/../lib/gcc/arm-none-eabi/4.8.3/../../../../arm-none-eabi/lib/armv7-m\libg.a(lib_a-reallocr.o)
                0x000831a8                _realloc_r
 .text._sbrk_r  0x00083568       0x24 c:/matlab/supportpackages/r2015b/arduino-1.6.1/hardware/tools/gcc-arm-none-eabi-4.8.3-2014q1/bin/../lib/gcc/arm-none-eabi/4.8.3/../../../../arm-none-eabi/lib/armv7-m\libg.a(lib_a-sbrkr.o)
                0x00083568                _sbrk_r
 .text.strlen   0x0008358c       0x60 c:/matlab/supportpackages/r2015b/arduino-1.6.1/hardware/tools/gcc-arm-none-eabi-4.8.3-2014q1/bin/../lib/gcc/arm-none-eabi/4.8.3/../../../../arm-none-eabi/lib/armv7-m\libg.a(lib_a-strlen.o)
                0x0008358c                strlen
 .text.__sprint_r.part.0
                0x000835ec       0x78 c:/matlab/supportpackages/r2015b/arduino-1.6.1/hardware/tools/gcc-arm-none-eabi-4.8.3-2014q1/bin/../lib/gcc/arm-none-eabi/4.8.3/../../../../arm-none-eabi/lib/armv7-m\libg.a(lib_a-vfiprintf.o)
 .text._vfiprintf_r
                0x00083664      0xc54 c:/matlab/supportpackages/r2015b/arduino-1.6.1/hardware/tools/gcc-arm-none-eabi-4.8.3-2014q1/bin/../lib/gcc/arm-none-eabi/4.8.3/../../../../arm-none-eabi/lib/armv7-m\libg.a(lib_a-vfiprintf.o)
                0x00083664                _vfiprintf_r
 .text.__sbprintf
                0x000842b8       0x7c c:/matlab/supportpackages/r2015b/arduino-1.6.1/hardware/tools/gcc-arm-none-eabi-4.8.3-2014q1/bin/../lib/gcc/arm-none-eabi/4.8.3/../../../../arm-none-eabi/lib/armv7-m\libg.a(lib_a-vfiprintf.o)
 .text.__swsetup_r
                0x00084334       0xc4 c:/matlab/supportpackages/r2015b/arduino-1.6.1/hardware/tools/gcc-arm-none-eabi-4.8.3-2014q1/bin/../lib/gcc/arm-none-eabi/4.8.3/../../../../arm-none-eabi/lib/armv7-m\libg.a(lib_a-wsetup.o)
                0x00084334                __swsetup_r
 .text.startup.register_fini
                0x000843f8       0x14 c:/matlab/supportpackages/r2015b/arduino-1.6.1/hardware/tools/gcc-arm-none-eabi-4.8.3-2014q1/bin/../lib/gcc/arm-none-eabi/4.8.3/../../../../arm-none-eabi/lib/armv7-m\libg.a(lib_a-__call_atexit.o)
 .text.abort    0x0008440c       0x10 c:/matlab/supportpackages/r2015b/arduino-1.6.1/hardware/tools/gcc-arm-none-eabi-4.8.3-2014q1/bin/../lib/gcc/arm-none-eabi/4.8.3/../../../../arm-none-eabi/lib/armv7-m\libg.a(lib_a-abort.o)
                0x0008440c                abort
 .text.atexit   0x0008441c        0xc c:/matlab/supportpackages/r2015b/arduino-1.6.1/hardware/tools/gcc-arm-none-eabi-4.8.3-2014q1/bin/../lib/gcc/arm-none-eabi/4.8.3/../../../../arm-none-eabi/lib/armv7-m\libg.a(lib_a-atexit.o)
                0x0008441c                atexit
 .text.__sflush_r
                0x00084428      0x148 c:/matlab/supportpackages/r2015b/arduino-1.6.1/hardware/tools/gcc-arm-none-eabi-4.8.3-2014q1/bin/../lib/gcc/arm-none-eabi/4.8.3/../../../../arm-none-eabi/lib/armv7-m\libg.a(lib_a-fflush.o)
                0x00084428                __sflush_r
 .text._fflush_r
                0x00084570       0x2c c:/matlab/supportpackages/r2015b/arduino-1.6.1/hardware/tools/gcc-arm-none-eabi-4.8.3-2014q1/bin/../lib/gcc/arm-none-eabi/4.8.3/../../../../arm-none-eabi/lib/armv7-m\libg.a(lib_a-fflush.o)
                0x00084570                _fflush_r
 .text._cleanup_r
                0x0008459c        0xc c:/matlab/supportpackages/r2015b/arduino-1.6.1/hardware/tools/gcc-arm-none-eabi-4.8.3-2014q1/bin/../lib/gcc/arm-none-eabi/4.8.3/../../../../arm-none-eabi/lib/armv7-m\libg.a(lib_a-findfp.o)
                0x0008459c                _cleanup_r
 .text.__sinit  0x000845a8       0xf4 c:/matlab/supportpackages/r2015b/arduino-1.6.1/hardware/tools/gcc-arm-none-eabi-4.8.3-2014q1/bin/../lib/gcc/arm-none-eabi/4.8.3/../../../../arm-none-eabi/lib/armv7-m\libg.a(lib_a-findfp.o)
                0x000845a8                __sinit
 .text.__sfp_lock_acquire
                0x0008469c        0x4 c:/matlab/supportpackages/r2015b/arduino-1.6.1/hardware/tools/gcc-arm-none-eabi-4.8.3-2014q1/bin/../lib/gcc/arm-none-eabi/4.8.3/../../../../arm-none-eabi/lib/armv7-m\libg.a(lib_a-findfp.o)
                0x0008469c                __sfp_lock_acquire
 .text.__sfp_lock_release
                0x000846a0        0x4 c:/matlab/supportpackages/r2015b/arduino-1.6.1/hardware/tools/gcc-arm-none-eabi-4.8.3-2014q1/bin/../lib/gcc/arm-none-eabi/4.8.3/../../../../arm-none-eabi/lib/armv7-m\libg.a(lib_a-findfp.o)
                0x000846a0                __sfp_lock_release
 .text.__libc_fini_array
                0x000846a4       0x30 c:/matlab/supportpackages/r2015b/arduino-1.6.1/hardware/tools/gcc-arm-none-eabi-4.8.3-2014q1/bin/../lib/gcc/arm-none-eabi/4.8.3/../../../../arm-none-eabi/lib/armv7-m\libg.a(lib_a-fini.o)
                0x000846a4                __libc_fini_array
 .text._fputwc_r
                0x000846d4       0xc0 c:/matlab/supportpackages/r2015b/arduino-1.6.1/hardware/tools/gcc-arm-none-eabi-4.8.3-2014q1/bin/../lib/gcc/arm-none-eabi/4.8.3/../../../../arm-none-eabi/lib/armv7-m\libg.a(lib_a-fputwc.o)
                0x000846d4                _fputwc_r
 .text._malloc_trim_r
                0x00084794       0x9c c:/matlab/supportpackages/r2015b/arduino-1.6.1/hardware/tools/gcc-arm-none-eabi-4.8.3-2014q1/bin/../lib/gcc/arm-none-eabi/4.8.3/../../../../arm-none-eabi/lib/armv7-m\libg.a(lib_a-freer.o)
                0x00084794                _malloc_trim_r
 .text._free_r  0x00084830      0x198 c:/matlab/supportpackages/r2015b/arduino-1.6.1/hardware/tools/gcc-arm-none-eabi-4.8.3-2014q1/bin/../lib/gcc/arm-none-eabi/4.8.3/../../../../arm-none-eabi/lib/armv7-m\libg.a(lib_a-freer.o)
                0x00084830                _free_r
 .text.__sfvwrite_r
                0x000849c8      0x314 c:/matlab/supportpackages/r2015b/arduino-1.6.1/hardware/tools/gcc-arm-none-eabi-4.8.3-2014q1/bin/../lib/gcc/arm-none-eabi/4.8.3/../../../../arm-none-eabi/lib/armv7-m\libg.a(lib_a-fvwrite.o)
                0x000849c8                __sfvwrite_r
 .text._fwalk   0x00084cdc       0x48 c:/matlab/supportpackages/r2015b/arduino-1.6.1/hardware/tools/gcc-arm-none-eabi-4.8.3-2014q1/bin/../lib/gcc/arm-none-eabi/4.8.3/../../../../arm-none-eabi/lib/armv7-m\libg.a(lib_a-fwalk.o)
                0x00084cdc                _fwalk
 .text.__locale_charset
                0x00084d24        0x8 c:/matlab/supportpackages/r2015b/arduino-1.6.1/hardware/tools/gcc-arm-none-eabi-4.8.3-2014q1/bin/../lib/gcc/arm-none-eabi/4.8.3/../../../../arm-none-eabi/lib/armv7-m\libg.a(lib_a-locale.o)
                0x00084d24                __locale_charset
 .text.__locale_mb_cur_max
                0x00084d2c        0xc c:/matlab/supportpackages/r2015b/arduino-1.6.1/hardware/tools/gcc-arm-none-eabi-4.8.3-2014q1/bin/../lib/gcc/arm-none-eabi/4.8.3/../../../../arm-none-eabi/lib/armv7-m\libg.a(lib_a-locale.o)
                0x00084d2c                __locale_mb_cur_max
 .text.__smakebuf_r
                0x00084d38       0xe0 c:/matlab/supportpackages/r2015b/arduino-1.6.1/hardware/tools/gcc-arm-none-eabi-4.8.3-2014q1/bin/../lib/gcc/arm-none-eabi/4.8.3/../../../../arm-none-eabi/lib/armv7-m\libg.a(lib_a-makebuf.o)
                0x00084d38                __smakebuf_r
 .text.memchr   0x00084e18       0x94 c:/matlab/supportpackages/r2015b/arduino-1.6.1/hardware/tools/gcc-arm-none-eabi-4.8.3-2014q1/bin/../lib/gcc/arm-none-eabi/4.8.3/../../../../arm-none-eabi/lib/armv7-m\libg.a(lib_a-memchr-stub.o)
                0x00084e18                memchr
 .text._raise_r
                0x00084eac       0x58 c:/matlab/supportpackages/r2015b/arduino-1.6.1/hardware/tools/gcc-arm-none-eabi-4.8.3-2014q1/bin/../lib/gcc/arm-none-eabi/4.8.3/../../../../arm-none-eabi/lib/armv7-m\libg.a(lib_a-signal.o)
                0x00084eac                _raise_r
 .text.raise    0x00084f04       0x10 c:/matlab/supportpackages/r2015b/arduino-1.6.1/hardware/tools/gcc-arm-none-eabi-4.8.3-2014q1/bin/../lib/gcc/arm-none-eabi/4.8.3/../../../../arm-none-eabi/lib/armv7-m\libg.a(lib_a-signal.o)
                0x00084f04                raise
 .text._kill_r  0x00084f14       0x28 c:/matlab/supportpackages/r2015b/arduino-1.6.1/hardware/tools/gcc-arm-none-eabi-4.8.3-2014q1/bin/../lib/gcc/arm-none-eabi/4.8.3/../../../../arm-none-eabi/lib/armv7-m\libg.a(lib_a-signalr.o)
                0x00084f14                _kill_r
 .text._getpid_r
                0x00084f3c        0x4 c:/matlab/supportpackages/r2015b/arduino-1.6.1/hardware/tools/gcc-arm-none-eabi-4.8.3-2014q1/bin/../lib/gcc/arm-none-eabi/4.8.3/../../../../arm-none-eabi/lib/armv7-m\libg.a(lib_a-signalr.o)
                0x00084f3c                _getpid_r
 .text.__sread  0x00084f40       0x24 c:/matlab/supportpackages/r2015b/arduino-1.6.1/hardware/tools/gcc-arm-none-eabi-4.8.3-2014q1/bin/../lib/gcc/arm-none-eabi/4.8.3/../../../../arm-none-eabi/lib/armv7-m\libg.a(lib_a-stdio.o)
                0x00084f40                __sread
 .text.__swrite
                0x00084f64       0x38 c:/matlab/supportpackages/r2015b/arduino-1.6.1/hardware/tools/gcc-arm-none-eabi-4.8.3-2014q1/bin/../lib/gcc/arm-none-eabi/4.8.3/../../../../arm-none-eabi/lib/armv7-m\libg.a(lib_a-stdio.o)
                0x00084f64                __swrite
 .text.__sseek  0x00084f9c       0x20 c:/matlab/supportpackages/r2015b/arduino-1.6.1/hardware/tools/gcc-arm-none-eabi-4.8.3-2014q1/bin/../lib/gcc/arm-none-eabi/4.8.3/../../../../arm-none-eabi/lib/armv7-m\libg.a(lib_a-stdio.o)
                0x00084f9c                __sseek
 .text.__sclose
                0x00084fbc        0x8 c:/matlab/supportpackages/r2015b/arduino-1.6.1/hardware/tools/gcc-arm-none-eabi-4.8.3-2014q1/bin/../lib/gcc/arm-none-eabi/4.8.3/../../../../arm-none-eabi/lib/armv7-m\libg.a(lib_a-stdio.o)
                0x00084fbc                __sclose
 .text.__swbuf_r
                0x00084fc4       0xa8 c:/matlab/supportpackages/r2015b/arduino-1.6.1/hardware/tools/gcc-arm-none-eabi-4.8.3-2014q1/bin/../lib/gcc/arm-none-eabi/4.8.3/../../../../arm-none-eabi/lib/armv7-m\libg.a(lib_a-wbuf.o)
                0x00084fc4                __swbuf_r
 .text._wcrtomb_r
                0x0008506c       0x50 c:/matlab/supportpackages/r2015b/arduino-1.6.1/hardware/tools/gcc-arm-none-eabi-4.8.3-2014q1/bin/../lib/gcc/arm-none-eabi/4.8.3/../../../../arm-none-eabi/lib/armv7-m\libg.a(lib_a-wcrtomb.o)
                0x0008506c                _wcrtomb_r
 .text.__ascii_wctomb
                0x000850bc       0x1c c:/matlab/supportpackages/r2015b/arduino-1.6.1/hardware/tools/gcc-arm-none-eabi-4.8.3-2014q1/bin/../lib/gcc/arm-none-eabi/4.8.3/../../../../arm-none-eabi/lib/armv7-m\libg.a(lib_a-wctomb_r.o)
                0x000850bc                __ascii_wctomb
 .text._write_r
                0x000850d8       0x28 c:/matlab/supportpackages/r2015b/arduino-1.6.1/hardware/tools/gcc-arm-none-eabi-4.8.3-2014q1/bin/../lib/gcc/arm-none-eabi/4.8.3/../../../../arm-none-eabi/lib/armv7-m\libg.a(lib_a-writer.o)
                0x000850d8                _write_r
 .text.__register_exitproc
                0x00085100       0xa8 c:/matlab/supportpackages/r2015b/arduino-1.6.1/hardware/tools/gcc-arm-none-eabi-4.8.3-2014q1/bin/../lib/gcc/arm-none-eabi/4.8.3/../../../../arm-none-eabi/lib/armv7-m\libg.a(lib_a-__atexit.o)
                0x00085100                __register_exitproc
 .text._close_r
                0x000851a8       0x24 c:/matlab/supportpackages/r2015b/arduino-1.6.1/hardware/tools/gcc-arm-none-eabi-4.8.3-2014q1/bin/../lib/gcc/arm-none-eabi/4.8.3/../../../../arm-none-eabi/lib/armv7-m\libg.a(lib_a-closer.o)
                0x000851a8                _close_r
 .text._fclose_r
                0x000851cc       0x80 c:/matlab/supportpackages/r2015b/arduino-1.6.1/hardware/tools/gcc-arm-none-eabi-4.8.3-2014q1/bin/../lib/gcc/arm-none-eabi/4.8.3/../../../../arm-none-eabi/lib/armv7-m\libg.a(lib_a-fclose.o)
                0x000851cc                _fclose_r
 .text.fclose   0x0008524c       0x10 c:/matlab/supportpackages/r2015b/arduino-1.6.1/hardware/tools/gcc-arm-none-eabi-4.8.3-2014q1/bin/../lib/gcc/arm-none-eabi/4.8.3/../../../../arm-none-eabi/lib/armv7-m\libg.a(lib_a-fclose.o)
                0x0008524c                fclose
 .text._fstat_r
                0x0008525c       0x28 c:/matlab/supportpackages/r2015b/arduino-1.6.1/hardware/tools/gcc-arm-none-eabi-4.8.3-2014q1/bin/../lib/gcc/arm-none-eabi/4.8.3/../../../../arm-none-eabi/lib/armv7-m\libg.a(lib_a-fstatr.o)
                0x0008525c                _fstat_r
 .text._isatty_r
                0x00085284       0x24 c:/matlab/supportpackages/r2015b/arduino-1.6.1/hardware/tools/gcc-arm-none-eabi-4.8.3-2014q1/bin/../lib/gcc/arm-none-eabi/4.8.3/../../../../arm-none-eabi/lib/armv7-m\libg.a(lib_a-isattyr.o)
                0x00085284                _isatty_r
 .text._lseek_r
                0x000852a8       0x28 c:/matlab/supportpackages/r2015b/arduino-1.6.1/hardware/tools/gcc-arm-none-eabi-4.8.3-2014q1/bin/../lib/gcc/arm-none-eabi/4.8.3/../../../../arm-none-eabi/lib/armv7-m\libg.a(lib_a-lseekr.o)
                0x000852a8                _lseek_r
 .text._read_r  0x000852d0       0x28 c:/matlab/supportpackages/r2015b/arduino-1.6.1/hardware/tools/gcc-arm-none-eabi-4.8.3-2014q1/bin/../lib/gcc/arm-none-eabi/4.8.3/../../../../arm-none-eabi/lib/armv7-m\libg.a(lib_a-readr.o)
                0x000852d0                _read_r
 .text          0x000852f8       0x2c c:/matlab/supportpackages/r2015b/arduino-1.6.1/hardware/tools/gcc-arm-none-eabi-4.8.3-2014q1/bin/../lib/gcc/arm-none-eabi/4.8.3/armv7-m\libgcc.a(_aeabi_uldivmod.o)
                0x000852f8                __aeabi_uldivmod
 .text          0x00085324       0x60 c:/matlab/supportpackages/r2015b/arduino-1.6.1/hardware/tools/gcc-arm-none-eabi-4.8.3-2014q1/bin/../lib/gcc/arm-none-eabi/4.8.3/armv7-m\libgcc.a(bpabi.o)
                0x00085324                __gnu_ldivmod_helper
                0x00085354                __gnu_uldivmod_helper
 .text          0x00085384        0x4 c:/matlab/supportpackages/r2015b/arduino-1.6.1/hardware/tools/gcc-arm-none-eabi-4.8.3-2014q1/bin/../lib/gcc/arm-none-eabi/4.8.3/armv7-m\libgcc.a(_dvmd_tls.o)
                0x00085384                __aeabi_idiv0
                0x00085384                __aeabi_ldiv0
 .text          0x00085388      0x2a0 c:/matlab/supportpackages/r2015b/arduino-1.6.1/hardware/tools/gcc-arm-none-eabi-4.8.3-2014q1/bin/../lib/gcc/arm-none-eabi/4.8.3/armv7-m\libgcc.a(_divdi3.o)
                0x00085388                __divdi3
 .text          0x00085628      0x290 c:/matlab/supportpackages/r2015b/arduino-1.6.1/hardware/tools/gcc-arm-none-eabi-4.8.3-2014q1/bin/../lib/gcc/arm-none-eabi/4.8.3/armv7-m\libgcc.a(_udivdi3.o)
                0x00085628                __udivdi3
 *(.glue_7t)
 .glue_7t       0x00000000        0x0 linker stubs
 *(.glue_7)
 .glue_7        0x00000000        0x0 linker stubs
 *(.rodata .rodata* .gnu.linkonce.r.*)
 .rodata.EncoderTest_M
                0x000858b8        0x4 EncoderTest.o
                0x000858b8                EncoderTest_M
 .rodata.EncoderTest_BGND
                0x000858bc        0x1 EncoderTest.o
                0x000858bc                EncoderTest_BGND
 .rodata.str1.1
                0x000858bd       0x19 syscalls_sam3.o
 *fill*         0x000858d6        0x2 
 .rodata._ZTV9IPAddress
                0x000858d8       0x10 IPAddress.o
                0x000858d8                vtable for IPAddress
 .rodata._ZTV9UARTClass
                0x000858e8       0x30 UARTClass.o
                0x000858e8                vtable for UARTClass
 .rodata._ZTV10USARTClass
                0x00085918       0x30 USARTClass.o
                0x00085918                vtable for USARTClass
 .rodata._ZTV7Serial_
                0x00085948       0x28 CDC.o
                0x00085948                vtable for Serial_
 .rodata._ZL18_cdcOtherInterface
                0x00085970       0x42 CDC.o
 .rodata._ZL13_cdcInterface
                0x000859b2       0x42 CDC.o
 *fill*         0x000859f4        0x4 
 .rodata._ZTV9Keyboard_
                0x000859f8       0x20 HID.o
                0x000859f8                vtable for Keyboard_
 .rodata._asciimap
                0x00085a18       0x80 HID.o
                0x00085a18                _asciimap
 .rodata._hidInterface
                0x00085a98       0x19 HID.o
                0x00085a98                _hidInterface
 .rodata._hidReportDescriptor
                0x00085ab1       0x65 HID.o
                0x00085ab1                _hidReportDescriptor
 .rodata.STRING_PRODUCT
                0x00085b16        0xc USBCore.o
                0x00085b16                STRING_PRODUCT
 .rodata.USB_DeviceDescriptor
                0x00085b22       0x12 USBCore.o
                0x00085b22                USB_DeviceDescriptor
 .rodata._ZL9EndPoints
                0x00085b34       0x14 USBCore.o
 .rodata.STRING_LANGUAGE
                0x00085b48        0x4 USBCore.o
                0x00085b48                STRING_LANGUAGE
 .rodata._ZL18test_packet_buffer
                0x00085b4c       0x35 USBCore.o
 .rodata.STRING_MANUFACTURER
                0x00085b81        0xc USBCore.o
                0x00085b81                STRING_MANUFACTURER
 .rodata.USB_DeviceDescriptorA
                0x00085b8d       0x12 USBCore.o
                0x00085b8d                USB_DeviceDescriptorA
 .rodata._ZL19USB_DeviceQualifier
                0x00085b9f       0x12 USBCore.o
 *fill*         0x00085bb1        0x3 
 .rodata.g_APinDescription
                0x00085bb4      0xa2c variant.o
                0x00085bb4                g_APinDescription
 .rodata.str1.1
                0x000865e0       0x54 C:/MATLAB/SupportPackages/R2015b/arduino-1.6.1/hardware/arduino/sam/variants/arduino_due_x/libsam_sam3x8e_gcc_rel.a(tc.o)
 .rodata.__func__.6634
                0x00086634        0xd C:/MATLAB/SupportPackages/R2015b/arduino-1.6.1/hardware/arduino/sam/variants/arduino_due_x/libsam_sam3x8e_gcc_rel.a(tc.o)
 .rodata.__func__.6640
                0x00086641        0x9 C:/MATLAB/SupportPackages/R2015b/arduino-1.6.1/hardware/arduino/sam/variants/arduino_due_x/libsam_sam3x8e_gcc_rel.a(tc.o)
 *fill*         0x0008664a        0x2 
 .rodata.C.0.8146
                0x0008664c       0x40 C:/MATLAB/SupportPackages/R2015b/arduino-1.6.1/hardware/arduino/sam/variants/arduino_due_x/libsam_sam3x8e_gcc_rel.a(adc.o)
 .rodata.str1.4
                0x0008668c       0x3f c:/matlab/supportpackages/r2015b/arduino-1.6.1/hardware/tools/gcc-arm-none-eabi-4.8.3-2014q1/bin/../lib/gcc/arm-none-eabi/4.8.3/../../../../arm-none-eabi/lib/armv7-m\libg.a(lib_a-assert.o)
                                 0x44 (size before relaxing)
 *fill*         0x000866cb        0x1 
 .rodata.str1.4
                0x000866cc        0x2 c:/matlab/supportpackages/r2015b/arduino-1.6.1/hardware/tools/gcc-arm-none-eabi-4.8.3-2014q1/bin/../lib/gcc/arm-none-eabi/4.8.3/../../../../arm-none-eabi/lib/armv7-m\libg.a(lib_a-impure.o)
                                  0x4 (size before relaxing)
 *fill*         0x000866ce        0x2 
 .rodata._global_impure_ptr
                0x000866d0        0x4 c:/matlab/supportpackages/r2015b/arduino-1.6.1/hardware/tools/gcc-arm-none-eabi-4.8.3-2014q1/bin/../lib/gcc/arm-none-eabi/4.8.3/../../../../arm-none-eabi/lib/armv7-m\libg.a(lib_a-impure.o)
                0x000866d0                _global_impure_ptr
 .rodata.blanks.6717
                0x000866d4       0x10 c:/matlab/supportpackages/r2015b/arduino-1.6.1/hardware/tools/gcc-arm-none-eabi-4.8.3-2014q1/bin/../lib/gcc/arm-none-eabi/4.8.3/../../../../arm-none-eabi/lib/armv7-m\libg.a(lib_a-vfiprintf.o)
 .rodata.str1.4
                0x000866e4       0x30 c:/matlab/supportpackages/r2015b/arduino-1.6.1/hardware/tools/gcc-arm-none-eabi-4.8.3-2014q1/bin/../lib/gcc/arm-none-eabi/4.8.3/../../../../arm-none-eabi/lib/armv7-m\libg.a(lib_a-vfiprintf.o)
 .rodata.zeroes.6718
                0x00086714       0x10 c:/matlab/supportpackages/r2015b/arduino-1.6.1/hardware/tools/gcc-arm-none-eabi-4.8.3-2014q1/bin/../lib/gcc/arm-none-eabi/4.8.3/../../../../arm-none-eabi/lib/armv7-m\libg.a(lib_a-vfiprintf.o)
 *(.ARM.extab* .gnu.linkonce.armextab.*)
                0x00086724                . = ALIGN (0x4)
 *(.init)
 .init          0x00086724        0x4 c:/matlab/supportpackages/r2015b/arduino-1.6.1/hardware/tools/gcc-arm-none-eabi-4.8.3-2014q1/bin/../lib/gcc/arm-none-eabi/4.8.3/armv7-m/crti.o
                0x00086724                _init
 .init          0x00086728        0x8 c:/matlab/supportpackages/r2015b/arduino-1.6.1/hardware/tools/gcc-arm-none-eabi-4.8.3-2014q1/bin/../lib/gcc/arm-none-eabi/4.8.3/armv7-m/crtn.o
                0x00086730                . = ALIGN (0x4)
                0x00086730                __preinit_array_start = .
 *(.preinit_array)
                0x00086730                __preinit_array_end = .
                0x00086730                . = ALIGN (0x4)
                0x00086730                __init_array_start = .
 *(SORT(.init_array.*))
 .init_array.00000
                0x00086730        0x4 c:/matlab/supportpackages/r2015b/arduino-1.6.1/hardware/tools/gcc-arm-none-eabi-4.8.3-2014q1/bin/../lib/gcc/arm-none-eabi/4.8.3/../../../../arm-none-eabi/lib/armv7-m\libg.a(lib_a-__call_atexit.o)
 *(.init_array)
 .init_array    0x00086734        0x4 c:/matlab/supportpackages/r2015b/arduino-1.6.1/hardware/tools/gcc-arm-none-eabi-4.8.3-2014q1/bin/../lib/gcc/arm-none-eabi/4.8.3/armv7-m/crtbegin.o
 .init_array    0x00086738        0x4 IPAddress.o
 .init_array    0x0008673c        0x4 CDC.o
 .init_array    0x00086740        0x4 HID.o
 .init_array    0x00086744        0x4 USBCore.o
 .init_array    0x00086748        0x4 variant.o
                0x0008674c                __init_array_end = .
                0x0008674c                . = ALIGN (0x4)
 *crtbegin.o(.ctors)
 *(EXCLUDE_FILE(*crtend.o) .ctors)
 *(SORT(.ctors.*))
 *crtend.o(.ctors)
                0x0008674c                . = ALIGN (0x4)
 *(.fini)
 .fini          0x0008674c        0x4 c:/matlab/supportpackages/r2015b/arduino-1.6.1/hardware/tools/gcc-arm-none-eabi-4.8.3-2014q1/bin/../lib/gcc/arm-none-eabi/4.8.3/armv7-m/crti.o
                0x0008674c                _fini
 .fini          0x00086750        0x8 c:/matlab/supportpackages/r2015b/arduino-1.6.1/hardware/tools/gcc-arm-none-eabi-4.8.3-2014q1/bin/../lib/gcc/arm-none-eabi/4.8.3/armv7-m/crtn.o
                0x00086758                . = ALIGN (0x4)
                0x00086758                __fini_array_start = .
 *(.fini_array)
 .fini_array    0x00086758        0x4 c:/matlab/supportpackages/r2015b/arduino-1.6.1/hardware/tools/gcc-arm-none-eabi-4.8.3-2014q1/bin/../lib/gcc/arm-none-eabi/4.8.3/armv7-m/crtbegin.o
 *(SORT(.fini_array.*))
                0x0008675c                __fini_array_end = .
 *crtbegin.o(.dtors)
 *(EXCLUDE_FILE(*crtend.o) .dtors)
 *(SORT(.dtors.*))
 *crtend.o(.dtors)
                0x0008675c                . = ALIGN (0x4)
                0x0008675c                _efixed = .
                0x0008675c                PROVIDE (__exidx_start, .)

.vfp11_veneer   0x0008675c        0x0
 .vfp11_veneer  0x00000000        0x0 linker stubs

.v4_bx          0x0008675c        0x0
 .v4_bx         0x00000000        0x0 linker stubs

.iplt           0x0008675c        0x0
 .iplt          0x00000000        0x0 c:/matlab/supportpackages/r2015b/arduino-1.6.1/hardware/tools/gcc-arm-none-eabi-4.8.3-2014q1/bin/../lib/gcc/arm-none-eabi/4.8.3/armv7-m/crtbegin.o

.ARM.exidx      0x0008675c        0x8
 *(.ARM.exidx* .gnu.linkonce.armexidx.*)
 .ARM.exidx     0x0008675c        0x8 c:/matlab/supportpackages/r2015b/arduino-1.6.1/hardware/tools/gcc-arm-none-eabi-4.8.3-2014q1/bin/../lib/gcc/arm-none-eabi/4.8.3/armv7-m\libgcc.a(_divdi3.o)
 .ARM.exidx     0x00086764        0x0 c:/matlab/supportpackages/r2015b/arduino-1.6.1/hardware/tools/gcc-arm-none-eabi-4.8.3-2014q1/bin/../lib/gcc/arm-none-eabi/4.8.3/armv7-m\libgcc.a(_udivdi3.o)
                                  0x8 (size before relaxing)
                0x00086764                PROVIDE (__exidx_end, .)

.eh_frame       0x00086764        0x0
 .eh_frame      0x00086764        0x0 c:/matlab/supportpackages/r2015b/arduino-1.6.1/hardware/tools/gcc-arm-none-eabi-4.8.3-2014q1/bin/../lib/gcc/arm-none-eabi/4.8.3/armv7-m/crtbegin.o

.rel.dyn        0x00086764        0x0
 .rel.iplt      0x00000000        0x0 c:/matlab/supportpackages/r2015b/arduino-1.6.1/hardware/tools/gcc-arm-none-eabi-4.8.3-2014q1/bin/../lib/gcc/arm-none-eabi/4.8.3/armv7-m/crtbegin.o

.jcr            0x00086764        0x0
 .jcr           0x00086764        0x0 c:/matlab/supportpackages/r2015b/arduino-1.6.1/hardware/tools/gcc-arm-none-eabi-4.8.3-2014q1/bin/../lib/gcc/arm-none-eabi/4.8.3/armv7-m/crtbegin.o

.igot.plt       0x00086764        0x0
 .igot.plt      0x00000000        0x0 c:/matlab/supportpackages/r2015b/arduino-1.6.1/hardware/tools/gcc-arm-none-eabi-4.8.3-2014q1/bin/../lib/gcc/arm-none-eabi/4.8.3/armv7-m/crtbegin.o
                0x00086764                . = ALIGN (0x4)
                0x00086764                _etext = .

.relocate       0x20070000      0x924 load address 0x00086764
                0x20070000                . = ALIGN (0x4)
                0x20070000                _srelocate = .
 *(.ramfunc .ramfunc.*)
 .ramfunc       0x20070000       0x2c Reset.o
                0x20070000                banzai
 *(.data .data.*)
 *fill*         0x2007002c        0x4 
 .data.EncoderTest_P
                0x20070030       0x30 EncoderTest_data.o
                0x20070030                EncoderTest_P
 .data.Enc      0x20070060       0x40 data_struct_init_wrapper.o
                0x20070060                Enc
 .data._writeResolution
                0x200700a0        0x4 wiring_analog.o
 .data._readResolution
                0x200700a4        0x4 wiring_analog.o
 .data._ZL5ticks
                0x200700a8        0x4 Reset.o
 .data._ZL12_usbLineInfo
                0x200700ac        0x8 CDC.o
 .data._hid_protocol
                0x200700b4        0x1 HID.o
                0x200700b4                _hid_protocol
 .data._hid_idle
                0x200700b5        0x1 HID.o
                0x200700b5                _hid_idle
 *fill*         0x200700b6        0x2 
 .data.SystemCoreClock
                0x200700b8        0x4 C:/MATLAB/SupportPackages/R2015b/arduino-1.6.1/hardware/arduino/sam/variants/arduino_due_x/libsam_sam3x8e_gcc_rel.a(system_sam3xa.o)
                0x200700b8                SystemCoreClock
 .data.g_interrupt_enabled
                0x200700bc        0x4 C:/MATLAB/SupportPackages/R2015b/arduino-1.6.1/hardware/arduino/sam/variants/arduino_due_x/libsam_sam3x8e_gcc_rel.a(interrupt_sam_nvic.o)
                0x200700bc                g_interrupt_enabled
 .data.impure_data
                0x200700c0      0x428 c:/matlab/supportpackages/r2015b/arduino-1.6.1/hardware/tools/gcc-arm-none-eabi-4.8.3-2014q1/bin/../lib/gcc/arm-none-eabi/4.8.3/../../../../arm-none-eabi/lib/armv7-m\libg.a(lib_a-impure.o)
 .data._impure_ptr
                0x200704e8        0x4 c:/matlab/supportpackages/r2015b/arduino-1.6.1/hardware/tools/gcc-arm-none-eabi-4.8.3-2014q1/bin/../lib/gcc/arm-none-eabi/4.8.3/../../../../arm-none-eabi/lib/armv7-m\libg.a(lib_a-impure.o)
                0x200704e8                _impure_ptr
 .data.__malloc_av_
                0x200704ec      0x408 c:/matlab/supportpackages/r2015b/arduino-1.6.1/hardware/tools/gcc-arm-none-eabi-4.8.3-2014q1/bin/../lib/gcc/arm-none-eabi/4.8.3/../../../../arm-none-eabi/lib/armv7-m\libg.a(lib_a-mallocr.o)
                0x200704ec                __malloc_av_
 .data.__malloc_trim_threshold
                0x200708f4        0x4 c:/matlab/supportpackages/r2015b/arduino-1.6.1/hardware/tools/gcc-arm-none-eabi-4.8.3-2014q1/bin/../lib/gcc/arm-none-eabi/4.8.3/../../../../arm-none-eabi/lib/armv7-m\libg.a(lib_a-mallocr.o)
                0x200708f4                __malloc_trim_threshold
 .data.__malloc_sbrk_base
                0x200708f8        0x4 c:/matlab/supportpackages/r2015b/arduino-1.6.1/hardware/tools/gcc-arm-none-eabi-4.8.3-2014q1/bin/../lib/gcc/arm-none-eabi/4.8.3/../../../../arm-none-eabi/lib/armv7-m\libg.a(lib_a-mallocr.o)
                0x200708f8                __malloc_sbrk_base
 .data.lc_ctype_charset
                0x200708fc       0x20 c:/matlab/supportpackages/r2015b/arduino-1.6.1/hardware/tools/gcc-arm-none-eabi-4.8.3-2014q1/bin/../lib/gcc/arm-none-eabi/4.8.3/../../../../arm-none-eabi/lib/armv7-m\libg.a(lib_a-locale.o)
 .data.__mb_cur_max
                0x2007091c        0x4 c:/matlab/supportpackages/r2015b/arduino-1.6.1/hardware/tools/gcc-arm-none-eabi-4.8.3-2014q1/bin/../lib/gcc/arm-none-eabi/4.8.3/../../../../arm-none-eabi/lib/armv7-m\libg.a(lib_a-locale.o)
                0x2007091c                __mb_cur_max
 .data.__wctomb
                0x20070920        0x4 c:/matlab/supportpackages/r2015b/arduino-1.6.1/hardware/tools/gcc-arm-none-eabi-4.8.3-2014q1/bin/../lib/gcc/arm-none-eabi/4.8.3/../../../../arm-none-eabi/lib/armv7-m\libg.a(lib_a-wctomb_r.o)
                0x20070920                __wctomb
                0x20070924                . = ALIGN (0x4)
                0x20070924                _erelocate = .

.bss            0x20070924      0xae4 load address 0x00087088
                0x20070924                . = ALIGN (0x4)
                0x20070924                _sbss = .
                0x20070924                _szero = .
 *(.bss .bss.*)
 .bss           0x20070924       0x1c c:/matlab/supportpackages/r2015b/arduino-1.6.1/hardware/tools/gcc-arm-none-eabi-4.8.3-2014q1/bin/../lib/gcc/arm-none-eabi/4.8.3/armv7-m/crtbegin.o
 .bss.gpf_isr   0x20070940        0x4 C:/MATLAB/SupportPackages/R2015b/arduino-1.6.1/hardware/arduino/sam/variants/arduino_due_x/libsam_sam3x8e_gcc_rel.a(uotghs.o)
                0x20070940                gpf_isr
 .bss.Signals2Send
                0x20070944        0x1 SerialTx_wrapper.o
                0x20070944                Signals2Send
 .bss.SignalAlarm
                0x20070945        0x1 data_struct_init_wrapper.o
                0x20070945                SignalAlarm
 .bss.SignalAlarmStudent
                0x20070946        0x1 data_struct_init_wrapper.o
                0x20070946                SignalAlarmStudent
 *fill*         0x20070947        0x1 
 .bss.heap.6416
                0x20070948        0x4 syscalls_sam3.o
 .bss.callbacksPioA
                0x2007094c       0x80 WInterrupts.o
 .bss.callbacksPioB
                0x200709cc       0x80 WInterrupts.o
 .bss.callbacksPioC
                0x20070a4c       0x80 WInterrupts.o
 .bss.callbacksPioD
                0x20070acc       0x80 WInterrupts.o
 .bss.enabled.9363
                0x20070b4c        0x4 WInterrupts.o
 .bss.pinEnabled
                0x20070b50       0x4f wiring_analog.o
 *fill*         0x20070b9f        0x1 
 .bss._ZL11INADDR_NONE
                0x20070ba0        0x8 IPAddress.o
 .bss.cdc_rx_buffer
                0x20070ba8      0x208 CDC.o
                0x20070ba8                cdc_rx_buffer
 .bss._ZZN7Serial_6acceptEvE5guard
                0x20070db0        0x4 CDC.o
 .bss.SerialUSB
                0x20070db4       0x14 CDC.o
                0x20070db4                SerialUSB
 .bss.Mouse     0x20070dc8        0x1 HID.o
                0x20070dc8                Mouse
 *fill*         0x20070dc9        0x3 
 .bss.Keyboard  0x20070dcc       0x10 HID.o
                0x20070dcc                Keyboard
 .bss._ZL14isEndpointHalt
                0x20070ddc        0x1 USBCore.o
 *fill*         0x20070ddd        0x3 
 .bss._cmark    0x20070de0        0x4 USBCore.o
                0x20070de0                _cmark
 .bss._cend     0x20070de4        0x4 USBCore.o
                0x20070de4                _cend
 .bss._cdcComposite
                0x20070de8        0x4 USBCore.o
                0x20070de8                _cdcComposite
 .bss._ZL21isRemoteWakeUpEnabled
                0x20070dec        0x1 USBCore.o
 *fill*         0x20070ded        0x3 
 .bss._usbInitialized
                0x20070df0        0x4 USBCore.o
                0x20070df0                _usbInitialized
 .bss.USBDevice
                0x20070df4        0x1 USBCore.o
                0x20070df4                USBDevice
 *fill*         0x20070df5        0x3 
 .bss._usbSetInterface
                0x20070df8        0x4 USBCore.o
                0x20070df8                _usbSetInterface
 .bss._usbConfiguration
                0x20070dfc        0x4 USBCore.o
                0x20070dfc                _usbConfiguration
 .bss.tx_buffer2
                0x20070e00       0x88 variant.o
                0x20070e00                tx_buffer2
 .bss.tx_buffer1
                0x20070e88       0x88 variant.o
                0x20070e88                tx_buffer1
 .bss.Serial    0x20070f10       0x24 variant.o
                0x20070f10                Serial
 .bss.rx_buffer1
                0x20070f34       0x88 variant.o
                0x20070f34                rx_buffer1
 .bss.Serial1   0x20070fbc       0x28 variant.o
                0x20070fbc                Serial1
 .bss.Serial2   0x20070fe4       0x28 variant.o
                0x20070fe4                Serial2
 .bss.Serial3   0x2007100c       0x28 variant.o
                0x2007100c                Serial3
 .bss.tx_buffer3
                0x20071034       0x88 variant.o
                0x20071034                tx_buffer3
 .bss.tx_buffer4
                0x200710bc       0x88 variant.o
                0x200710bc                tx_buffer4
 .bss.rx_buffer2
                0x20071144       0x88 variant.o
                0x20071144                rx_buffer2
 .bss.rx_buffer3
                0x200711cc       0x88 variant.o
                0x200711cc                rx_buffer3
 .bss.rx_buffer4
                0x20071254       0x88 variant.o
                0x20071254                rx_buffer4
 .bss.OverrunFlag
                0x200712dc        0x1 ert_main.o
 *fill*         0x200712dd        0x3 
 .bss.IsrOverrun
                0x200712e0        0x4 ert_main.o
                0x200712e0                IsrOverrun
 .bss._dwTickCount
                0x200712e4        0x4 C:/MATLAB/SupportPackages/R2015b/arduino-1.6.1/hardware/arduino/sam/variants/arduino_due_x/libsam_sam3x8e_gcc_rel.a(timetick.o)
 .bss.ul_recv_fifo_ptr
                0x200712e8       0x28 C:/MATLAB/SupportPackages/R2015b/arduino-1.6.1/hardware/arduino/sam/variants/arduino_due_x/libsam_sam3x8e_gcc_rel.a(uotghs_device.o)
 .bss.ul_send_fifo_ptr
                0x20071310       0x28 C:/MATLAB/SupportPackages/R2015b/arduino-1.6.1/hardware/arduino/sam/variants/arduino_due_x/libsam_sam3x8e_gcc_rel.a(uotghs_device.o)
 .bss.__malloc_max_total_mem
                0x20071338        0x4 c:/matlab/supportpackages/r2015b/arduino-1.6.1/hardware/tools/gcc-arm-none-eabi-4.8.3-2014q1/bin/../lib/gcc/arm-none-eabi/4.8.3/../../../../arm-none-eabi/lib/armv7-m\libg.a(lib_a-mallocr.o)
                0x20071338                __malloc_max_total_mem
 .bss.__malloc_max_sbrked_mem
                0x2007133c        0x4 c:/matlab/supportpackages/r2015b/arduino-1.6.1/hardware/tools/gcc-arm-none-eabi-4.8.3-2014q1/bin/../lib/gcc/arm-none-eabi/4.8.3/../../../../arm-none-eabi/lib/armv7-m\libg.a(lib_a-mallocr.o)
                0x2007133c                __malloc_max_sbrked_mem
 .bss.__malloc_top_pad
                0x20071340        0x4 c:/matlab/supportpackages/r2015b/arduino-1.6.1/hardware/tools/gcc-arm-none-eabi-4.8.3-2014q1/bin/../lib/gcc/arm-none-eabi/4.8.3/../../../../arm-none-eabi/lib/armv7-m\libg.a(lib_a-mallocr.o)
                0x20071340                __malloc_top_pad
 .bss.__malloc_current_mallinfo
                0x20071344       0x28 c:/matlab/supportpackages/r2015b/arduino-1.6.1/hardware/tools/gcc-arm-none-eabi-4.8.3-2014q1/bin/../lib/gcc/arm-none-eabi/4.8.3/../../../../arm-none-eabi/lib/armv7-m\libg.a(lib_a-mallocr.o)
                0x20071344                __malloc_current_mallinfo
 *(COMMON)
 *fill*         0x2007136c        0x4 
 COMMON         0x20071370       0x64 EncoderTest.o
                0x20071370                EncoderTest_M_
                0x20071378                EncoderTest_DW
                0x200713a8                EncoderTest_B
 COMMON         0x200713d4        0x2 signals_wrapper.o
                0x200713d4                Alarm
                0x200713d5                Switch1
 COMMON         0x200713d6        0x1 SerialTx_wrapper.o
                0x200713d6                alarm_tx
 *fill*         0x200713d7        0x1 
 COMMON         0x200713d8       0x2a data_struct_init_wrapper.o
                0x200713d8                drB_2
                0x200713d9                drA_3
                0x200713dc                Data2Send
                0x200713f8                drA_2
                0x200713f9                drB_1
                0x200713fa                drA_0
                0x200713fb                drA_1
                0x200713fc                drB_3
                0x200713fd                drB_0
                0x200713fe                Config
 *fill*         0x20071402        0x2 
 COMMON         0x20071404        0x4 c:/matlab/supportpackages/r2015b/arduino-1.6.1/hardware/tools/gcc-arm-none-eabi-4.8.3-2014q1/bin/../lib/gcc/arm-none-eabi/4.8.3/../../../../arm-none-eabi/lib/armv7-m\libg.a(lib_a-reent.o)
                0x20071404                errno
                0x20071408                . = ALIGN (0x4)
                0x20071408                _ebss = .
                0x20071408                _ezero = .
                0x20071408                . = ALIGN (0x4)
                0x20071408                _end = .

.stack_dummy    0x20071408        0x0
 *(.stack*)
                0x20088000                __StackTop = (ORIGIN (ram) + 0x18000)
                0x20088000                __StackLimit = (__StackTop - SIZEOF (.stack_dummy))
                0x20088000                PROVIDE (_sstack, __StackLimit)
                0x20088000                PROVIDE (_estack, __StackTop)
OUTPUT(../EncoderTest.elf elf32-littlearm)

.ARM.attributes
                0x00000000       0x29
 .ARM.attributes
                0x00000000       0x1d c:/matlab/supportpackages/r2015b/arduino-1.6.1/hardware/tools/gcc-arm-none-eabi-4.8.3-2014q1/bin/../lib/gcc/arm-none-eabi/4.8.3/armv7-m/crti.o
 .ARM.attributes
                0x0000001d       0x2d c:/matlab/supportpackages/r2015b/arduino-1.6.1/hardware/tools/gcc-arm-none-eabi-4.8.3-2014q1/bin/../lib/gcc/arm-none-eabi/4.8.3/armv7-m/crtbegin.o
 .ARM.attributes
                0x0000004a       0x31 C:/MATLAB/SupportPackages/R2015b/arduino-1.6.1/hardware/arduino/sam/variants/arduino_due_x/libsam_sam3x8e_gcc_rel.a(startup_sam3xa.o)
 .ARM.attributes
                0x0000007b       0x31 C:/MATLAB/SupportPackages/R2015b/arduino-1.6.1/hardware/arduino/sam/variants/arduino_due_x/libsam_sam3x8e_gcc_rel.a(uotghs.o)
 .ARM.attributes
                0x000000ac       0x33 EncoderTest.o
 .ARM.attributes
                0x000000df       0x33 EncoderTest_data.o
 .ARM.attributes
                0x00000112       0x33 signals_wrapper.o
 .ARM.attributes
                0x00000145       0x33 sfcn_encoder_wrapper.o
 .ARM.attributes
                0x00000178       0x33 SerialTx_wrapper.o
 .ARM.attributes
                0x000001ab       0x33 data_struct_init_wrapper.o
 .ARM.attributes
                0x000001de       0x33 cortex_handlers.o
 .ARM.attributes
                0x00000211       0x33 hooks.o
 .ARM.attributes
                0x00000244       0x33 syscalls_sam3.o
 .ARM.attributes
                0x00000277       0x33 WInterrupts.o
 .ARM.attributes
                0x000002aa       0x33 wiring_analog.o
 .ARM.attributes
                0x000002dd       0x33 wiring_digital.o
 .ARM.attributes
                0x00000310       0x33 IPAddress.o
 .ARM.attributes
                0x00000343       0x33 Print.o
 .ARM.attributes
                0x00000376       0x33 Reset.o
 .ARM.attributes
                0x000003a9       0x33 RingBuffer.o
 .ARM.attributes
                0x000003dc       0x33 UARTClass.o
 .ARM.attributes
                0x0000040f       0x33 USARTClass.o
 .ARM.attributes
                0x00000442       0x33 CDC.o
 .ARM.attributes
                0x00000475       0x33 HID.o
 .ARM.attributes
                0x000004a8       0x33 USBCore.o
 .ARM.attributes
                0x000004db       0x33 variant.o
 .ARM.attributes
                0x0000050e       0x33 MW_ArduinoHWInit.o
 .ARM.attributes
                0x00000541       0x33 io_wrappers.o
 .ARM.attributes
                0x00000574       0x33 arduinoARMScheduler.o
 .ARM.attributes
                0x000005a7       0x33 arm_cortex_m_multitasking.o
 .ARM.attributes
                0x000005da       0x33 ert_main.o
 .ARM.attributes
                0x0000060d       0x31 C:/MATLAB/SupportPackages/R2015b/arduino-1.6.1/hardware/arduino/sam/variants/arduino_due_x/libsam_sam3x8e_gcc_rel.a(pio.o)
 .ARM.attributes
                0x0000063e       0x31 C:/MATLAB/SupportPackages/R2015b/arduino-1.6.1/hardware/arduino/sam/variants/arduino_due_x/libsam_sam3x8e_gcc_rel.a(pmc.o)
 .ARM.attributes
                0x0000066f       0x31 C:/MATLAB/SupportPackages/R2015b/arduino-1.6.1/hardware/arduino/sam/variants/arduino_due_x/libsam_sam3x8e_gcc_rel.a(tc.o)
 .ARM.attributes
                0x000006a0       0x31 C:/MATLAB/SupportPackages/R2015b/arduino-1.6.1/hardware/arduino/sam/variants/arduino_due_x/libsam_sam3x8e_gcc_rel.a(timetick.o)
 .ARM.attributes
                0x000006d1       0x31 C:/MATLAB/SupportPackages/R2015b/arduino-1.6.1/hardware/arduino/sam/variants/arduino_due_x/libsam_sam3x8e_gcc_rel.a(wdt.o)
 .ARM.attributes
                0x00000702       0x31 C:/MATLAB/SupportPackages/R2015b/arduino-1.6.1/hardware/arduino/sam/variants/arduino_due_x/libsam_sam3x8e_gcc_rel.a(system_sam3xa.o)
 .ARM.attributes
                0x00000733       0x31 C:/MATLAB/SupportPackages/R2015b/arduino-1.6.1/hardware/arduino/sam/variants/arduino_due_x/libsam_sam3x8e_gcc_rel.a(adc.o)
 .ARM.attributes
                0x00000764       0x31 C:/MATLAB/SupportPackages/R2015b/arduino-1.6.1/hardware/arduino/sam/variants/arduino_due_x/libsam_sam3x8e_gcc_rel.a(interrupt_sam_nvic.o)
 .ARM.attributes
                0x00000795       0x31 C:/MATLAB/SupportPackages/R2015b/arduino-1.6.1/hardware/arduino/sam/variants/arduino_due_x/libsam_sam3x8e_gcc_rel.a(uotghs_device.o)
 .ARM.attributes
                0x000007c6       0x1d c:/matlab/supportpackages/r2015b/arduino-1.6.1/hardware/tools/gcc-arm-none-eabi-4.8.3-2014q1/bin/../lib/gcc/arm-none-eabi/4.8.3/armv7-m\libgcc.a(_arm_cmpdf2.o)
 .ARM.attributes
                0x000007e3       0x1d c:/matlab/supportpackages/r2015b/arduino-1.6.1/hardware/tools/gcc-arm-none-eabi-4.8.3-2014q1/bin/../lib/gcc/arm-none-eabi/4.8.3/armv7-m\libgcc.a(_arm_addsubsf3.o)
 .ARM.attributes
                0x00000800       0x2d c:/matlab/supportpackages/r2015b/arduino-1.6.1/hardware/tools/gcc-arm-none-eabi-4.8.3-2014q1/bin/../lib/gcc/arm-none-eabi/4.8.3/../../../../arm-none-eabi/lib/armv7-m\libg.a(lib_a-assert.o)
 .ARM.attributes
                0x0000082d       0x2d c:/matlab/supportpackages/r2015b/arduino-1.6.1/hardware/tools/gcc-arm-none-eabi-4.8.3-2014q1/bin/../lib/gcc/arm-none-eabi/4.8.3/../../../../arm-none-eabi/lib/armv7-m\libg.a(lib_a-fiprintf.o)
 .ARM.attributes
                0x0000085a       0x2d c:/matlab/supportpackages/r2015b/arduino-1.6.1/hardware/tools/gcc-arm-none-eabi-4.8.3-2014q1/bin/../lib/gcc/arm-none-eabi/4.8.3/../../../../arm-none-eabi/lib/armv7-m\libg.a(lib_a-impure.o)
 .ARM.attributes
                0x00000887       0x2d c:/matlab/supportpackages/r2015b/arduino-1.6.1/hardware/tools/gcc-arm-none-eabi-4.8.3-2014q1/bin/../lib/gcc/arm-none-eabi/4.8.3/../../../../arm-none-eabi/lib/armv7-m\libg.a(lib_a-init.o)
 .ARM.attributes
                0x000008b4       0x2d c:/matlab/supportpackages/r2015b/arduino-1.6.1/hardware/tools/gcc-arm-none-eabi-4.8.3-2014q1/bin/../lib/gcc/arm-none-eabi/4.8.3/../../../../arm-none-eabi/lib/armv7-m\libg.a(lib_a-iprintf.o)
 .ARM.attributes
                0x000008e1       0x2d c:/matlab/supportpackages/r2015b/arduino-1.6.1/hardware/tools/gcc-arm-none-eabi-4.8.3-2014q1/bin/../lib/gcc/arm-none-eabi/4.8.3/../../../../arm-none-eabi/lib/armv7-m\libg.a(lib_a-malloc.o)
 .ARM.attributes
                0x0000090e       0x2d c:/matlab/supportpackages/r2015b/arduino-1.6.1/hardware/tools/gcc-arm-none-eabi-4.8.3-2014q1/bin/../lib/gcc/arm-none-eabi/4.8.3/../../../../arm-none-eabi/lib/armv7-m\libg.a(lib_a-mallocr.o)
 .ARM.attributes
                0x0000093b       0x1b c:/matlab/supportpackages/r2015b/arduino-1.6.1/hardware/tools/gcc-arm-none-eabi-4.8.3-2014q1/bin/../lib/gcc/arm-none-eabi/4.8.3/../../../../arm-none-eabi/lib/armv7-m\libg.a(lib_a-memcpy.o)
 .ARM.attributes
                0x00000956       0x2d c:/matlab/supportpackages/r2015b/arduino-1.6.1/hardware/tools/gcc-arm-none-eabi-4.8.3-2014q1/bin/../lib/gcc/arm-none-eabi/4.8.3/../../../../arm-none-eabi/lib/armv7-m\libg.a(lib_a-memmove.o)
 .ARM.attributes
                0x00000983       0x2d c:/matlab/supportpackages/r2015b/arduino-1.6.1/hardware/tools/gcc-arm-none-eabi-4.8.3-2014q1/bin/../lib/gcc/arm-none-eabi/4.8.3/../../../../arm-none-eabi/lib/armv7-m\libg.a(lib_a-memset.o)
 .ARM.attributes
                0x000009b0       0x2d c:/matlab/supportpackages/r2015b/arduino-1.6.1/hardware/tools/gcc-arm-none-eabi-4.8.3-2014q1/bin/../lib/gcc/arm-none-eabi/4.8.3/../../../../arm-none-eabi/lib/armv7-m\libg.a(lib_a-mlock.o)
 .ARM.attributes
                0x000009dd       0x2d c:/matlab/supportpackages/r2015b/arduino-1.6.1/hardware/tools/gcc-arm-none-eabi-4.8.3-2014q1/bin/../lib/gcc/arm-none-eabi/4.8.3/../../../../arm-none-eabi/lib/armv7-m\libg.a(lib_a-reallocr.o)
 .ARM.attributes
                0x00000a0a       0x2d c:/matlab/supportpackages/r2015b/arduino-1.6.1/hardware/tools/gcc-arm-none-eabi-4.8.3-2014q1/bin/../lib/gcc/arm-none-eabi/4.8.3/../../../../arm-none-eabi/lib/armv7-m\libg.a(lib_a-sbrkr.o)
 .ARM.attributes
                0x00000a37       0x2d c:/matlab/supportpackages/r2015b/arduino-1.6.1/hardware/tools/gcc-arm-none-eabi-4.8.3-2014q1/bin/../lib/gcc/arm-none-eabi/4.8.3/../../../../arm-none-eabi/lib/armv7-m\libg.a(lib_a-strlen.o)
 .ARM.attributes
                0x00000a64       0x2d c:/matlab/supportpackages/r2015b/arduino-1.6.1/hardware/tools/gcc-arm-none-eabi-4.8.3-2014q1/bin/../lib/gcc/arm-none-eabi/4.8.3/../../../../arm-none-eabi/lib/armv7-m\libg.a(lib_a-vfiprintf.o)
 .ARM.attributes
                0x00000a91       0x2d c:/matlab/supportpackages/r2015b/arduino-1.6.1/hardware/tools/gcc-arm-none-eabi-4.8.3-2014q1/bin/../lib/gcc/arm-none-eabi/4.8.3/../../../../arm-none-eabi/lib/armv7-m\libg.a(lib_a-wsetup.o)
 .ARM.attributes
                0x00000abe       0x2d c:/matlab/supportpackages/r2015b/arduino-1.6.1/hardware/tools/gcc-arm-none-eabi-4.8.3-2014q1/bin/../lib/gcc/arm-none-eabi/4.8.3/../../../../arm-none-eabi/lib/armv7-m\libg.a(lib_a-__call_atexit.o)
 .ARM.attributes
                0x00000aeb       0x2d c:/matlab/supportpackages/r2015b/arduino-1.6.1/hardware/tools/gcc-arm-none-eabi-4.8.3-2014q1/bin/../lib/gcc/arm-none-eabi/4.8.3/../../../../arm-none-eabi/lib/armv7-m\libg.a(lib_a-abort.o)
 .ARM.attributes
                0x00000b18       0x2d c:/matlab/supportpackages/r2015b/arduino-1.6.1/hardware/tools/gcc-arm-none-eabi-4.8.3-2014q1/bin/../lib/gcc/arm-none-eabi/4.8.3/../../../../arm-none-eabi/lib/armv7-m\libg.a(lib_a-atexit.o)
 .ARM.attributes
                0x00000b45       0x2d c:/matlab/supportpackages/r2015b/arduino-1.6.1/hardware/tools/gcc-arm-none-eabi-4.8.3-2014q1/bin/../lib/gcc/arm-none-eabi/4.8.3/../../../../arm-none-eabi/lib/armv7-m\libg.a(lib_a-fflush.o)
 .ARM.attributes
                0x00000b72       0x2d c:/matlab/supportpackages/r2015b/arduino-1.6.1/hardware/tools/gcc-arm-none-eabi-4.8.3-2014q1/bin/../lib/gcc/arm-none-eabi/4.8.3/../../../../arm-none-eabi/lib/armv7-m\libg.a(lib_a-findfp.o)
 .ARM.attributes
                0x00000b9f       0x2d c:/matlab/supportpackages/r2015b/arduino-1.6.1/hardware/tools/gcc-arm-none-eabi-4.8.3-2014q1/bin/../lib/gcc/arm-none-eabi/4.8.3/../../../../arm-none-eabi/lib/armv7-m\libg.a(lib_a-fini.o)
 .ARM.attributes
                0x00000bcc       0x2d c:/matlab/supportpackages/r2015b/arduino-1.6.1/hardware/tools/gcc-arm-none-eabi-4.8.3-2014q1/bin/../lib/gcc/arm-none-eabi/4.8.3/../../../../arm-none-eabi/lib/armv7-m\libg.a(lib_a-fputwc.o)
 .ARM.attributes
                0x00000bf9       0x2d c:/matlab/supportpackages/r2015b/arduino-1.6.1/hardware/tools/gcc-arm-none-eabi-4.8.3-2014q1/bin/../lib/gcc/arm-none-eabi/4.8.3/../../../../arm-none-eabi/lib/armv7-m\libg.a(lib_a-freer.o)
 .ARM.attributes
                0x00000c26       0x2d c:/matlab/supportpackages/r2015b/arduino-1.6.1/hardware/tools/gcc-arm-none-eabi-4.8.3-2014q1/bin/../lib/gcc/arm-none-eabi/4.8.3/../../../../arm-none-eabi/lib/armv7-m\libg.a(lib_a-fvwrite.o)
 .ARM.attributes
                0x00000c53       0x2d c:/matlab/supportpackages/r2015b/arduino-1.6.1/hardware/tools/gcc-arm-none-eabi-4.8.3-2014q1/bin/../lib/gcc/arm-none-eabi/4.8.3/../../../../arm-none-eabi/lib/armv7-m\libg.a(lib_a-fwalk.o)
 .ARM.attributes
                0x00000c80       0x2d c:/matlab/supportpackages/r2015b/arduino-1.6.1/hardware/tools/gcc-arm-none-eabi-4.8.3-2014q1/bin/../lib/gcc/arm-none-eabi/4.8.3/../../../../arm-none-eabi/lib/armv7-m\libg.a(lib_a-locale.o)
 .ARM.attributes
                0x00000cad       0x2d c:/matlab/supportpackages/r2015b/arduino-1.6.1/hardware/tools/gcc-arm-none-eabi-4.8.3-2014q1/bin/../lib/gcc/arm-none-eabi/4.8.3/../../../../arm-none-eabi/lib/armv7-m\libg.a(lib_a-makebuf.o)
 .ARM.attributes
                0x00000cda       0x2d c:/matlab/supportpackages/r2015b/arduino-1.6.1/hardware/tools/gcc-arm-none-eabi-4.8.3-2014q1/bin/../lib/gcc/arm-none-eabi/4.8.3/../../../../arm-none-eabi/lib/armv7-m\libg.a(lib_a-memchr-stub.o)
 .ARM.attributes
                0x00000d07       0x2d c:/matlab/supportpackages/r2015b/arduino-1.6.1/hardware/tools/gcc-arm-none-eabi-4.8.3-2014q1/bin/../lib/gcc/arm-none-eabi/4.8.3/../../../../arm-none-eabi/lib/armv7-m\libg.a(lib_a-reent.o)
 .ARM.attributes
                0x00000d34       0x2d c:/matlab/supportpackages/r2015b/arduino-1.6.1/hardware/tools/gcc-arm-none-eabi-4.8.3-2014q1/bin/../lib/gcc/arm-none-eabi/4.8.3/../../../../arm-none-eabi/lib/armv7-m\libg.a(lib_a-signal.o)
 .ARM.attributes
                0x00000d61       0x2d c:/matlab/supportpackages/r2015b/arduino-1.6.1/hardware/tools/gcc-arm-none-eabi-4.8.3-2014q1/bin/../lib/gcc/arm-none-eabi/4.8.3/../../../../arm-none-eabi/lib/armv7-m\libg.a(lib_a-signalr.o)
 .ARM.attributes
                0x00000d8e       0x2d c:/matlab/supportpackages/r2015b/arduino-1.6.1/hardware/tools/gcc-arm-none-eabi-4.8.3-2014q1/bin/../lib/gcc/arm-none-eabi/4.8.3/../../../../arm-none-eabi/lib/armv7-m\libg.a(lib_a-stdio.o)
 .ARM.attributes
                0x00000dbb       0x2d c:/matlab/supportpackages/r2015b/arduino-1.6.1/hardware/tools/gcc-arm-none-eabi-4.8.3-2014q1/bin/../lib/gcc/arm-none-eabi/4.8.3/../../../../arm-none-eabi/lib/armv7-m\libg.a(lib_a-wbuf.o)
 .ARM.attributes
                0x00000de8       0x2d c:/matlab/supportpackages/r2015b/arduino-1.6.1/hardware/tools/gcc-arm-none-eabi-4.8.3-2014q1/bin/../lib/gcc/arm-none-eabi/4.8.3/../../../../arm-none-eabi/lib/armv7-m\libg.a(lib_a-wcrtomb.o)
 .ARM.attributes
                0x00000e15       0x2d c:/matlab/supportpackages/r2015b/arduino-1.6.1/hardware/tools/gcc-arm-none-eabi-4.8.3-2014q1/bin/../lib/gcc/arm-none-eabi/4.8.3/../../../../arm-none-eabi/lib/armv7-m\libg.a(lib_a-wctomb_r.o)
 .ARM.attributes
                0x00000e42       0x2d c:/matlab/supportpackages/r2015b/arduino-1.6.1/hardware/tools/gcc-arm-none-eabi-4.8.3-2014q1/bin/../lib/gcc/arm-none-eabi/4.8.3/../../../../arm-none-eabi/lib/armv7-m\libg.a(lib_a-writer.o)
 .ARM.attributes
                0x00000e6f       0x2d c:/matlab/supportpackages/r2015b/arduino-1.6.1/hardware/tools/gcc-arm-none-eabi-4.8.3-2014q1/bin/../lib/gcc/arm-none-eabi/4.8.3/../../../../arm-none-eabi/lib/armv7-m\libg.a(lib_a-__atexit.o)
 .ARM.attributes
                0x00000e9c       0x2d c:/matlab/supportpackages/r2015b/arduino-1.6.1/hardware/tools/gcc-arm-none-eabi-4.8.3-2014q1/bin/../lib/gcc/arm-none-eabi/4.8.3/../../../../arm-none-eabi/lib/armv7-m\libg.a(lib_a-closer.o)
 .ARM.attributes
                0x00000ec9       0x2d c:/matlab/supportpackages/r2015b/arduino-1.6.1/hardware/tools/gcc-arm-none-eabi-4.8.3-2014q1/bin/../lib/gcc/arm-none-eabi/4.8.3/../../../../arm-none-eabi/lib/armv7-m\libg.a(lib_a-fclose.o)
 .ARM.attributes
                0x00000ef6       0x2d c:/matlab/supportpackages/r2015b/arduino-1.6.1/hardware/tools/gcc-arm-none-eabi-4.8.3-2014q1/bin/../lib/gcc/arm-none-eabi/4.8.3/../../../../arm-none-eabi/lib/armv7-m\libg.a(lib_a-fstatr.o)
 .ARM.attributes
                0x00000f23       0x2d c:/matlab/supportpackages/r2015b/arduino-1.6.1/hardware/tools/gcc-arm-none-eabi-4.8.3-2014q1/bin/../lib/gcc/arm-none-eabi/4.8.3/../../../../arm-none-eabi/lib/armv7-m\libg.a(lib_a-isattyr.o)
 .ARM.attributes
                0x00000f50       0x2d c:/matlab/supportpackages/r2015b/arduino-1.6.1/hardware/tools/gcc-arm-none-eabi-4.8.3-2014q1/bin/../lib/gcc/arm-none-eabi/4.8.3/../../../../arm-none-eabi/lib/armv7-m\libg.a(lib_a-lseekr.o)
 .ARM.attributes
                0x00000f7d       0x2d c:/matlab/supportpackages/r2015b/arduino-1.6.1/hardware/tools/gcc-arm-none-eabi-4.8.3-2014q1/bin/../lib/gcc/arm-none-eabi/4.8.3/../../../../arm-none-eabi/lib/armv7-m\libg.a(lib_a-readr.o)
 .ARM.attributes
                0x00000faa       0x1d c:/matlab/supportpackages/r2015b/arduino-1.6.1/hardware/tools/gcc-arm-none-eabi-4.8.3-2014q1/bin/../lib/gcc/arm-none-eabi/4.8.3/armv7-m\libgcc.a(_aeabi_uldivmod.o)
 .ARM.attributes
                0x00000fc7       0x2d c:/matlab/supportpackages/r2015b/arduino-1.6.1/hardware/tools/gcc-arm-none-eabi-4.8.3-2014q1/bin/../lib/gcc/arm-none-eabi/4.8.3/armv7-m\libgcc.a(bpabi.o)
 .ARM.attributes
                0x00000ff4       0x1d c:/matlab/supportpackages/r2015b/arduino-1.6.1/hardware/tools/gcc-arm-none-eabi-4.8.3-2014q1/bin/../lib/gcc/arm-none-eabi/4.8.3/armv7-m\libgcc.a(_dvmd_tls.o)
 .ARM.attributes
                0x00001011       0x2d c:/matlab/supportpackages/r2015b/arduino-1.6.1/hardware/tools/gcc-arm-none-eabi-4.8.3-2014q1/bin/../lib/gcc/arm-none-eabi/4.8.3/armv7-m\libgcc.a(_divdi3.o)
 .ARM.attributes
                0x0000103e       0x2d c:/matlab/supportpackages/r2015b/arduino-1.6.1/hardware/tools/gcc-arm-none-eabi-4.8.3-2014q1/bin/../lib/gcc/arm-none-eabi/4.8.3/armv7-m\libgcc.a(_udivdi3.o)
 .ARM.attributes
                0x0000106b       0x1d c:/matlab/supportpackages/r2015b/arduino-1.6.1/hardware/tools/gcc-arm-none-eabi-4.8.3-2014q1/bin/../lib/gcc/arm-none-eabi/4.8.3/armv7-m/crtn.o

.comment        0x00000000       0x9a
 .comment       0x00000000       0x2a C:/MATLAB/SupportPackages/R2015b/arduino-1.6.1/hardware/arduino/sam/variants/arduino_due_x/libsam_sam3x8e_gcc_rel.a(startup_sam3xa.o)
                                 0x2b (size before relaxing)
 .comment       0x00000000       0x2b C:/MATLAB/SupportPackages/R2015b/arduino-1.6.1/hardware/arduino/sam/variants/arduino_due_x/libsam_sam3x8e_gcc_rel.a(uotghs.o)
 .comment       0x0000002a       0x70 EncoderTest.o
                                 0x71 (size before relaxing)
 .comment       0x00000000       0x71 EncoderTest_data.o
 .comment       0x00000000       0x71 signals_wrapper.o
 .comment       0x00000000       0x71 sfcn_encoder_wrapper.o
 .comment       0x00000000       0x71 SerialTx_wrapper.o
 .comment       0x00000000       0x71 data_struct_init_wrapper.o